price_optimization/HABdata_2019_2022.csv
region,date,type,price,units_sold
Great_Lakes,1/7/19 0:00,Conventional,1.10674295,3812441.96
Great_Lakes,1/13/19 0:00,Conventional,1.063456872,3843318.68
Great_Lakes,1/20/19 0:00,Conventional,1.049930908,4587957.69
Great_Lakes,1/27/19 0:00,Conventional,1.279025898,3097349.09
Great_Lakes,2/3/19 0:00,Conventional,0.858456943,5594759.8
Great_Lakes,2/10/19 0:00,Conventional,0.960754137,3828693.8
Great_Lakes,2/17/19 0:00,Conventional,1.038228389,3646682.02
Great_Lakes,2/24/19 0:00,Conventional,1.175716419,3402250.38
Great_Lakes,3/3/19 0:00,Conventional,1.072860937,3698114.45
Great_Lakes,3/10/19 0:00,Conventional,1.072176512,3794092.29
Great_Lakes,3/17/19 0:00,Conventional,1.052867666,4184428.89
Great_Lakes,3/24/19 0:00,Conventional,1.046159663,3752926.18
Great_Lakes,3/31/19 0:00,Conventional,1.079556202,3569524.52
Great_Lakes,4/7/19 0:00,Conventional,1.053538133,4281559.61
Great_Lakes,4/14/19 0:00,Conventional,1.142013027,3777622.55
Great_Lakes,4/21/19 0:00,Conventional,1.320101815,3390019.1
Great_Lakes,4/28/19 0:00,Conventional,1.530612298,2728677.59
Great_Lakes,5/5/19 0:00,Conventional,1.28763042,4113530.04
Great_Lakes,5/12/19 0:00,Conventional,1.320300602,3655493.98
Great_Lakes,5/19/19 0:00,Conventional,1.448138461,3124227.28
Great_Lakes,5/26/19 0:00,Conventional,1.457565095,3396975.92
Great_Lakes,6/2/19 0:00,Conventional,1.237181057,4150543.78
Great_Lakes,6/9/19 0:00,Conventional,1.248544619,3620045.7
Great_Lakes,6/16/19 0:00,Conventional,1.445236844,3108111.94
Great_Lakes,6/23/19 0:00,Conventional,1.513517717,2909903.98
Great_Lakes,6/30/19 0:00,Conventional,1.557819845,3128534.33
Great_Lakes,7/7/19 0:00,Conventional,1.613617411,3401015.98
Great_Lakes,7/14/19 0:00,Conventional,1.661392807,2825367.19
Great_Lakes,7/21/19 0:00,Conventional,1.722445619,2759323.12
Great_Lakes,7/28/19 0:00,Conventional,1.688141727,2770295.22
Great_Lakes,8/4/19 0:00,Conventional,1.630533913,2682324.56
Great_Lakes,8/11/19 0:00,Conventional,1.542050017,2949323.25
Great_Lakes,8/18/19 0:00,Conventional,1.363272148,3145647.37
Great_Lakes,8/25/19 0:00,Conventional,1.364289095,3135397.85
Great_Lakes,9/1/19 0:00,Conventional,1.277477032,3260835.07
Great_Lakes,9/8/19 0:00,Conventional,1.168742462,3727737.46
Great_Lakes,9/15/19 0:00,Conventional,1.27911973,2983077.57
Great_Lakes,9/22/19 0:00,Conventional,1.291073286,3034325.72
Great_Lakes,9/29/19 0:00,Conventional,1.174921107,3555280.07
Great_Lakes,10/6/19 0:00,Conventional,1.27679348,3208792.36
Great_Lakes,10/13/19 0:00,Conventional,1.283752542,2675942.16
Great_Lakes,10/20/19 0:00,Conventional,1.262979141,2944931.28
Great_Lakes,10/27/19 0:00,Conventional,1.08371227,3325034.02
Great_Lakes,11/3/19 0:00,Conventional,1.154331926,2922729.77
Great_Lakes,11/10/19 0:00,Conventional,1.025043736,3529268.72
Great_Lakes,11/17/19 0:00,Conventional,1.174858361,2830112.36
Great_Lakes,11/24/19 0:00,Conventional,1.213280979,2617245.62
Great_Lakes,12/1/19 0:00,Conventional,1.164944403,2486139.65
Great_Lakes,12/8/19 0:00,Conventional,0.94337933,3805574.18
Great_Lakes,12/15/19 0:00,Conventional,1.167353768,2703733.69
Great_Lakes,12/22/19 0:00,Conventional,1.122054773,2907104.63
Great_Lakes,12/29/19 0:00,Conventional,0.966000733,3230383.93
Great_Lakes,1/6/20 0:00,Conventional,0.964466503,3908582.84
Great_Lakes,1/12/20 0:00,Conventional,1.034143541,3903810.13
Great_Lakes,1/19/20 0:00,Conventional,0.993685133,4270934.23
Great_Lakes,1/26/20 0:00,Conventional,1.092170319,3649629.27
Great_Lakes,2/2/20 0:00,Conventional,0.798124154,5729623.3
Great_Lakes,2/9/20 0:00,Conventional,0.970189315,3947839.35
Great_Lakes,2/16/20 0:00,Conventional,1.152901847,3214145.27
Great_Lakes,2/23/20 0:00,Conventional,1.113273551,3847029.75
Great_Lakes,3/1/20 0:00,Conventional,1.155571134,3597034.49
Great_Lakes,3/8/20 0:00,Conventional,1.167478152,3843503.36
Great_Lakes,3/15/20 0:00,Conventional,1.357595838,4084779.63
Great_Lakes,3/22/20 0:00,Conventional,1.288235117,4185317.47
Great_Lakes,3/29/20 0:00,Conventional,1.152227104,3942914.25
Great_Lakes,4/5/20 0:00,Conventional,1.17228104,4177311.38
Great_Lakes,4/12/20 0:00,Conventional,1.331498603,3965850.67
Great_Lakes,4/19/20 0:00,Conventional,1.348308991,3864124.69
Great_Lakes,4/26/20 0:00,Conventional,1.354150338,4237052.27
Great_Lakes,5/3/20 0:00,Conventional,1.060083977,5562356.95
Great_Lakes,5/10/20 0:00,Conventional,1.159564689,5229536.96
Great_Lakes,5/17/20 0:00,Conventional,1.30043166,4290058.52
Great_Lakes,5/24/20 0:00,Conventional,1.226240494,4853867.45
Great_Lakes,5/31/20 0:00,Conventional,1.12695483,5041721.59
Great_Lakes,6/7/20 0:00,Conventional,1.101860126,4976372.53
Great_Lakes,6/14/20 0:00,Conventional,1.21928734,4241648.3
Great_Lakes,6/21/20 0:00,Conventional,1.221863768,4251696.37
Great_Lakes,6/28/20 0:00,Conventional,0.961632286,5329835.83
Great_Lakes,7/5/20 0:00,Conventional,1.101484288,4773384.16
Great_Lakes,7/12/20 0:00,Conventional,1.103407273,4167420.67
Great_Lakes,7/19/20 0:00,Conventional,1.01709061,4944125.91
Great_Lakes,7/26/20 0:00,Conventional,0.967716343,4859798.03
Great_Lakes,8/2/20 0:00,Conventional,0.993718919,4541276.95
Great_Lakes,8/9/20 0:00,Conventional,1.04713989,4098713.9
Great_Lakes,8/16/20 0:00,Conventional,0.922898656,4526211.93
Great_Lakes,8/23/20 0:00,Conventional,0.934394354,4483126.77
Great_Lakes,8/30/20 0:00,Conventional,0.988936034,4168205.88
Great_Lakes,9/6/20 0:00,Conventional,1.07030399,3913646.37
Great_Lakes,9/13/20 0:00,Conventional,1.034858738,3899449.84
Great_Lakes,9/20/20 0:00,Conventional,0.933623527,4112019.29
Great_Lakes,9/27/20 0:00,Conventional,1.091391286,3539674.25
Great_Lakes,10/4/20 0:00,Conventional,1.022737667,3838179.8
Great_Lakes,10/11/20 0:00,Conventional,1.041664113,3811580.51
Great_Lakes,10/18/20 0:00,Conventional,1.070860269,3669730.49
Great_Lakes,10/25/20 0:00,Conventional,0.989886714,3986590.52
Great_Lakes,11/1/20 0:00,Conventional,0.934114572,4259467.76
Great_Lakes,11/8/20 0:00,Conventional,1.013962215,3655506.92
Great_Lakes,11/15/20 0:00,Conventional,1.045305319,3773600.41
Great_Lakes,11/22/20 0:00,Conventional,0.998558109,3523213.05
Great_Lakes,11/29/20 0:00,Conventional,0.947051723,3106347.92
Great_Lakes,12/6/20 0:00,Conventional,0.962735001,3779814.93
Great_Lakes,12/13/20 0:00,Conventional,0.937762175,3925843.85
Great_Lakes,12/20/20 0:00,Conventional,0.920920925,3718806.9
Great_Lakes,12/27/20 0:00,Conventional,0.959250377,3278256.56
Great_Lakes,1/4/21 0:00,Conventional,0.863859431,4767200.53
Great_Lakes,1/10/21 0:00,Conventional,0.998266563,4285299.61
Great_Lakes,1/17/21 0:00,Conventional,0.940249749,5124476.6
Great_Lakes,1/24/21 0:00,Conventional,0.927500663,4910477.29
Great_Lakes,1/31/21 0:00,Conventional,1.066378557,4078760.76
Great_Lakes,2/7/21 0:00,Conventional,0.795778642,5534257.18
Great_Lakes,2/14/21 0:00,Conventional,0.93675792,3994364.42
Great_Lakes,2/21/21 0:00,Conventional,1.013468202,4056889.29
Great_Lakes,2/28/21 0:00,Conventional,0.831189026,4981711.21
Great_Lakes,3/7/21 0:00,Conventional,0.952201269,4599545.35
Great_Lakes,3/14/21 0:00,Conventional,1.003684082,4254442.37
Great_Lakes,3/21/21 0:00,Conventional,1.074392674,4053700
Great_Lakes,3/28/21 0:00,Conventional,1.177818988,3948736.95
Great_Lakes,4/4/21 0:00,Conventional,1.278066693,3880915.1
Great_Lakes,4/11/21 0:00,Conventional,1.270459274,3528735.24
Great_Lakes,4/18/21 0:00,Conventional,1.262672212,3823999.24
Great_Lakes,4/25/21 0:00,Conventional,1.128825004,4256479.3
Great_Lakes,5/2/21 0:00,Conventional,1.060005807,4856414.1
Great_Lakes,5/9/21 0:00,Conventional,1.078343324,4504114.73
Great_Lakes,5/16/21 0:00,Conventional,1.124557051,4032665.23
Great_Lakes,5/23/21 0:00,Conventional,1.082200104,4284126.73
Great_Lakes,5/30/21 0:00,Conventional,1.245710322,3919605.53
Great_Lakes,6/6/21 0:00,Conventional,1.132014681,4096487.31
Great_Lakes,6/13/21 0:00,Conventional,1.170113026,4020492.73
Great_Lakes,6/20/21 0:00,Conventional,1.161668511,4393130.99
Great_Lakes,6/27/21 0:00,Conventional,1.210094146,3657826.35
Great_Lakes,7/4/21 0:00,Conventional,1.184716906,4176666.73
Great_Lakes,7/11/21 0:00,Conventional,1.132922194,3761638.2
Great_Lakes,7/18/21 0:00,Conventional,0.974761155,4679164.36
Great_Lakes,7/25/21 0:00,Conventional,1.042659777,4121562.86
Great_Lakes,8/1/21 0:00,Conventional,1.161587504,3480808.06
Great_Lakes,8/8/21 0:00,Conventional,1.165899451,3564039.44
Great_Lakes,8/15/21 0:00,Conventional,1.049757509,4036107.86
Great_Lakes,8/22/21 0:00,Conventional,1.110083942,3687235.16
Great_Lakes,8/29/21 0:00,Conventional,1.183639248,3480916.55
Great_Lakes,9/5/21 0:00,Conventional,1.131019553,3742690.13
Great_Lakes,9/12/21 0:00,Conventional,1.094684423,3615640.41
Great_Lakes,9/19/21 0:00,Conventional,1.136051824,3502369.95
Great_Lakes,9/26/21 0:00,Conventional,1.216406407,3183910.5
Great_Lakes,10/3/21 0:00,Conventional,1.105501151,3683586.14
Great_Lakes,10/10/21 0:00,Conventional,1.202356986,3369119.16
Great_Lakes,10/17/21 0:00,Conventional,1.175524195,3472236.38
Great_Lakes,10/24/21 0:00,Conventional,1.215459098,3337709.48
Great_Lakes,10/31/21 0:00,Conventional,1.077823218,3703431.5
Great_Lakes,11/7/21 0:00,Conventional,1.150453477,3335437.85
Great_Lakes,11/14/21 0:00,Conventional,1.046645841,3878394.04
Great_Lakes,11/21/21 0:00,Conventional,1.163804527,3095468.3
Great_Lakes,11/28/21 0:00,Conventional,1.064335197,3030195.46
Great_Lakes,1/3/22 0:00,Conventional,0.940627899,4903981.56
Great_Lakes,1/9/22 0:00,Conventional,1.079471904,4211116.2
Great_Lakes,1/16/22 0:00,Conventional,1.133069484,4222604.01
Great_Lakes,1/23/22 0:00,Conventional,1.205796938,3972117.03
Great_Lakes,1/30/22 0:00,Conventional,1.083074346,4578795.46
Great_Lakes,2/6/22 0:00,Conventional,1.181169375,4174432.06
Great_Lakes,2/13/22 0:00,Conventional,1.171541825,5958123.19
Great_Lakes,2/20/22 0:00,Conventional,1.246402122,4006188.79
Great_Lakes,2/27/22 0:00,Conventional,1.300882202,3990377.03
Great_Lakes,3/6/22 0:00,Conventional,1.370028459,3724685.98
Great_Lakes,3/13/22 0:00,Conventional,1.313802121,3935453.23
Great_Lakes,3/20/22 0:00,Conventional,1.340040837,3760310.11
Great_Lakes,3/27/22 0:00,Conventional,1.453277312,3606213.25
Great_Lakes,4/3/22 0:00,Conventional,1.300191817,4160554.2
Great_Lakes,4/10/22 0:00,Conventional,1.351861906,4447412.45
Great_Lakes,4/17/22 0:00,Conventional,1.474616663,3967244.05
Great_Lakes,4/24/22 0:00,Conventional,1.448218508,3529794
Great_Lakes,5/1/22 0:00,Conventional,1.317115889,4463753
Great_Lakes,5/8/22 0:00,Conventional,1.309870712,4668944
Great_Lakes,5/15/22 0:00,Conventional,1.557275969,3397891
