price_optimization/HABdata_2019_2022.csv
region,date,type,price,units_sold
Great_Lakes,1/7/19 0:00,Organic,1.371279584,275987.52
Great_Lakes,1/13/19 0:00,Organic,1.493383598,244991.95
Great_Lakes,1/20/19 0:00,Organic,1.60431879,211210.69
Great_Lakes,1/27/19 0:00,Organic,1.632288509,192500.06
Great_Lakes,2/3/19 0:00,Organic,1.409416979,227781.94
Great_Lakes,2/10/19 0:00,Organic,1.444239868,201839.72
Great_Lakes,2/17/19 0:00,Organic,1.588478773,176243.78
Great_Lakes,2/24/19 0:00,Organic,1.604281817,189672.47
Great_Lakes,3/3/19 0:00,Organic,1.552314128,196835.6
Great_Lakes,3/10/19 0:00,Organic,1.510135862,188699.95
Great_Lakes,3/17/19 0:00,Organic,1.560711225,171640.83
Great_Lakes,3/24/19 0:00,Organic,1.505214368,169280.88
Great_Lakes,3/31/19 0:00,Organic,1.556380998,146729.66
Great_Lakes,4/7/19 0:00,Organic,1.711212375,152663.62
Great_Lakes,4/14/19 0:00,Organic,1.634525084,170393.45
Great_Lakes,4/21/19 0:00,Organic,1.875775307,152729.11
Great_Lakes,4/28/19 0:00,Organic,2.153399988,130083.37
Great_Lakes,5/5/19 0:00,Organic,2.172696636,133526.27
Great_Lakes,5/12/19 0:00,Organic,2.124843905,140272.18
Great_Lakes,5/19/19 0:00,Organic,2.106295759,157583.71
Great_Lakes,5/26/19 0:00,Organic,2.085636412,155435.98
Great_Lakes,6/2/19 0:00,Organic,1.978228171,138581.91
Great_Lakes,6/9/19 0:00,Organic,1.955524071,133915.28
Great_Lakes,6/16/19 0:00,Organic,2.085056482,150022.33
Great_Lakes,6/23/19 0:00,Organic,2.11115192,131553.11
Great_Lakes,6/30/19 0:00,Organic,2.338449752,111895.83
Great_Lakes,7/7/19 0:00,Organic,2.399920863,117989.7
Great_Lakes,7/14/19 0:00,Organic,2.271673816,122442.18
Great_Lakes,7/21/19 0:00,Organic,2.343861172,122041.88
Great_Lakes,7/28/19 0:00,Organic,2.338974209,120043.86
Great_Lakes,8/4/19 0:00,Organic,2.363984248,121103.13
Great_Lakes,8/11/19 0:00,Organic,2.348086091,115216.15
Great_Lakes,8/18/19 0:00,Organic,2.194180973,112460.53
Great_Lakes,8/25/19 0:00,Organic,2.220231754,102013.8
Great_Lakes,9/1/19 0:00,Organic,2.115724354,117303.01
Great_Lakes,9/8/19 0:00,Organic,1.990280923,123487.13
Great_Lakes,9/15/19 0:00,Organic,1.985635928,117711.42
Great_Lakes,9/22/19 0:00,Organic,2.086446016,117794
Great_Lakes,9/29/19 0:00,Organic,2.009977967,107717.34
Great_Lakes,10/6/19 0:00,Organic,1.86515042,129443.45
Great_Lakes,10/13/19 0:00,Organic,1.731385202,151620.82
Great_Lakes,10/20/19 0:00,Organic,1.764276193,125301.83
Great_Lakes,10/27/19 0:00,Organic,1.453056473,168299.69
Great_Lakes,11/3/19 0:00,Organic,1.496056951,150738.68
Great_Lakes,11/10/19 0:00,Organic,1.712007654,129959.03
Great_Lakes,11/17/19 0:00,Organic,1.715557453,138140.7
Great_Lakes,11/24/19 0:00,Organic,1.748039678,120018.24
Great_Lakes,12/1/19 0:00,Organic,1.591075583,120953.41
Great_Lakes,12/8/19 0:00,Organic,1.437605963,150435.17
Great_Lakes,12/15/19 0:00,Organic,1.689122663,124214.41
Great_Lakes,12/22/19 0:00,Organic,1.751534541,129094.48
Great_Lakes,12/29/19 0:00,Organic,1.411845134,157782.48
Great_Lakes,1/6/20 0:00,Organic,1.359737473,219305.86
Great_Lakes,1/12/20 0:00,Organic,1.625453691,203430.5
Great_Lakes,1/19/20 0:00,Organic,1.617593808,153970.11
Great_Lakes,1/26/20 0:00,Organic,1.60529599,136854.66
Great_Lakes,2/2/20 0:00,Organic,1.292515143,202393.87
Great_Lakes,2/9/20 0:00,Organic,1.311221127,216404.45
Great_Lakes,2/16/20 0:00,Organic,1.652681716,149290.63
Great_Lakes,2/23/20 0:00,Organic,1.651182408,141980.47
Great_Lakes,3/1/20 0:00,Organic,1.688592061,159653.98
Great_Lakes,3/8/20 0:00,Organic,1.689129115,168695.74
Great_Lakes,3/15/20 0:00,Organic,1.854819645,174367.8
Great_Lakes,3/22/20 0:00,Organic,1.76645505,171038.14
Great_Lakes,3/29/20 0:00,Organic,1.864110381,129876.42
Great_Lakes,4/5/20 0:00,Organic,1.707717176,194411.94
Great_Lakes,4/12/20 0:00,Organic,1.621898723,230970.04
Great_Lakes,4/19/20 0:00,Organic,1.839769212,206113.06
Great_Lakes,4/26/20 0:00,Organic,1.843428235,197535.24
Great_Lakes,5/3/20 0:00,Organic,1.675243688,233700.56
Great_Lakes,5/10/20 0:00,Organic,1.800478963,210601.96
Great_Lakes,5/17/20 0:00,Organic,1.883197706,170786.38
Great_Lakes,5/24/20 0:00,Organic,1.927712916,152736.64
Great_Lakes,5/31/20 0:00,Organic,1.83999391,171763.54
Great_Lakes,6/7/20 0:00,Organic,1.857691467,167158.71
Great_Lakes,6/14/20 0:00,Organic,1.864339281,180260.63
Great_Lakes,6/21/20 0:00,Organic,1.832969143,185198.85
Great_Lakes,6/28/20 0:00,Organic,1.777836014,162545.45
Great_Lakes,7/5/20 0:00,Organic,1.775835668,178326.81
Great_Lakes,7/12/20 0:00,Organic,1.818281593,167185.5
Great_Lakes,7/19/20 0:00,Organic,1.822857259,165968.62
Great_Lakes,7/26/20 0:00,Organic,1.737548752,169224.39
Great_Lakes,8/2/20 0:00,Organic,1.719673019,170249.92
Great_Lakes,8/9/20 0:00,Organic,1.792381948,160762.53
Great_Lakes,8/16/20 0:00,Organic,1.755714912,159570.88
Great_Lakes,8/23/20 0:00,Organic,1.742015263,141023.24
Great_Lakes,8/30/20 0:00,Organic,1.702131745,148360.76
Great_Lakes,9/6/20 0:00,Organic,1.46475371,185408.21
Great_Lakes,9/13/20 0:00,Organic,1.526469879,166879.64
Great_Lakes,9/20/20 0:00,Organic,1.69452243,137255.32
Great_Lakes,9/27/20 0:00,Organic,1.763669457,132831.67
Great_Lakes,10/4/20 0:00,Organic,1.675236581,139014.34
Great_Lakes,10/11/20 0:00,Organic,1.621542179,138760.26
Great_Lakes,10/18/20 0:00,Organic,1.61821636,138685.9
Great_Lakes,10/25/20 0:00,Organic,1.593320699,137124.88
Great_Lakes,11/1/20 0:00,Organic,1.424133689,186513.08
Great_Lakes,11/8/20 0:00,Organic,1.430362283,182936.03
Great_Lakes,11/15/20 0:00,Organic,1.516186501,151968.66
Great_Lakes,11/22/20 0:00,Organic,1.618231544,136981.24
Great_Lakes,11/29/20 0:00,Organic,1.660600677,120917.57
Great_Lakes,12/6/20 0:00,Organic,1.631828535,151192.6
Great_Lakes,12/13/20 0:00,Organic,1.512060003,143802.74
Great_Lakes,12/20/20 0:00,Organic,1.596854703,130970.08
Great_Lakes,12/27/20 0:00,Organic,1.5102727,136516.45
Great_Lakes,1/4/21 0:00,Organic,1.505937576,156469.36
Great_Lakes,1/10/21 0:00,Organic,1.49906509,177313.35
Great_Lakes,1/17/21 0:00,Organic,1.569606691,172884.83
Great_Lakes,1/24/21 0:00,Organic,1.377884988,187392.53
Great_Lakes,1/31/21 0:00,Organic,1.476034814,205883.31
Great_Lakes,2/7/21 0:00,Organic,1.31632422,252031.91
Great_Lakes,2/14/21 0:00,Organic,1.344604612,214777.21
Great_Lakes,2/21/21 0:00,Organic,1.390532215,191243.72
Great_Lakes,2/28/21 0:00,Organic,1.475879768,173799.88
Great_Lakes,3/7/21 0:00,Organic,1.367636108,215017.66
Great_Lakes,3/14/21 0:00,Organic,1.496030309,171290.84
Great_Lakes,3/21/21 0:00,Organic,1.504557505,170650.08
Great_Lakes,3/28/21 0:00,Organic,1.381919581,178466.32
Great_Lakes,4/4/21 0:00,Organic,1.597712523,185329.44
Great_Lakes,4/11/21 0:00,Organic,1.687046738,178601.55
Great_Lakes,4/18/21 0:00,Organic,1.618417207,199766.01
Great_Lakes,4/25/21 0:00,Organic,1.643699852,196049.7
Great_Lakes,5/2/21 0:00,Organic,1.582630213,200875.67
Great_Lakes,5/9/21 0:00,Organic,1.554986955,234420.57
Great_Lakes,5/16/21 0:00,Organic,1.531200311,199345.96
Great_Lakes,5/23/21 0:00,Organic,1.518867184,190547.92
Great_Lakes,5/30/21 0:00,Organic,1.718458592,167869.14
Great_Lakes,6/6/21 0:00,Organic,1.721530345,168223.74
Great_Lakes,6/13/21 0:00,Organic,1.523706508,203526.08
Great_Lakes,6/20/21 0:00,Organic,1.504343085,162528.82
Great_Lakes,6/27/21 0:00,Organic,1.455874554,161639.78
Great_Lakes,7/4/21 0:00,Organic,1.616560214,144713.22
Great_Lakes,7/11/21 0:00,Organic,1.517889316,148463.6
Great_Lakes,7/18/21 0:00,Organic,1.507930706,180116.91
Great_Lakes,7/25/21 0:00,Organic,1.628735564,166248.41
Great_Lakes,8/1/21 0:00,Organic,1.654285181,174219.4
Great_Lakes,8/8/21 0:00,Organic,1.763305706,162371.08
Great_Lakes,8/15/21 0:00,Organic,1.652200136,169426.97
Great_Lakes,8/22/21 0:00,Organic,1.599276079,182496.45
Great_Lakes,8/29/21 0:00,Organic,1.757539251,174008.55
Great_Lakes,9/5/21 0:00,Organic,1.645707358,181079.74
Great_Lakes,9/12/21 0:00,Organic,1.657086274,172547.04
Great_Lakes,9/19/21 0:00,Organic,1.633130993,168383.38
Great_Lakes,9/26/21 0:00,Organic,1.599710122,160113.84
Great_Lakes,10/3/21 0:00,Organic,1.653400051,137990.92
Great_Lakes,10/10/21 0:00,Organic,1.538911358,172080.29
Great_Lakes,10/17/21 0:00,Organic,1.694545453,151316.59
Great_Lakes,10/24/21 0:00,Organic,1.697888364,155646.19
Great_Lakes,10/31/21 0:00,Organic,1.525970482,187872.13
Great_Lakes,11/7/21 0:00,Organic,1.675301472,167498.56
Great_Lakes,11/14/21 0:00,Organic,1.52727493,176872.46
Great_Lakes,11/21/21 0:00,Organic,1.480008378,165468.14
Great_Lakes,11/28/21 0:00,Organic,1.71925058,130296.86
Great_Lakes,1/3/22 0:00,Organic,1.602071652,161488.19
Great_Lakes,1/9/22 0:00,Organic,1.574685195,165225.36
Great_Lakes,1/16/22 0:00,Organic,1.455725911,199455.55
Great_Lakes,1/23/22 0:00,Organic,1.581405211,188249.43
Great_Lakes,1/30/22 0:00,Organic,1.591293723,194887.95
Great_Lakes,2/6/22 0:00,Organic,1.588056493,180767.51
Great_Lakes,2/13/22 0:00,Organic,1.775455723,141343.06
Great_Lakes,2/20/22 0:00,Organic,1.82234386,133320.33
Great_Lakes,2/27/22 0:00,Organic,1.75993336,146658.89
Great_Lakes,3/6/22 0:00,Organic,1.777535063,148630.48
Great_Lakes,3/13/22 0:00,Organic,1.831659282,180791.64
Great_Lakes,3/20/22 0:00,Organic,1.874331216,159884.47
Great_Lakes,3/27/22 0:00,Organic,1.925702902,160753.25
Great_Lakes,4/3/22 0:00,Organic,1.860048146,168739.15
Great_Lakes,4/10/22 0:00,Organic,1.816636028,168165.97
Great_Lakes,4/17/22 0:00,Organic,1.91389009,163136.25
Great_Lakes,4/24/22 0:00,Organic,1.99153478,141290.83
Great_Lakes,5/1/22 0:00,Organic,2.017315044,139264.92
Great_Lakes,5/8/22 0:00,Organic,1.872976768,156480.93
Great_Lakes,5/15/22 0:00,Organic,1.972553547,151794.48
