price_optimization/HABdata_2019_2022.csv
region,date,type,price,units_sold
Midsouth,1/7/19 0:00,Conventional,1.130640196,3530466.96
Midsouth,1/13/19 0:00,Conventional,1.106019815,3771688.05
Midsouth,1/20/19 0:00,Conventional,1.068367208,3749158.05
Midsouth,1/27/19 0:00,Conventional,1.122107117,3482342.27
Midsouth,2/3/19 0:00,Conventional,0.936186744,4632197.97
Midsouth,2/10/19 0:00,Conventional,1.020586119,3626976.82
Midsouth,2/17/19 0:00,Conventional,1.064810674,3387987.37
Midsouth,2/24/19 0:00,Conventional,1.078943138,3447710.42
Midsouth,3/3/19 0:00,Conventional,1.127444745,3401426.84
Midsouth,3/10/19 0:00,Conventional,1.08219325,3592513.24
Midsouth,3/17/19 0:00,Conventional,0.999383807,3938034.21
Midsouth,3/24/19 0:00,Conventional,1.103215013,3569473.42
Midsouth,3/31/19 0:00,Conventional,1.099402854,3518285.55
Midsouth,4/7/19 0:00,Conventional,0.996469261,4157898.28
Midsouth,4/14/19 0:00,Conventional,1.200760774,3547752.9
Midsouth,4/21/19 0:00,Conventional,1.410125924,3171363.86
Midsouth,4/28/19 0:00,Conventional,1.480032748,3012040.34
Midsouth,5/5/19 0:00,Conventional,1.259716346,4212423.07
Midsouth,5/12/19 0:00,Conventional,1.262616444,3690906.7
Midsouth,5/19/19 0:00,Conventional,1.252030296,3634909.81
Midsouth,5/26/19 0:00,Conventional,1.417712719,3423428.51
Midsouth,6/2/19 0:00,Conventional,1.251897574,3742548.21
Midsouth,6/9/19 0:00,Conventional,1.286045549,3468454.43
Midsouth,6/16/19 0:00,Conventional,1.468104104,3054414.23
Midsouth,6/23/19 0:00,Conventional,1.50329613,3035999.88
Midsouth,6/30/19 0:00,Conventional,1.502268632,3065001.64
Midsouth,7/7/19 0:00,Conventional,1.521142217,3221577.53
Midsouth,7/14/19 0:00,Conventional,1.542245057,2929710.63
Midsouth,7/21/19 0:00,Conventional,1.562150908,2835451.59
Midsouth,7/28/19 0:00,Conventional,1.557732417,2779012.18
Midsouth,8/4/19 0:00,Conventional,1.51151123,2895543.99
Midsouth,8/11/19 0:00,Conventional,1.402871425,3102640.38
Midsouth,8/18/19 0:00,Conventional,1.428336078,3035121.34
Midsouth,8/25/19 0:00,Conventional,1.342415918,3155709.58
Midsouth,9/1/19 0:00,Conventional,1.271933631,3346651.74
Midsouth,9/8/19 0:00,Conventional,1.309412087,3216680.27
Midsouth,9/15/19 0:00,Conventional,1.382793869,2897132.73
Midsouth,9/22/19 0:00,Conventional,1.38236243,2856476.23
Midsouth,9/29/19 0:00,Conventional,1.34559152,2948706.4
Midsouth,10/6/19 0:00,Conventional,1.277379998,3094519.98
Midsouth,10/13/19 0:00,Conventional,1.240401453,2959626.58
Midsouth,10/20/19 0:00,Conventional,1.265352988,2703181.7
Midsouth,10/27/19 0:00,Conventional,1.118738836,3145402.6
Midsouth,11/3/19 0:00,Conventional,1.197497574,2755242.18
Midsouth,11/10/19 0:00,Conventional,1.209564907,2722637.17
Midsouth,11/17/19 0:00,Conventional,1.113482015,2918588.83
Midsouth,11/24/19 0:00,Conventional,1.159124791,2637823.6
Midsouth,12/1/19 0:00,Conventional,1.195655286,2316199.5
Midsouth,12/8/19 0:00,Conventional,1.13338409,2768760.46
Midsouth,12/15/19 0:00,Conventional,1.171231007,2629846.4
Midsouth,12/22/19 0:00,Conventional,1.157612977,2588452.76
Midsouth,12/29/19 0:00,Conventional,1.020236879,2861040.33
Midsouth,1/6/20 0:00,Conventional,1.017148323,3636728.38
Midsouth,1/12/20 0:00,Conventional,1.075301078,3573428.37
Midsouth,1/19/20 0:00,Conventional,1.036974188,3905542.68
Midsouth,1/26/20 0:00,Conventional,1.100410815,3601330.68
Midsouth,2/2/20 0:00,Conventional,0.932481316,4664255.7
Midsouth,2/9/20 0:00,Conventional,1.031678716,3847582.07
Midsouth,2/16/20 0:00,Conventional,1.108446107,3467418.31
Midsouth,2/23/20 0:00,Conventional,1.100498486,3654882.61
Midsouth,3/1/20 0:00,Conventional,1.10384222,3731693.44
Midsouth,3/8/20 0:00,Conventional,1.198186422,3627420.4
Midsouth,3/15/20 0:00,Conventional,1.189535253,4444939.65
Midsouth,3/22/20 0:00,Conventional,1.235674165,4253393.86
Midsouth,3/29/20 0:00,Conventional,1.238233619,4061844.26
Midsouth,4/5/20 0:00,Conventional,1.156743105,4491661.78
Midsouth,4/12/20 0:00,Conventional,1.228892576,4262317.9
Midsouth,4/19/20 0:00,Conventional,1.238602237,4183371.69
Midsouth,4/26/20 0:00,Conventional,1.235494341,4417722.13
Midsouth,5/3/20 0:00,Conventional,1.057265237,5575457.19
Midsouth,5/10/20 0:00,Conventional,1.135199931,4954625.11
Midsouth,5/17/20 0:00,Conventional,1.183228427,4618059.86
Midsouth,5/24/20 0:00,Conventional,1.155027651,4872648.68
Midsouth,5/31/20 0:00,Conventional,1.167795453,4702901.95
Midsouth,6/7/20 0:00,Conventional,1.187187879,4619097.49
Midsouth,6/14/20 0:00,Conventional,1.160269036,4654604.25
Midsouth,6/21/20 0:00,Conventional,1.17063317,4420635.51
Midsouth,6/28/20 0:00,Conventional,1.167650091,4247505.82
Midsouth,7/5/20 0:00,Conventional,1.170684608,4527439.44
Midsouth,7/12/20 0:00,Conventional,1.132341752,4214226.74
Midsouth,7/19/20 0:00,Conventional,1.073572801,4358430.37
Midsouth,7/26/20 0:00,Conventional,1.052127751,4297514.86
Midsouth,8/2/20 0:00,Conventional,0.991221689,4505604.69
Midsouth,8/9/20 0:00,Conventional,1.037939132,4199387.89
Midsouth,8/16/20 0:00,Conventional,1.079353457,4032353.12
Midsouth,8/23/20 0:00,Conventional,1.042475028,4214563.7
Midsouth,8/30/20 0:00,Conventional,1.00286002,4235696.76
Midsouth,9/6/20 0:00,Conventional,1.034497138,4179874.22
Midsouth,9/13/20 0:00,Conventional,1.022792767,4148920.94
Midsouth,9/20/20 0:00,Conventional,1.043274864,3854031.8
Midsouth,9/27/20 0:00,Conventional,0.967984405,4111562.83
Midsouth,10/4/20 0:00,Conventional,1.058252054,3731425.09
Midsouth,10/11/20 0:00,Conventional,1.055727098,3605872.4
Midsouth,10/18/20 0:00,Conventional,1.011966231,3780090.23
Midsouth,10/25/20 0:00,Conventional,0.969097583,3792997.52
Midsouth,11/1/20 0:00,Conventional,1.028903806,3629056.05
Midsouth,11/8/20 0:00,Conventional,1.031252329,3581293.51
Midsouth,11/15/20 0:00,Conventional,1.017461854,3622395.62
Midsouth,11/22/20 0:00,Conventional,1.012530344,3402279.4
Midsouth,11/29/20 0:00,Conventional,1.022916333,2930951.89
Midsouth,12/6/20 0:00,Conventional,0.970873715,3552771.73
Midsouth,12/13/20 0:00,Conventional,0.948745665,3667527.55
Midsouth,12/20/20 0:00,Conventional,1.002747983,3386005.06
Midsouth,12/27/20 0:00,Conventional,0.961857011,3173693.59
Midsouth,1/4/21 0:00,Conventional,0.91054891,4336569.06
Midsouth,1/10/21 0:00,Conventional,0.964635326,4291025.26
Midsouth,1/17/21 0:00,Conventional,1.007753364,4263386.86
Midsouth,1/24/21 0:00,Conventional,0.963670259,4425454.98
Midsouth,1/31/21 0:00,Conventional,0.977609287,4532997.18
Midsouth,2/7/21 0:00,Conventional,0.887153714,5237336.68
Midsouth,2/14/21 0:00,Conventional,0.972658917,4348166.42
Midsouth,2/21/21 0:00,Conventional,1.031891239,3996437.96
Midsouth,2/28/21 0:00,Conventional,1.016403764,4198390.18
Midsouth,3/7/21 0:00,Conventional,1.016598177,4362405.1
Midsouth,3/14/21 0:00,Conventional,0.997474751,4453267.36
Midsouth,3/21/21 0:00,Conventional,1.065293022,4324930.92
Midsouth,3/28/21 0:00,Conventional,1.09828713,4321996.18
Midsouth,4/4/21 0:00,Conventional,1.169739076,4086127.51
Midsouth,4/11/21 0:00,Conventional,1.196665664,4015137.8
Midsouth,4/18/21 0:00,Conventional,1.165997238,4249880.56
Midsouth,4/25/21 0:00,Conventional,1.218851518,4101316.94
Midsouth,5/2/21 0:00,Conventional,1.039808916,4738524.78
Midsouth,5/9/21 0:00,Conventional,1.113133152,4434382.31
Midsouth,5/16/21 0:00,Conventional,1.231560504,3911698.09
Midsouth,5/23/21 0:00,Conventional,1.205209136,4093961.43
Midsouth,5/30/21 0:00,Conventional,1.216073535,4112189.68
Midsouth,6/6/21 0:00,Conventional,1.223526927,3971786.44
Midsouth,6/13/21 0:00,Conventional,1.161762135,4009614.45
Midsouth,6/20/21 0:00,Conventional,1.202456581,3850283.11
Midsouth,6/27/21 0:00,Conventional,1.224626816,3655374.53
Midsouth,7/4/21 0:00,Conventional,1.221518489,3888103.96
Midsouth,7/11/21 0:00,Conventional,1.174045018,3752812.05
Midsouth,7/18/21 0:00,Conventional,1.121232253,3889260.94
Midsouth,7/25/21 0:00,Conventional,1.161968315,3647619.65
Midsouth,8/1/21 0:00,Conventional,1.142426517,3620534.77
Midsouth,8/8/21 0:00,Conventional,1.194462071,3427457.56
Midsouth,8/15/21 0:00,Conventional,1.138388064,3794385.82
Midsouth,8/22/21 0:00,Conventional,1.083140399,3910827.11
Midsouth,8/29/21 0:00,Conventional,1.114383462,3821465.31
Midsouth,9/5/21 0:00,Conventional,1.066124134,3580414.98
Midsouth,9/12/21 0:00,Conventional,1.185512908,3585845.84
Midsouth,9/19/21 0:00,Conventional,1.15735391,3629818.83
Midsouth,9/26/21 0:00,Conventional,1.177712897,3516936.12
Midsouth,10/3/21 0:00,Conventional,1.228716634,3496678.32
Midsouth,10/10/21 0:00,Conventional,1.233400523,3525481.43
Midsouth,10/17/21 0:00,Conventional,1.252231529,3456567.16
Midsouth,10/24/21 0:00,Conventional,1.243735375,3391197.91
Midsouth,10/31/21 0:00,Conventional,1.180864365,3518532.79
Midsouth,11/7/21 0:00,Conventional,1.184130716,3408383.38
Midsouth,11/14/21 0:00,Conventional,1.214519828,3357595.12
Midsouth,11/21/21 0:00,Conventional,1.246354132,3122165.16
Midsouth,11/28/21 0:00,Conventional,1.251872498,2808796.83
Midsouth,1/3/22 0:00,Conventional,1.096527159,4040403.36
Midsouth,1/9/22 0:00,Conventional,1.108097461,4263565.8
Midsouth,1/16/22 0:00,Conventional,1.224143835,4242944.8
Midsouth,1/23/22 0:00,Conventional,1.303678822,3634375.94
Midsouth,1/30/22 0:00,Conventional,1.269750903,3915618.04
Midsouth,2/6/22 0:00,Conventional,1.296830581,3903254.22
Midsouth,2/13/22 0:00,Conventional,1.207536511,4768171.83
Midsouth,2/20/22 0:00,Conventional,1.230383905,4261383.97
Midsouth,2/27/22 0:00,Conventional,1.304508996,3854303.55
Midsouth,3/6/22 0:00,Conventional,1.328973752,3774324.88
Midsouth,3/13/22 0:00,Conventional,1.30995492,4030701.04
Midsouth,3/20/22 0:00,Conventional,1.352512372,3859258.34
Midsouth,3/27/22 0:00,Conventional,1.370550779,3899909.73
Midsouth,4/3/22 0:00,Conventional,1.378254611,4002223.19
Midsouth,4/10/22 0:00,Conventional,1.369831766,3944202.15
Midsouth,4/17/22 0:00,Conventional,1.474938679,3762268.11
Midsouth,4/24/22 0:00,Conventional,1.503954305,3561182
Midsouth,5/1/22 0:00,Conventional,1.36027356,4215963
Midsouth,5/8/22 0:00,Conventional,1.411750148,4214279
Midsouth,5/15/22 0:00,Conventional,1.514582961,3542902
