price_optimization/HABdata_2019_2022.csv
region,date,type,price,units_sold
Midsouth,1/7/19 0:00,Organic,1.496156514,246555.82
Midsouth,1/13/19 0:00,Organic,1.524578443,252460.59
Midsouth,1/20/19 0:00,Organic,1.566933206,215075.5
Midsouth,1/27/19 0:00,Organic,1.557875109,212398.35
Midsouth,2/3/19 0:00,Organic,1.53912877,211729.88
Midsouth,2/10/19 0:00,Organic,1.447758908,230404.09
Midsouth,2/17/19 0:00,Organic,1.497686162,200556.27
Midsouth,2/24/19 0:00,Organic,1.491890156,206778.73
Midsouth,3/3/19 0:00,Organic,1.458624857,228807.34
Midsouth,3/10/19 0:00,Organic,1.387592625,246791.66
Midsouth,3/17/19 0:00,Organic,1.448420765,217837.8
Midsouth,3/24/19 0:00,Organic,1.516029157,203306.3
Midsouth,3/31/19 0:00,Organic,1.610394608,186639.82
Midsouth,4/7/19 0:00,Organic,1.562898186,201334.48
Midsouth,4/14/19 0:00,Organic,1.660127547,176384.31
Midsouth,4/21/19 0:00,Organic,1.838903858,174225.59
Midsouth,4/28/19 0:00,Organic,1.876009242,166513.14
Midsouth,5/5/19 0:00,Organic,1.86330571,159769.67
Midsouth,5/12/19 0:00,Organic,1.750182516,171689.45
Midsouth,5/19/19 0:00,Organic,1.879661516,143415.65
Midsouth,5/26/19 0:00,Organic,1.827669359,174303.65
Midsouth,6/2/19 0:00,Organic,1.738465986,163484.35
Midsouth,6/9/19 0:00,Organic,1.685842827,154172.13
Midsouth,6/16/19 0:00,Organic,1.791702583,155468.98
Midsouth,6/23/19 0:00,Organic,1.943890201,133454.48
Midsouth,6/30/19 0:00,Organic,1.949332306,155595.67
Midsouth,7/7/19 0:00,Organic,2.015409086,155038.77
Midsouth,7/14/19 0:00,Organic,2.080847494,140167.11
Midsouth,7/21/19 0:00,Organic,1.992463518,153697.36
Midsouth,7/28/19 0:00,Organic,2.133378417,146396.61
Midsouth,8/4/19 0:00,Organic,2.086777973,164204.87
Midsouth,8/11/19 0:00,Organic,2.08342572,164270.23
Midsouth,8/18/19 0:00,Organic,1.972853148,174724.87
Midsouth,8/25/19 0:00,Organic,1.948833428,172518.52
Midsouth,9/1/19 0:00,Organic,1.89211278,173876.44
Midsouth,9/8/19 0:00,Organic,1.86871683,184186.59
Midsouth,9/15/19 0:00,Organic,1.76855339,198011.03
Midsouth,9/22/19 0:00,Organic,1.567179259,226063.48
Midsouth,9/29/19 0:00,Organic,1.688611475,205998.94
Midsouth,10/6/19 0:00,Organic,1.660547103,182044.98
Midsouth,10/13/19 0:00,Organic,1.69169357,168946.75
Midsouth,10/20/19 0:00,Organic,1.697703093,164742.15
Midsouth,10/27/19 0:00,Organic,1.662631631,160793.48
Midsouth,11/3/19 0:00,Organic,1.632424781,165536.76
Midsouth,11/10/19 0:00,Organic,1.643107669,163869.78
Midsouth,11/17/19 0:00,Organic,1.675470815,141625.11
Midsouth,11/24/19 0:00,Organic,1.788536784,122532.32
Midsouth,12/1/19 0:00,Organic,1.765897727,124897.46
Midsouth,12/8/19 0:00,Organic,1.708877012,136147.78
Midsouth,12/15/19 0:00,Organic,1.589658664,144529.97
Midsouth,12/22/19 0:00,Organic,1.710738458,129898.68
Midsouth,12/29/19 0:00,Organic,1.482850083,146158.03
Midsouth,1/6/20 0:00,Organic,1.436105556,188625.84
Midsouth,1/12/20 0:00,Organic,1.508822921,180235.4
Midsouth,1/19/20 0:00,Organic,1.523741616,172205.89
Midsouth,1/26/20 0:00,Organic,1.569643923,183375.09
Midsouth,2/2/20 0:00,Organic,1.524677922,190027.56
Midsouth,2/9/20 0:00,Organic,1.605057501,175158.52
Midsouth,2/16/20 0:00,Organic,1.584068721,177686.8
Midsouth,2/23/20 0:00,Organic,1.569374139,185738.45
Midsouth,3/1/20 0:00,Organic,1.594980658,171677.23
Midsouth,3/8/20 0:00,Organic,1.613192116,183940.47
Midsouth,3/15/20 0:00,Organic,1.621491304,231615.39
Midsouth,3/22/20 0:00,Organic,1.601187457,221042.76
Midsouth,3/29/20 0:00,Organic,1.72234166,166259.7
Midsouth,4/5/20 0:00,Organic,1.780517314,207338.4
Midsouth,4/12/20 0:00,Organic,1.758397372,204166.43
Midsouth,4/19/20 0:00,Organic,1.7487345,223850.88
Midsouth,4/26/20 0:00,Organic,1.740454154,227767.6
Midsouth,5/3/20 0:00,Organic,1.598205738,248365.75
Midsouth,5/10/20 0:00,Organic,1.747312025,228922.22
Midsouth,5/17/20 0:00,Organic,1.758333854,211954.09
Midsouth,5/24/20 0:00,Organic,1.672771051,216190.67
Midsouth,5/31/20 0:00,Organic,1.778057313,200695.13
Midsouth,6/7/20 0:00,Organic,1.775425071,208855.65
Midsouth,6/14/20 0:00,Organic,1.776471183,209093.22
Midsouth,6/21/20 0:00,Organic,1.802285209,197703.27
Midsouth,6/28/20 0:00,Organic,1.772921559,211711.84
Midsouth,7/5/20 0:00,Organic,1.785538666,210947.32
Midsouth,7/12/20 0:00,Organic,1.760530558,207197.36
Midsouth,7/19/20 0:00,Organic,1.566352557,244590.83
Midsouth,7/26/20 0:00,Organic,1.538405423,247381.88
Midsouth,8/2/20 0:00,Organic,1.713766218,199572.89
Midsouth,8/9/20 0:00,Organic,1.689401357,203662.96
Midsouth,8/16/20 0:00,Organic,1.701502779,213271.73
Midsouth,8/23/20 0:00,Organic,1.687237779,195243.28
Midsouth,8/30/20 0:00,Organic,1.666101552,195685.86
Midsouth,9/6/20 0:00,Organic,1.674991178,179261.83
Midsouth,9/13/20 0:00,Organic,1.687103687,171375.94
Midsouth,9/20/20 0:00,Organic,1.609780125,184295.31
Midsouth,9/27/20 0:00,Organic,1.626166849,186620.82
Midsouth,10/4/20 0:00,Organic,1.638479023,186288.71
Midsouth,10/11/20 0:00,Organic,1.623472446,190444.17
Midsouth,10/18/20 0:00,Organic,1.600190366,188138.54
Midsouth,10/25/20 0:00,Organic,1.551921352,189941.36
Midsouth,11/1/20 0:00,Organic,1.580928336,182208.06
Midsouth,11/8/20 0:00,Organic,1.550993402,177808.17
Midsouth,11/15/20 0:00,Organic,1.562730339,179938.25
Midsouth,11/22/20 0:00,Organic,1.436431788,199962.7
Midsouth,11/29/20 0:00,Organic,1.440821981,178485.15
Midsouth,12/6/20 0:00,Organic,1.337813484,216662.29
Midsouth,12/13/20 0:00,Organic,1.382309758,202113.32
Midsouth,12/20/20 0:00,Organic,1.410229918,192665.47
Midsouth,12/27/20 0:00,Organic,1.401291556,189626.25
Midsouth,1/4/21 0:00,Organic,1.253645806,250974.17
Midsouth,1/10/21 0:00,Organic,1.340853605,265461.37
Midsouth,1/17/21 0:00,Organic,1.376553822,267346.14
Midsouth,1/24/21 0:00,Organic,1.299800286,277712.3
Midsouth,1/31/21 0:00,Organic,1.285322189,280072.17
Midsouth,2/7/21 0:00,Organic,1.266544248,282898.28
Midsouth,2/14/21 0:00,Organic,1.291691662,272104.53
Midsouth,2/21/21 0:00,Organic,1.322073561,275299.36
Midsouth,2/28/21 0:00,Organic,1.239639709,295436.14
Midsouth,3/7/21 0:00,Organic,1.257624792,291037.49
Midsouth,3/14/21 0:00,Organic,1.267659076,292010.96
Midsouth,3/21/21 0:00,Organic,1.242020352,291946.27
Midsouth,3/28/21 0:00,Organic,1.315246449,286174.64
Midsouth,4/4/21 0:00,Organic,1.409194065,292823.6
Midsouth,4/11/21 0:00,Organic,1.438892017,303416.01
Midsouth,4/18/21 0:00,Organic,1.422192818,324390.72
Midsouth,4/25/21 0:00,Organic,1.461124042,302518.87
Midsouth,5/2/21 0:00,Organic,1.387149765,312093.74
Midsouth,5/9/21 0:00,Organic,1.436676308,294220.06
Midsouth,5/16/21 0:00,Organic,1.459464839,279607.97
Midsouth,5/23/21 0:00,Organic,1.385730888,304932.31
Midsouth,5/30/21 0:00,Organic,1.419995773,297147.01
Midsouth,6/6/21 0:00,Organic,1.424257391,316494.02
Midsouth,6/13/21 0:00,Organic,1.437064966,316491.44
Midsouth,6/20/21 0:00,Organic,1.419292492,230863.19
Midsouth,6/27/21 0:00,Organic,1.604510574,165711.25
Midsouth,7/4/21 0:00,Organic,1.703178826,163518.94
Midsouth,7/11/21 0:00,Organic,1.706492699,153864.36
Midsouth,7/18/21 0:00,Organic,1.710624802,210688.21
Midsouth,7/25/21 0:00,Organic,1.770360123,195148.66
Midsouth,8/1/21 0:00,Organic,1.743162968,193948.04
Midsouth,8/8/21 0:00,Organic,1.667671223,206266.22
Midsouth,8/15/21 0:00,Organic,1.742032369,212850.54
Midsouth,8/22/21 0:00,Organic,1.738806207,227329.76
Midsouth,8/29/21 0:00,Organic,1.694283007,227512.49
Midsouth,9/5/21 0:00,Organic,1.681649036,228377.23
Midsouth,9/12/21 0:00,Organic,1.725707158,218537.96
Midsouth,9/19/21 0:00,Organic,1.676179393,231612.54
Midsouth,9/26/21 0:00,Organic,1.628724143,205167.9
Midsouth,10/3/21 0:00,Organic,1.711545586,190711.04
Midsouth,10/10/21 0:00,Organic,1.684054196,205710.86
Midsouth,10/17/21 0:00,Organic,1.745552953,195163.34
Midsouth,10/24/21 0:00,Organic,1.747422389,201503.24
Midsouth,10/31/21 0:00,Organic,1.620270577,210845.27
Midsouth,11/7/21 0:00,Organic,1.720995494,182889.49
Midsouth,11/14/21 0:00,Organic,1.678431857,196127.27
Midsouth,11/21/21 0:00,Organic,1.743347365,179636.35
Midsouth,11/28/21 0:00,Organic,1.724487171,163824.42
Midsouth,1/3/22 0:00,Organic,1.673893831,215685.84
Midsouth,1/9/22 0:00,Organic,1.523334893,263868.48
Midsouth,1/16/22 0:00,Organic,1.608059137,230045.16
Midsouth,1/23/22 0:00,Organic,1.665594396,215227.92
Midsouth,1/30/22 0:00,Organic,1.689426085,243724.28
Midsouth,2/6/22 0:00,Organic,1.751552489,223758.07
Midsouth,2/13/22 0:00,Organic,1.653450184,238167.11
Midsouth,2/20/22 0:00,Organic,1.708075438,233531.81
Midsouth,2/27/22 0:00,Organic,1.750685342,213610.14
Midsouth,3/6/22 0:00,Organic,1.768094225,196590.67
Midsouth,3/13/22 0:00,Organic,1.791794238,230802.63
Midsouth,3/20/22 0:00,Organic,1.741438676,236291.28
Midsouth,3/27/22 0:00,Organic,1.836973654,223400.25
Midsouth,4/3/22 0:00,Organic,1.7598973,245106.74
Midsouth,4/10/22 0:00,Organic,1.769080904,241916.9
Midsouth,4/17/22 0:00,Organic,1.824725731,222734.7
Midsouth,4/24/22 0:00,Organic,1.8424073,213226.68
Midsouth,5/1/22 0:00,Organic,1.984500528,177774.93
Midsouth,5/8/22 0:00,Organic,1.904468651,211255.73
Midsouth,5/15/22 0:00,Organic,1.891661697,214679.93
