price_optimization/HABdata_2019_2022.csv
region,date,type,price,units_sold
Northeast,1/7/19 0:00,Conventional,1.323335118,4638696.54
Northeast,1/13/19 0:00,Conventional,1.21335635,5033625.91
Northeast,1/20/19 0:00,Conventional,1.241988431,5494796.31
Northeast,1/27/19 0:00,Conventional,1.307029196,4190892.91
Northeast,2/3/19 0:00,Conventional,1.164729652,6822710.98
Northeast,2/10/19 0:00,Conventional,1.116619864,5440057.44
Northeast,2/17/19 0:00,Conventional,1.233720224,4319201.26
Northeast,2/24/19 0:00,Conventional,1.249770864,4500494.34
Northeast,3/3/19 0:00,Conventional,1.285603145,4551534.66
Northeast,3/10/19 0:00,Conventional,1.205867374,5343241.03
Northeast,3/17/19 0:00,Conventional,1.273942551,4633701.23
Northeast,3/24/19 0:00,Conventional,1.253728084,6020568.55
Northeast,3/31/19 0:00,Conventional,1.27996905,4568962.34
Northeast,4/7/19 0:00,Conventional,1.253527535,5238622.4
Northeast,4/14/19 0:00,Conventional,1.21652408,5382626.6
Northeast,4/21/19 0:00,Conventional,1.616392121,3817851.4
Northeast,4/28/19 0:00,Conventional,1.603740404,3616021.92
Northeast,5/5/19 0:00,Conventional,1.514486976,5258017.95
Northeast,5/12/19 0:00,Conventional,1.587951603,4986183.49
Northeast,5/19/19 0:00,Conventional,1.601864662,4378181.82
Northeast,5/26/19 0:00,Conventional,1.62360914,4598313.07
Northeast,6/2/19 0:00,Conventional,1.616981977,4460845.55
Northeast,6/9/19 0:00,Conventional,1.582997969,4670584.38
Northeast,6/16/19 0:00,Conventional,1.50746907,4681101.33
Northeast,6/23/19 0:00,Conventional,1.583515915,4199090.95
Northeast,6/30/19 0:00,Conventional,1.518762461,4387690.28
Northeast,7/7/19 0:00,Conventional,1.583174919,4665589.16
Northeast,7/14/19 0:00,Conventional,1.546477073,4216033.32
Northeast,7/21/19 0:00,Conventional,1.632378326,3928835.17
Northeast,7/28/19 0:00,Conventional,1.642712857,3945227.95
Northeast,8/4/19 0:00,Conventional,1.62437619,3991759.25
Northeast,8/11/19 0:00,Conventional,1.596819038,4033995.85
Northeast,8/18/19 0:00,Conventional,1.521049491,4384921.45
Northeast,8/25/19 0:00,Conventional,1.496973544,4030327.88
Northeast,9/1/19 0:00,Conventional,1.52942619,4603589.35
Northeast,9/8/19 0:00,Conventional,1.532965903,4446135.76
Northeast,9/15/19 0:00,Conventional,1.530348393,3969102.84
Northeast,9/22/19 0:00,Conventional,1.473827064,3932795.56
Northeast,9/29/19 0:00,Conventional,1.44739708,4195255.49
Northeast,10/6/19 0:00,Conventional,1.390581537,4172266.31
Northeast,10/13/19 0:00,Conventional,1.447475192,4372479.22
Northeast,10/20/19 0:00,Conventional,1.326752521,4209316.91
Northeast,10/27/19 0:00,Conventional,1.408238164,3922359.44
Northeast,11/3/19 0:00,Conventional,1.359670488,3748062.43
Northeast,11/10/19 0:00,Conventional,1.297508186,4098487.66
Northeast,11/17/19 0:00,Conventional,1.312754197,4154243.39
Northeast,11/24/19 0:00,Conventional,1.281162697,4144985.18
Northeast,12/1/19 0:00,Conventional,1.343814705,3482114.64
Northeast,12/8/19 0:00,Conventional,1.242470009,4275993.5
Northeast,12/15/19 0:00,Conventional,1.276914449,3877849.9
Northeast,12/22/19 0:00,Conventional,1.368630492,3564966.51
Northeast,12/29/19 0:00,Conventional,1.280710273,3654480.19
Northeast,1/6/20 0:00,Conventional,1.201642223,5569395.33
Northeast,1/12/20 0:00,Conventional,1.315759576,4783627.16
Northeast,1/19/20 0:00,Conventional,1.250497426,5111692.77
Northeast,1/26/20 0:00,Conventional,1.253270844,4924219.1
Northeast,2/2/20 0:00,Conventional,1.24396392,6785819.39
Northeast,2/9/20 0:00,Conventional,1.254000577,5706359.8
Northeast,2/16/20 0:00,Conventional,1.373165233,4351008.5
Northeast,2/23/20 0:00,Conventional,1.381146035,4593642.8
Northeast,3/1/20 0:00,Conventional,1.47763928,4353055.02
Northeast,3/8/20 0:00,Conventional,1.460285481,4884494.51
Northeast,3/15/20 0:00,Conventional,1.478916374,5659760.85
Northeast,3/22/20 0:00,Conventional,1.528332061,5487483.6
Northeast,3/29/20 0:00,Conventional,1.478540416,5356472.36
Northeast,4/5/20 0:00,Conventional,1.520965238,5533343.38
Northeast,4/12/20 0:00,Conventional,1.513304273,5438826.86
Northeast,4/19/20 0:00,Conventional,1.505933322,5188359.51
Northeast,4/26/20 0:00,Conventional,1.368115803,6464638.95
Northeast,5/3/20 0:00,Conventional,1.483404713,6167453.6
Northeast,5/10/20 0:00,Conventional,1.443697848,7166398.15
Northeast,5/17/20 0:00,Conventional,1.492046035,6086535.29
Northeast,5/24/20 0:00,Conventional,1.486860731,6450173.54
Northeast,5/31/20 0:00,Conventional,1.343871203,7441930.15
Northeast,6/7/20 0:00,Conventional,1.432751287,6346242.56
Northeast,6/14/20 0:00,Conventional,1.232825939,8090607.96
Northeast,6/21/20 0:00,Conventional,1.444900222,6071595.58
Northeast,6/28/20 0:00,Conventional,1.427753076,5947762.02
Northeast,7/5/20 0:00,Conventional,1.287096127,6738013.57
Northeast,7/12/20 0:00,Conventional,1.276331631,6307263.19
Northeast,7/19/20 0:00,Conventional,1.208151627,6552354.22
Northeast,7/26/20 0:00,Conventional,1.234709862,6335383.5
Northeast,8/2/20 0:00,Conventional,1.219221477,5955072.57
Northeast,8/9/20 0:00,Conventional,1.152531802,6303675.27
Northeast,8/16/20 0:00,Conventional,1.19263051,6318796.89
Northeast,8/23/20 0:00,Conventional,1.159534226,5946698.82
Northeast,8/30/20 0:00,Conventional,1.151610568,5966713.35
Northeast,9/6/20 0:00,Conventional,1.184115153,5811611.33
Northeast,9/13/20 0:00,Conventional,1.178343929,5522584.51
Northeast,9/20/20 0:00,Conventional,1.155290542,5537656.46
Northeast,9/27/20 0:00,Conventional,1.176325684,5374255.97
Northeast,10/4/20 0:00,Conventional,1.184133601,5265131.88
Northeast,10/11/20 0:00,Conventional,1.155547975,5425096.56
Northeast,10/18/20 0:00,Conventional,1.142201226,5152334.08
Northeast,10/25/20 0:00,Conventional,1.142728766,5270073.94
Northeast,11/1/20 0:00,Conventional,1.167636889,5174887.18
Northeast,11/8/20 0:00,Conventional,1.157698093,5123504.54
Northeast,11/15/20 0:00,Conventional,1.177734117,5335074.41
Northeast,11/22/20 0:00,Conventional,1.102469561,5184400.16
Northeast,11/29/20 0:00,Conventional,1.13977171,4326533.16
Northeast,12/6/20 0:00,Conventional,1.114191649,5216542.29
Northeast,12/13/20 0:00,Conventional,1.093282535,5225107.54
Northeast,12/20/20 0:00,Conventional,1.170648727,4914379.53
Northeast,12/27/20 0:00,Conventional,1.129388225,4631551.2
Northeast,1/4/21 0:00,Conventional,1.059885724,5841773.93
Northeast,1/10/21 0:00,Conventional,1.127282147,5873961.35
Northeast,1/17/21 0:00,Conventional,1.112925786,6211663.95
Northeast,1/24/21 0:00,Conventional,1.038968173,6683198.35
Northeast,1/31/21 0:00,Conventional,1.052122452,6552456.01
Northeast,2/7/21 0:00,Conventional,1.037253876,7307710.79
Northeast,2/14/21 0:00,Conventional,1.049859829,6768884.69
Northeast,2/21/21 0:00,Conventional,1.113391082,5834726.52
Northeast,2/28/21 0:00,Conventional,1.104564893,6047197.1
Northeast,3/7/21 0:00,Conventional,1.10959718,6286313.71
Northeast,3/14/21 0:00,Conventional,1.127781835,6194480
Northeast,3/21/21 0:00,Conventional,1.098451217,6296841.29
Northeast,3/28/21 0:00,Conventional,1.19294567,6136962.96
Northeast,4/4/21 0:00,Conventional,1.226318028,6139765.35
Northeast,4/11/21 0:00,Conventional,1.238105462,5757796.58
Northeast,4/18/21 0:00,Conventional,1.262092626,6006487.18
Northeast,4/25/21 0:00,Conventional,1.273465652,5880251.59
Northeast,5/2/21 0:00,Conventional,1.229401458,6339120.89
Northeast,5/9/21 0:00,Conventional,1.196951955,6651274.26
Northeast,5/16/21 0:00,Conventional,1.25163547,5518699.95
Northeast,5/23/21 0:00,Conventional,1.248497081,6131590.88
Northeast,5/30/21 0:00,Conventional,1.307990491,5874217.59
Northeast,6/6/21 0:00,Conventional,1.25996693,5859002
Northeast,6/13/21 0:00,Conventional,1.276275797,5808503.07
Northeast,6/20/21 0:00,Conventional,1.300727311,5781677.95
Northeast,6/27/21 0:00,Conventional,1.289636108,5547303.69
Northeast,7/4/21 0:00,Conventional,1.287112565,6012034.46
Northeast,7/11/21 0:00,Conventional,1.284525223,5537737.26
Northeast,7/18/21 0:00,Conventional,1.245617491,5530574.05
Northeast,7/25/21 0:00,Conventional,1.257554748,5194448.3
Northeast,8/1/21 0:00,Conventional,1.21252306,5385473.32
Northeast,8/8/21 0:00,Conventional,1.229007594,5230867.13
Northeast,8/15/21 0:00,Conventional,1.205045963,5314302.27
Northeast,8/22/21 0:00,Conventional,1.217055074,5215303.08
Northeast,8/29/21 0:00,Conventional,1.14274261,5229290.82
Northeast,9/5/21 0:00,Conventional,1.170594716,4839754.19
Northeast,9/12/21 0:00,Conventional,1.200725639,4731258.1
Northeast,9/19/21 0:00,Conventional,1.295801996,4311495.21
Northeast,9/26/21 0:00,Conventional,1.294222901,4590427.98
Northeast,10/3/21 0:00,Conventional,1.339004863,4535898.92
Northeast,10/10/21 0:00,Conventional,1.304922083,4987293.11
Northeast,10/17/21 0:00,Conventional,1.363163834,4669704.8
Northeast,10/24/21 0:00,Conventional,1.371915265,4471564.9
Northeast,10/31/21 0:00,Conventional,1.335352791,4630711.77
Northeast,11/7/21 0:00,Conventional,1.299708882,4907030.11
Northeast,11/14/21 0:00,Conventional,1.337185056,4607623.99
Northeast,11/21/21 0:00,Conventional,1.328563917,4703862.06
Northeast,11/28/21 0:00,Conventional,1.363147945,3914344.44
Northeast,1/3/22 0:00,Conventional,1.256217667,5397153.96
Northeast,1/9/22 0:00,Conventional,1.372697887,5333437.47
Northeast,1/16/22 0:00,Conventional,1.348573984,5893124.13
Northeast,1/23/22 0:00,Conventional,1.41942692,5224821.87
Northeast,1/30/22 0:00,Conventional,1.432087818,6317471.13
Northeast,2/6/22 0:00,Conventional,1.462482043,5148079.95
Northeast,2/13/22 0:00,Conventional,1.396732051,7199010.06
Northeast,2/20/22 0:00,Conventional,1.452032302,5562127.46
Northeast,2/27/22 0:00,Conventional,1.483255747,5777474.43
Northeast,3/6/22 0:00,Conventional,1.549523289,4725949.41
Northeast,3/13/22 0:00,Conventional,1.576057165,4851490.54
Northeast,3/20/22 0:00,Conventional,1.589549354,4713341.46
Northeast,3/27/22 0:00,Conventional,1.570967639,5634786.4
Northeast,4/3/22 0:00,Conventional,1.573017184,4921443.78
Northeast,4/10/22 0:00,Conventional,1.459877247,4815619.45
Northeast,4/17/22 0:00,Conventional,1.553121106,4332703.97
Northeast,4/24/22 0:00,Conventional,1.544431617,4882593
Northeast,5/1/22 0:00,Conventional,1.476641658,5868075
Northeast,5/8/22 0:00,Conventional,1.616569572,5584043
Northeast,5/15/22 0:00,Conventional,1.644873485,4668815
