price_optimization/HABdata_2019_2022.csv
region,date,type,price,units_sold
Northeast,1/7/19 0:00,Organic,1.656665754,287093.63
Northeast,1/13/19 0:00,Organic,1.599038578,323225.28
Northeast,1/20/19 0:00,Organic,1.578703634,335365.08
Northeast,1/27/19 0:00,Organic,1.48586814,415874.8
Northeast,2/3/19 0:00,Organic,1.597432296,270959.86
Northeast,2/10/19 0:00,Organic,1.447169999,343273.93
Northeast,2/17/19 0:00,Organic,1.458630729,301641.71
Northeast,2/24/19 0:00,Organic,1.475033279,322462.5
Northeast,3/3/19 0:00,Organic,1.51442875,395834.36
Northeast,3/10/19 0:00,Organic,1.521061156,312808.64
Northeast,3/17/19 0:00,Organic,1.469061564,375266.92
Northeast,3/24/19 0:00,Organic,1.611019299,272447.12
Northeast,3/31/19 0:00,Organic,1.589656585,281343.43
Northeast,4/7/19 0:00,Organic,1.604542981,286704.01
Northeast,4/14/19 0:00,Organic,1.543628642,476969.98
Northeast,4/21/19 0:00,Organic,1.942002114,246292.93
Northeast,4/28/19 0:00,Organic,2.012640631,217447.32
Northeast,5/5/19 0:00,Organic,2.078500614,214306.36
Northeast,5/12/19 0:00,Organic,1.936472046,234764.09
Northeast,5/19/19 0:00,Organic,2.044427401,199554.99
Northeast,5/26/19 0:00,Organic,2.068563222,193856.63
Northeast,6/2/19 0:00,Organic,2.097980722,189308.9
Northeast,6/9/19 0:00,Organic,2.063480751,193764.57
Northeast,6/16/19 0:00,Organic,2.057295333,214304.3
Northeast,6/23/19 0:00,Organic,2.161029019,185889.91
Northeast,6/30/19 0:00,Organic,2.13942946,181468.15
Northeast,7/7/19 0:00,Organic,2.258107574,175810.98
Northeast,7/14/19 0:00,Organic,2.30490751,160094.42
Northeast,7/21/19 0:00,Organic,2.318319722,166601.27
Northeast,7/28/19 0:00,Organic,2.336655772,162146.99
Northeast,8/4/19 0:00,Organic,2.342983504,178388.43
Northeast,8/11/19 0:00,Organic,2.277967773,180426.63
Northeast,8/18/19 0:00,Organic,2.074999,205230.96
Northeast,8/25/19 0:00,Organic,2.029048766,216181.91
Northeast,9/1/19 0:00,Organic,1.96935944,218746.19
Northeast,9/8/19 0:00,Organic,1.975755177,220149.33
Northeast,9/15/19 0:00,Organic,1.808703616,245655.54
Northeast,9/22/19 0:00,Organic,1.844221855,231816
Northeast,9/29/19 0:00,Organic,1.751344955,263278.62
Northeast,10/6/19 0:00,Organic,1.812606889,216806.16
Northeast,10/13/19 0:00,Organic,1.925685952,178173.24
Northeast,10/20/19 0:00,Organic,1.83814272,170515.8
Northeast,10/27/19 0:00,Organic,1.745604899,194542.94
Northeast,11/3/19 0:00,Organic,1.723606075,203853.26
Northeast,11/10/19 0:00,Organic,1.784112124,187664.77
Northeast,11/17/19 0:00,Organic,1.563950175,274302.04
Northeast,11/24/19 0:00,Organic,1.807119855,169770.74
Northeast,12/1/19 0:00,Organic,1.835500264,158872.53
Northeast,12/8/19 0:00,Organic,1.777910652,175261.35
Northeast,12/15/19 0:00,Organic,1.628568023,219276.34
Northeast,12/22/19 0:00,Organic,1.520707697,268479.36
Northeast,12/29/19 0:00,Organic,1.723122683,171935.97
Northeast,1/6/20 0:00,Organic,1.655929522,228683.27
Northeast,1/12/20 0:00,Organic,1.690224682,242068.06
Northeast,1/19/20 0:00,Organic,1.570342691,292190.87
Northeast,1/26/20 0:00,Organic,1.719955603,248090.89
Northeast,2/2/20 0:00,Organic,1.647071224,263590.92
Northeast,2/9/20 0:00,Organic,1.70787387,222704.01
Northeast,2/16/20 0:00,Organic,1.591505949,246875.72
Northeast,2/23/20 0:00,Organic,1.692088272,225022.86
Northeast,3/1/20 0:00,Organic,1.760398049,373646.31
Northeast,3/8/20 0:00,Organic,1.849303046,269425.42
Northeast,3/15/20 0:00,Organic,1.897042508,298619.64
Northeast,3/22/20 0:00,Organic,1.91623469,262244.33
Northeast,3/29/20 0:00,Organic,1.88959805,242647.44
Northeast,4/5/20 0:00,Organic,1.990120523,276067.42
Northeast,4/12/20 0:00,Organic,1.969220861,290051.86
Northeast,4/19/20 0:00,Organic,1.961680161,268889.29
Northeast,4/26/20 0:00,Organic,1.908595599,255579.23
Northeast,5/3/20 0:00,Organic,1.991091083,250032.53
Northeast,5/10/20 0:00,Organic,2.018115773,290829.7
Northeast,5/17/20 0:00,Organic,1.90781763,317750.48
Northeast,5/24/20 0:00,Organic,1.942424753,315287.63
Northeast,5/31/20 0:00,Organic,1.952128943,276314.54
Northeast,6/7/20 0:00,Organic,1.954299804,287647.35
Northeast,6/14/20 0:00,Organic,1.932302735,269451.66
Northeast,6/21/20 0:00,Organic,1.943808043,269088.24
Northeast,6/28/20 0:00,Organic,1.96899714,252446.23
Northeast,7/5/20 0:00,Organic,1.956622291,257407.94
Northeast,7/12/20 0:00,Organic,1.998483223,241302.51
Northeast,7/19/20 0:00,Organic,1.967078627,244844.26
Northeast,7/26/20 0:00,Organic,1.748816246,279211.77
Northeast,8/2/20 0:00,Organic,1.871450173,245778.11
Northeast,8/9/20 0:00,Organic,1.942570985,225659.34
Northeast,8/16/20 0:00,Organic,1.889289368,245846.65
Northeast,8/23/20 0:00,Organic,1.862964706,237427.98
Northeast,8/30/20 0:00,Organic,1.900899672,232608.01
Northeast,9/6/20 0:00,Organic,1.894414881,239011.83
Northeast,9/13/20 0:00,Organic,1.911849662,233837.8
Northeast,9/20/20 0:00,Organic,1.822535022,246494.94
Northeast,9/27/20 0:00,Organic,1.835396985,221631.79
Northeast,10/4/20 0:00,Organic,1.778063294,225940.74
Northeast,10/11/20 0:00,Organic,1.820715992,213921.16
Northeast,10/18/20 0:00,Organic,1.783003185,214604.99
Northeast,10/25/20 0:00,Organic,1.739891495,228034.06
Northeast,11/1/20 0:00,Organic,1.687043672,229789.31
Northeast,11/8/20 0:00,Organic,1.78156474,229554.54
Northeast,11/15/20 0:00,Organic,1.823706806,216821.55
Northeast,11/22/20 0:00,Organic,1.733017165,218528.99
Northeast,11/29/20 0:00,Organic,1.720188195,190414.53
Northeast,12/6/20 0:00,Organic,1.715130022,222212.7
Northeast,12/13/20 0:00,Organic,1.67700449,245890.86
Northeast,12/20/20 0:00,Organic,1.719643359,236304.81
Northeast,12/27/20 0:00,Organic,1.636882866,230521.65
Northeast,1/4/21 0:00,Organic,1.60383111,255627.24
Northeast,1/10/21 0:00,Organic,1.488627563,387107.47
Northeast,1/17/21 0:00,Organic,1.610486115,340200.93
Northeast,1/24/21 0:00,Organic,1.583978862,359263.78
Northeast,1/31/21 0:00,Organic,1.555845649,357446.94
Northeast,2/7/21 0:00,Organic,1.524879266,368275.65
Northeast,2/14/21 0:00,Organic,1.544027958,321258.26
Northeast,2/21/21 0:00,Organic,1.544267283,335010.68
Northeast,2/28/21 0:00,Organic,1.571591843,356134.66
Northeast,3/7/21 0:00,Organic,1.629209242,327770.84
Northeast,3/14/21 0:00,Organic,1.637816593,320071.31
Northeast,3/21/21 0:00,Organic,1.62809865,315356.05
Northeast,3/28/21 0:00,Organic,1.688022972,298664.32
Northeast,4/4/21 0:00,Organic,1.749776222,295556.83
Northeast,4/11/21 0:00,Organic,1.735689239,293037.39
Northeast,4/18/21 0:00,Organic,1.736095129,327111.4
Northeast,4/25/21 0:00,Organic,1.76934492,313351.54
Northeast,5/2/21 0:00,Organic,1.762967833,318372.42
Northeast,5/9/21 0:00,Organic,1.786850676,306461.24
Northeast,5/16/21 0:00,Organic,1.790780587,287308.28
Northeast,5/23/21 0:00,Organic,1.771853714,306096.01
Northeast,5/30/21 0:00,Organic,1.786865954,300787.9
Northeast,6/6/21 0:00,Organic,1.806163278,291990.2
Northeast,6/13/21 0:00,Organic,1.814500635,289025.11
Northeast,6/20/21 0:00,Organic,1.724512919,226844.08
Northeast,6/27/21 0:00,Organic,1.770567027,210980.93
Northeast,7/4/21 0:00,Organic,1.766404014,215021.07
Northeast,7/11/21 0:00,Organic,1.85121426,191807.4
Northeast,7/18/21 0:00,Organic,1.873999483,249625.13
Northeast,7/25/21 0:00,Organic,1.879344691,253791.51
Northeast,8/1/21 0:00,Organic,1.916719218,247481.01
Northeast,8/8/21 0:00,Organic,1.88480079,243722.88
Northeast,8/15/21 0:00,Organic,1.794984724,261748
Northeast,8/22/21 0:00,Organic,1.774965619,281343.15
Northeast,8/29/21 0:00,Organic,1.783301023,278860.22
Northeast,9/5/21 0:00,Organic,1.813436531,294082.79
Northeast,9/12/21 0:00,Organic,1.794225044,284431.03
Northeast,9/19/21 0:00,Organic,1.751057384,300556.23
Northeast,9/26/21 0:00,Organic,1.794122649,258127.73
Northeast,10/3/21 0:00,Organic,1.817148182,240126.77
Northeast,10/10/21 0:00,Organic,1.834459628,239404.77
Northeast,10/17/21 0:00,Organic,1.814551697,242536.9
Northeast,10/24/21 0:00,Organic,1.758550206,262931.71
Northeast,10/31/21 0:00,Organic,1.760642936,261881.97
Northeast,11/7/21 0:00,Organic,1.792713319,246896.89
Northeast,11/14/21 0:00,Organic,1.791494763,254244.56
Northeast,11/21/21 0:00,Organic,1.800245929,243089.66
Northeast,11/28/21 0:00,Organic,1.805672959,216548.73
Northeast,1/3/22 0:00,Organic,1.777734784,227030.67
Northeast,1/9/22 0:00,Organic,1.679581473,356138.16
Northeast,1/16/22 0:00,Organic,1.754481015,300293.07
Northeast,1/23/22 0:00,Organic,1.73989593,294230.85
Northeast,1/30/22 0:00,Organic,1.707670986,319162.01
Northeast,2/6/22 0:00,Organic,1.765991906,290233.79
Northeast,2/13/22 0:00,Organic,1.788413067,278958.5
Northeast,2/20/22 0:00,Organic,1.851788382,259559.41
Northeast,2/27/22 0:00,Organic,1.876656851,222305.81
Northeast,3/6/22 0:00,Organic,1.845751928,220957.89
Northeast,3/13/22 0:00,Organic,1.854256278,268685.19
Northeast,3/20/22 0:00,Organic,1.912427384,255638.36
Northeast,3/27/22 0:00,Organic,1.880937617,262212.66
Northeast,4/3/22 0:00,Organic,1.8997633,270976.42
Northeast,4/10/22 0:00,Organic,1.918193823,268504.14
Northeast,4/17/22 0:00,Organic,1.892091647,266109.05
Northeast,4/24/22 0:00,Organic,1.980931907,220151.61
Northeast,5/1/22 0:00,Organic,1.91727154,265520.45
Northeast,5/8/22 0:00,Organic,1.891883261,280534.91
Northeast,5/15/22 0:00,Organic,1.921468682,253026.49
