price_optimization/HABdata_2019_2022.csv
region,date,type,price,units_sold
Northern_New_England,1/7/19 0:00,Conventional,1.247699577,448144.26
Northern_New_England,1/13/19 0:00,Conventional,1.278872274,391376.19
Northern_New_England,1/20/19 0:00,Conventional,1.074732678,662778.95
Northern_New_England,1/27/19 0:00,Conventional,1.259558081,350737.33
Northern_New_England,2/3/19 0:00,Conventional,0.943754339,695229.78
Northern_New_England,2/10/19 0:00,Conventional,1.016155011,508888.47
Northern_New_England,2/17/19 0:00,Conventional,1.256404647,388047.37
Northern_New_England,2/24/19 0:00,Conventional,1.249671705,404779.64
Northern_New_England,3/3/19 0:00,Conventional,1.300867007,379372.81
Northern_New_England,3/10/19 0:00,Conventional,0.977379716,617836.64
Northern_New_England,3/17/19 0:00,Conventional,1.297006312,366304.17
Northern_New_England,3/24/19 0:00,Conventional,1.132904724,460268.63
Northern_New_England,3/31/19 0:00,Conventional,1.286070308,379703.51
Northern_New_England,4/7/19 0:00,Conventional,0.99410253,639133.89
Northern_New_England,4/14/19 0:00,Conventional,1.33828496,364628.59
Northern_New_England,4/21/19 0:00,Conventional,1.427655141,387369.24
Northern_New_England,4/28/19 0:00,Conventional,1.4745153,354422.42
Northern_New_England,5/5/19 0:00,Conventional,1.17936822,639745.06
Northern_New_England,5/12/19 0:00,Conventional,1.464980346,446140.02
Northern_New_England,5/19/19 0:00,Conventional,1.595479034,401798.15
Northern_New_England,5/26/19 0:00,Conventional,1.595972545,425983.53
Northern_New_England,6/2/19 0:00,Conventional,1.616378344,415854.44
Northern_New_England,6/9/19 0:00,Conventional,1.48958105,474186
Northern_New_England,6/16/19 0:00,Conventional,1.167432147,619046.45
Northern_New_England,6/23/19 0:00,Conventional,1.569471027,397995.85
Northern_New_England,6/30/19 0:00,Conventional,1.495747238,418661.79
Northern_New_England,7/7/19 0:00,Conventional,1.517783384,449996.74
Northern_New_England,7/14/19 0:00,Conventional,1.618663779,408837.8
Northern_New_England,7/21/19 0:00,Conventional,1.807255782,388986.4
Northern_New_England,7/28/19 0:00,Conventional,1.840539639,381209.12
Northern_New_England,8/4/19 0:00,Conventional,1.780272224,412542.38
Northern_New_England,8/11/19 0:00,Conventional,1.759361628,406340.99
Northern_New_England,8/18/19 0:00,Conventional,1.549343364,510628.93
Northern_New_England,8/25/19 0:00,Conventional,1.329944714,416527.56
Northern_New_England,9/1/19 0:00,Conventional,1.499702653,372091.75
Northern_New_England,9/8/19 0:00,Conventional,1.517356509,409573.42
Northern_New_England,9/15/19 0:00,Conventional,1.555594334,390265.59
Northern_New_England,9/22/19 0:00,Conventional,1.412585186,390877.05
Northern_New_England,9/29/19 0:00,Conventional,1.168514586,546201.79
Northern_New_England,10/6/19 0:00,Conventional,1.146778736,474688.84
Northern_New_England,10/13/19 0:00,Conventional,1.412956975,307152.85
Northern_New_England,10/20/19 0:00,Conventional,1.10770296,498095.77
Northern_New_England,10/27/19 0:00,Conventional,1.365856144,318863.7
Northern_New_England,11/3/19 0:00,Conventional,1.334404606,316866.25
Northern_New_England,11/10/19 0:00,Conventional,1.339156289,351593.47
Northern_New_England,11/17/19 0:00,Conventional,1.017859312,564634.07
Northern_New_England,11/24/19 0:00,Conventional,1.208571414,315865.3
Northern_New_England,12/1/19 0:00,Conventional,1.303041522,289890.66
Northern_New_England,12/8/19 0:00,Conventional,1.314806946,355321.55
Northern_New_England,12/15/19 0:00,Conventional,0.96021754,533314.72
Northern_New_England,12/22/19 0:00,Conventional,1.318247972,328760.69
Northern_New_England,12/29/19 0:00,Conventional,0.941615714,471199.2
Northern_New_England,1/6/20 0:00,Conventional,0.916955768,635758.39
Northern_New_England,1/12/20 0:00,Conventional,1.266067771,424626.34
Northern_New_England,1/19/20 0:00,Conventional,0.983384921,617654.05
Northern_New_England,1/26/20 0:00,Conventional,1.181456036,439388.67
Northern_New_England,2/2/20 0:00,Conventional,1.020993282,632232.56
Northern_New_England,2/9/20 0:00,Conventional,1.079746716,489995.76
Northern_New_England,2/16/20 0:00,Conventional,1.326876724,380714.45
Northern_New_England,2/23/20 0:00,Conventional,1.25640451,447372.11
Northern_New_England,3/1/20 0:00,Conventional,1.389206602,391844.1
Northern_New_England,3/8/20 0:00,Conventional,1.289225439,458234.16
Northern_New_England,3/15/20 0:00,Conventional,1.349550172,527896.06
Northern_New_England,3/22/20 0:00,Conventional,1.372129677,535235.16
Northern_New_England,3/29/20 0:00,Conventional,1.159472371,583428.06
Northern_New_England,4/5/20 0:00,Conventional,1.370259281,462994.66
Northern_New_England,4/12/20 0:00,Conventional,1.38045703,490547.85
Northern_New_England,4/19/20 0:00,Conventional,1.411775637,456686.26
Northern_New_England,4/26/20 0:00,Conventional,1.429057267,517831.89
Northern_New_England,5/3/20 0:00,Conventional,1.395200702,541116.87
Northern_New_England,5/10/20 0:00,Conventional,1.159882142,762830.54
Northern_New_England,5/17/20 0:00,Conventional,1.395798006,524196.96
Northern_New_England,5/24/20 0:00,Conventional,1.38065205,565483.74
Northern_New_England,5/31/20 0:00,Conventional,1.403821901,568622.96
Northern_New_England,6/7/20 0:00,Conventional,1.380068488,548076.94
Northern_New_England,6/14/20 0:00,Conventional,1.002479777,830915.04
Northern_New_England,6/21/20 0:00,Conventional,1.358186526,533733.33
Northern_New_England,6/28/20 0:00,Conventional,1.376681641,547139.13
Northern_New_England,7/5/20 0:00,Conventional,1.35604013,585284.68
Northern_New_England,7/12/20 0:00,Conventional,1.344749008,543070.36
Northern_New_England,7/19/20 0:00,Conventional,1.243111953,549329.22
Northern_New_England,7/26/20 0:00,Conventional,1.294746138,568655.96
Northern_New_England,8/2/20 0:00,Conventional,1.136958038,539205.81
Northern_New_England,8/9/20 0:00,Conventional,1.008969642,705437.01
Northern_New_England,8/16/20 0:00,Conventional,1.151457687,552941.26
Northern_New_England,8/23/20 0:00,Conventional,1.079170751,506844.68
Northern_New_England,8/30/20 0:00,Conventional,0.938145106,652503.62
Northern_New_England,9/6/20 0:00,Conventional,1.189459454,465810.37
Northern_New_England,9/13/20 0:00,Conventional,1.156054362,455024.23
Northern_New_England,9/20/20 0:00,Conventional,0.984401652,558869.72
Northern_New_England,9/27/20 0:00,Conventional,1.087700432,467994.68
Northern_New_England,10/4/20 0:00,Conventional,1.196386464,432348.63
Northern_New_England,10/11/20 0:00,Conventional,1.177850957,451151.23
Northern_New_England,10/18/20 0:00,Conventional,1.088612213,456989.85
Northern_New_England,10/25/20 0:00,Conventional,0.975244832,543647.74
Northern_New_England,11/1/20 0:00,Conventional,1.225330819,422912.79
Northern_New_England,11/8/20 0:00,Conventional,1.059820282,470628.08
Northern_New_England,11/15/20 0:00,Conventional,1.215269297,453405.11
Northern_New_England,11/22/20 0:00,Conventional,0.981795073,497077.19
Northern_New_England,11/29/20 0:00,Conventional,1.117263493,347796.33
Northern_New_England,12/6/20 0:00,Conventional,1.077157014,493236.47
Northern_New_England,12/13/20 0:00,Conventional,0.913138567,533993.74
Northern_New_England,12/20/20 0:00,Conventional,1.187798921,407620.74
Northern_New_England,12/27/20 0:00,Conventional,1.121474772,403439.3
Northern_New_England,1/4/21 0:00,Conventional,0.937388466,647812.66
Northern_New_England,1/10/21 0:00,Conventional,1.12514792,536667.79
Northern_New_England,1/17/21 0:00,Conventional,1.125189622,553072.59
Northern_New_England,1/24/21 0:00,Conventional,0.910299432,670659.88
Northern_New_England,1/31/21 0:00,Conventional,0.9196036,525443.41
Northern_New_England,2/7/21 0:00,Conventional,0.879488582,737615.85
Northern_New_England,2/14/21 0:00,Conventional,0.994154605,609573.23
Northern_New_England,2/21/21 0:00,Conventional,1.070293388,514781.37
Northern_New_England,2/28/21 0:00,Conventional,1.109980881,491222.65
Northern_New_England,3/7/21 0:00,Conventional,1.068348713,542878.24
Northern_New_England,3/14/21 0:00,Conventional,1.052064496,547687.87
Northern_New_England,3/21/21 0:00,Conventional,0.974750985,623806.95
Northern_New_England,3/28/21 0:00,Conventional,1.098299599,525478.96
Northern_New_England,4/4/21 0:00,Conventional,1.151344866,556985.3
Northern_New_England,4/11/21 0:00,Conventional,1.098731019,580105.98
Northern_New_England,4/18/21 0:00,Conventional,1.154073985,548300.74
Northern_New_England,4/25/21 0:00,Conventional,1.114587945,545124.02
Northern_New_England,5/2/21 0:00,Conventional,1.147696262,529290.14
Northern_New_England,5/9/21 0:00,Conventional,0.980596771,708985.81
Northern_New_England,5/16/21 0:00,Conventional,1.144433237,500900.27
Northern_New_England,5/23/21 0:00,Conventional,1.128653081,581029.75
Northern_New_England,5/30/21 0:00,Conventional,1.246122504,544408.36
Northern_New_England,6/6/21 0:00,Conventional,1.047098932,614863.39
Northern_New_England,6/13/21 0:00,Conventional,1.214069018,536796.37
Northern_New_England,6/20/21 0:00,Conventional,1.260663029,534086.89
Northern_New_England,6/27/21 0:00,Conventional,1.106823488,626270.83
Northern_New_England,7/4/21 0:00,Conventional,1.253221429,580998.24
Northern_New_England,7/11/21 0:00,Conventional,1.210755999,535946.7
Northern_New_England,7/18/21 0:00,Conventional,1.174527244,551303.8
Northern_New_England,7/25/21 0:00,Conventional,1.174949103,519516.99
Northern_New_England,8/1/21 0:00,Conventional,1.168872362,471773.06
Northern_New_England,8/8/21 0:00,Conventional,0.988914145,623236.76
Northern_New_England,8/15/21 0:00,Conventional,1.205541495,453008.17
Northern_New_England,8/22/21 0:00,Conventional,1.209690285,463313.72
Northern_New_England,8/29/21 0:00,Conventional,0.938614816,621596.61
Northern_New_England,9/5/21 0:00,Conventional,1.174533876,424391.82
Northern_New_England,9/12/21 0:00,Conventional,1.225632329,398536.58
Northern_New_England,9/19/21 0:00,Conventional,1.248428048,382202.72
Northern_New_England,9/26/21 0:00,Conventional,1.283143566,358028.19
Northern_New_England,10/3/21 0:00,Conventional,1.296512864,400572.43
Northern_New_England,10/10/21 0:00,Conventional,1.323674854,400599.1
Northern_New_England,10/17/21 0:00,Conventional,1.312723973,418754.4
Northern_New_England,10/24/21 0:00,Conventional,1.309611816,407331.93
Northern_New_England,10/31/21 0:00,Conventional,1.300076741,410999.83
Northern_New_England,11/7/21 0:00,Conventional,1.02084658,530658.49
Northern_New_England,11/14/21 0:00,Conventional,1.21483123,453673.02
Northern_New_England,11/21/21 0:00,Conventional,1.262600734,404932.02
Northern_New_England,11/28/21 0:00,Conventional,1.346973473,334740.33
Northern_New_England,1/3/22 0:00,Conventional,1.052108751,599149.77
Northern_New_England,1/9/22 0:00,Conventional,1.286336156,477727.78
Northern_New_England,1/16/22 0:00,Conventional,1.191520176,537420.9
Northern_New_England,1/23/22 0:00,Conventional,1.189532476,513115.27
Northern_New_England,1/30/22 0:00,Conventional,1.107560209,648414.08
Northern_New_England,2/6/22 0:00,Conventional,1.333875206,443503.96
Northern_New_England,2/13/22 0:00,Conventional,1.018520851,692550.48
Northern_New_England,2/20/22 0:00,Conventional,1.245448963,500468.31
Northern_New_England,2/27/22 0:00,Conventional,1.40838922,443982.82
Northern_New_England,3/6/22 0:00,Conventional,1.390358177,448155.54
Northern_New_England,3/13/22 0:00,Conventional,1.424689866,457579.63
Northern_New_England,3/20/22 0:00,Conventional,1.454566992,437195.27
Northern_New_England,3/27/22 0:00,Conventional,1.43208247,442988.03
Northern_New_England,4/3/22 0:00,Conventional,1.460097895,456193.8
Northern_New_England,4/10/22 0:00,Conventional,1.139633497,643638.94
Northern_New_England,4/17/22 0:00,Conventional,1.456132481,458124.13
Northern_New_England,4/24/22 0:00,Conventional,1.163586423,528259
Northern_New_England,5/1/22 0:00,Conventional,1.531556978,437938
Northern_New_England,5/8/22 0:00,Conventional,1.496001406,563323
Northern_New_England,5/15/22 0:00,Conventional,1.513707018,445830
