price_optimization/HABdata_2019_2022.csv
region,date,type,price,units_sold
Northern_New_England,1/7/19 0:00,Organic,1.646244543,22186.21
Northern_New_England,1/13/19 0:00,Organic,1.458691529,29780.04
Northern_New_England,1/20/19 0:00,Organic,1.669761253,21883.95
Northern_New_England,1/27/19 0:00,Organic,1.485091371,17946.7
Northern_New_England,2/3/19 0:00,Organic,1.514568777,18544.8
Northern_New_England,2/10/19 0:00,Organic,1.337201562,19118.51
Northern_New_England,2/17/19 0:00,Organic,1.489996704,18414.84
Northern_New_England,2/24/19 0:00,Organic,1.522181937,18617.79
Northern_New_England,3/3/19 0:00,Organic,1.348944734,24139.16
Northern_New_England,3/10/19 0:00,Organic,1.478797969,19175.63
Northern_New_England,3/17/19 0:00,Organic,1.505762673,19259
Northern_New_England,3/24/19 0:00,Organic,1.322725545,24897.87
Northern_New_England,3/31/19 0:00,Organic,1.525518346,19404.7
Northern_New_England,4/7/19 0:00,Organic,1.597975169,16325.8
Northern_New_England,4/14/19 0:00,Organic,1.586083413,18245.08
Northern_New_England,4/21/19 0:00,Organic,1.757273895,19485.91
Northern_New_England,4/28/19 0:00,Organic,1.835157054,15061.41
Northern_New_England,5/5/19 0:00,Organic,1.920657644,15418.54
Northern_New_England,5/12/19 0:00,Organic,1.850555462,20370.36
Northern_New_England,5/19/19 0:00,Organic,1.540188269,25508.87
Northern_New_England,5/26/19 0:00,Organic,1.960421533,16629.46
Northern_New_England,6/2/19 0:00,Organic,1.931132066,15706.01
Northern_New_England,6/9/19 0:00,Organic,1.877594191,16715.05
Northern_New_England,6/16/19 0:00,Organic,1.898316386,18498.15
Northern_New_England,6/23/19 0:00,Organic,1.886839076,16512.11
Northern_New_England,6/30/19 0:00,Organic,1.885784637,17060.43
Northern_New_England,7/7/19 0:00,Organic,1.961071019,19875.28
Northern_New_England,7/14/19 0:00,Organic,2.026279426,16796.87
Northern_New_England,7/21/19 0:00,Organic,2.189294082,16010.23
Northern_New_England,7/28/19 0:00,Organic,2.200469574,13700.9
Northern_New_England,8/4/19 0:00,Organic,2.179717125,15177.06
Northern_New_England,8/11/19 0:00,Organic,2.286543259,13863.07
Northern_New_England,8/18/19 0:00,Organic,2.130214117,12189.28
Northern_New_England,8/25/19 0:00,Organic,2.353456493,12786.79
Northern_New_England,9/1/19 0:00,Organic,2.136750655,16310.32
Northern_New_England,9/8/19 0:00,Organic,2.242653619,12955.06
Northern_New_England,9/15/19 0:00,Organic,2.155833933,10907.91
Northern_New_England,9/22/19 0:00,Organic,2.242162875,10577.25
Northern_New_England,9/29/19 0:00,Organic,1.873863609,12532.9
Northern_New_England,10/6/19 0:00,Organic,1.801859958,12428.02
Northern_New_England,10/13/19 0:00,Organic,2.100039023,10789.12
Northern_New_England,10/20/19 0:00,Organic,2.047898156,10505.39
Northern_New_England,10/27/19 0:00,Organic,2.088023085,12666.85
Northern_New_England,11/3/19 0:00,Organic,2.252126868,11114.15
Northern_New_England,11/10/19 0:00,Organic,2.292468694,10691.01
Northern_New_England,11/17/19 0:00,Organic,2.288525515,9354.43
Northern_New_England,11/24/19 0:00,Organic,2.27356379,9957.06
Northern_New_England,12/1/19 0:00,Organic,2.204868929,9334.44
Northern_New_England,12/8/19 0:00,Organic,2.232139414,11085.23
Northern_New_England,12/15/19 0:00,Organic,2.198711231,9543.67
Northern_New_England,12/22/19 0:00,Organic,2.216691526,9909.09
Northern_New_England,12/29/19 0:00,Organic,2.018658987,9911.74
Northern_New_England,1/6/20 0:00,Organic,1.830698754,12809.64
Northern_New_England,1/12/20 0:00,Organic,1.775790398,14286.35
Northern_New_England,1/19/20 0:00,Organic,1.859634678,11702.26
Northern_New_England,1/26/20 0:00,Organic,1.764166165,13672.28
Northern_New_England,2/2/20 0:00,Organic,1.874507423,11398.76
Northern_New_England,2/9/20 0:00,Organic,1.625420485,17182.19
Northern_New_England,2/16/20 0:00,Organic,1.730506447,14644.42
Northern_New_England,2/23/20 0:00,Organic,1.732458546,15055.87
Northern_New_England,3/1/20 0:00,Organic,1.717427134,17482.27
Northern_New_England,3/8/20 0:00,Organic,1.829060103,16136.16
Northern_New_England,3/15/20 0:00,Organic,1.882175063,18747.91
Northern_New_England,3/22/20 0:00,Organic,1.868396513,17036.32
Northern_New_England,3/29/20 0:00,Organic,1.856092141,13132.82
Northern_New_England,4/5/20 0:00,Organic,1.924732288,19620.08
Northern_New_England,4/12/20 0:00,Organic,1.942533546,20621.56
Northern_New_England,4/19/20 0:00,Organic,1.957821533,17990.71
Northern_New_England,4/26/20 0:00,Organic,1.869510839,18229.9
Northern_New_England,5/3/20 0:00,Organic,1.946444768,20365.82
Northern_New_England,5/10/20 0:00,Organic,1.958094066,19658.76
Northern_New_England,5/17/20 0:00,Organic,1.932028198,19149.86
Northern_New_England,5/24/20 0:00,Organic,1.987113662,22399.08
Northern_New_England,5/31/20 0:00,Organic,1.982768389,22898.81
Northern_New_England,6/7/20 0:00,Organic,1.971329929,20424.39
Northern_New_England,6/14/20 0:00,Organic,1.984582901,17986.34
Northern_New_England,6/21/20 0:00,Organic,1.94369682,19427.6
Northern_New_England,6/28/20 0:00,Organic,2.008991953,20002.91
Northern_New_England,7/5/20 0:00,Organic,2.035958367,21390.27
Northern_New_England,7/12/20 0:00,Organic,2.004104225,20138.2
Northern_New_England,7/19/20 0:00,Organic,2.06625454,18863.6
Northern_New_England,7/26/20 0:00,Organic,1.757768734,21833.83
Northern_New_England,8/2/20 0:00,Organic,1.97256608,16706.66
Northern_New_England,8/9/20 0:00,Organic,2.049637797,12974.09
Northern_New_England,8/16/20 0:00,Organic,1.998262017,16777.03
Northern_New_England,8/23/20 0:00,Organic,1.893815151,18144.99
Northern_New_England,8/30/20 0:00,Organic,1.98250255,14125.87
Northern_New_England,9/6/20 0:00,Organic,2.00279518,15801.06
Northern_New_England,9/13/20 0:00,Organic,1.812334178,18494.52
Northern_New_England,9/20/20 0:00,Organic,1.955695083,13092.88
Northern_New_England,9/27/20 0:00,Organic,1.908068922,14237.94
Northern_New_England,10/4/20 0:00,Organic,2.04371363,12658.71
Northern_New_England,10/11/20 0:00,Organic,1.928990857,13613.43
Northern_New_England,10/18/20 0:00,Organic,1.954860624,13966.65
Northern_New_England,10/25/20 0:00,Organic,1.916666068,13496.91
Northern_New_England,11/1/20 0:00,Organic,1.850785223,14247.08
Northern_New_England,11/8/20 0:00,Organic,1.752024508,14317.35
Northern_New_England,11/15/20 0:00,Organic,1.803062861,14735.7
Northern_New_England,11/22/20 0:00,Organic,1.814894304,13157.07
Northern_New_England,11/29/20 0:00,Organic,1.797497058,12075.91
Northern_New_England,12/6/20 0:00,Organic,1.803517793,14438.23
Northern_New_England,12/13/20 0:00,Organic,1.837154131,12780.46
Northern_New_England,12/20/20 0:00,Organic,1.823894455,13518.12
Northern_New_England,12/27/20 0:00,Organic,1.825725382,15116.26
Northern_New_England,1/4/21 0:00,Organic,1.804586444,14617.1
Northern_New_England,1/10/21 0:00,Organic,1.794609081,18415.05
Northern_New_England,1/17/21 0:00,Organic,1.818500218,17579.59
Northern_New_England,1/24/21 0:00,Organic,1.719153463,18573.75
Northern_New_England,1/31/21 0:00,Organic,1.457145682,34852.63
Northern_New_England,2/7/21 0:00,Organic,1.552478142,19335.5
Northern_New_England,2/14/21 0:00,Organic,1.64130727,18737.98
Northern_New_England,2/21/21 0:00,Organic,1.69130667,16662.55
Northern_New_England,2/28/21 0:00,Organic,1.807804241,17980.02
Northern_New_England,3/7/21 0:00,Organic,1.828615745,19117.07
Northern_New_England,3/14/21 0:00,Organic,1.774662005,18845.17
Northern_New_England,3/21/21 0:00,Organic,1.794783201,19215.7
Northern_New_England,3/28/21 0:00,Organic,1.844709548,17852.35
Northern_New_England,4/4/21 0:00,Organic,1.926763089,18204.1
Northern_New_England,4/11/21 0:00,Organic,1.934206375,15787.5
Northern_New_England,4/18/21 0:00,Organic,1.907358796,18897.97
Northern_New_England,4/25/21 0:00,Organic,2.001347622,17028.17
Northern_New_England,5/2/21 0:00,Organic,2.053657845,18182.08
Northern_New_England,5/9/21 0:00,Organic,2.076187269,17610.52
Northern_New_England,5/16/21 0:00,Organic,2.072917103,16681.48
Northern_New_England,5/23/21 0:00,Organic,2.03334766,17084.73
Northern_New_England,5/30/21 0:00,Organic,2.080695939,18460.94
Northern_New_England,6/6/21 0:00,Organic,2.101906919,16352.65
Northern_New_England,6/13/21 0:00,Organic,2.086103278,17327.73
Northern_New_England,6/20/21 0:00,Organic,2.025363204,15921.25
Northern_New_England,6/27/21 0:00,Organic,2.261267619,12562.79
Northern_New_England,7/4/21 0:00,Organic,2.218214689,17212.55
Northern_New_England,7/11/21 0:00,Organic,2.289592961,14513.7
Northern_New_England,7/18/21 0:00,Organic,2.160696998,18089.58
Northern_New_England,7/25/21 0:00,Organic,2.105181706,18837.2
Northern_New_England,8/1/21 0:00,Organic,2.167889061,21736
Northern_New_England,8/8/21 0:00,Organic,2.080817364,19567.48
Northern_New_England,8/15/21 0:00,Organic,2.17676087,18362.22
Northern_New_England,8/22/21 0:00,Organic,1.973908355,20135.95
Northern_New_England,8/29/21 0:00,Organic,2.103794592,15811.74
Northern_New_England,9/5/21 0:00,Organic,2.112210022,18596.95
Northern_New_England,9/12/21 0:00,Organic,2.174167896,15398.73
Northern_New_England,9/19/21 0:00,Organic,2.170903951,15668.45
Northern_New_England,9/26/21 0:00,Organic,2.191327358,14382.84
Northern_New_England,10/3/21 0:00,Organic,2.114028063,12462.02
Northern_New_England,10/10/21 0:00,Organic,2.15373533,13076.13
Northern_New_England,10/17/21 0:00,Organic,2.127904491,14100.1
Northern_New_England,10/24/21 0:00,Organic,2.132531825,13638.49
Northern_New_England,10/31/21 0:00,Organic,1.903298173,15365.98
Northern_New_England,11/7/21 0:00,Organic,2.095042201,12037.07
Northern_New_England,11/14/21 0:00,Organic,2.045557323,13965.27
Northern_New_England,11/21/21 0:00,Organic,2.056634736,12068.69
Northern_New_England,11/28/21 0:00,Organic,2.089380332,10715.05
Northern_New_England,1/3/22 0:00,Organic,1.969356857,14360.86
Northern_New_England,1/9/22 0:00,Organic,1.980351373,17324.5
Northern_New_England,1/16/22 0:00,Organic,1.957572646,15907.85
Northern_New_England,1/23/22 0:00,Organic,1.956232138,15799.07
Northern_New_England,1/30/22 0:00,Organic,1.902688696,15810.46
Northern_New_England,2/6/22 0:00,Organic,1.966109776,14581.45
Northern_New_England,2/13/22 0:00,Organic,1.939149201,15748.48
Northern_New_England,2/20/22 0:00,Organic,2.010293682,18969.08
Northern_New_England,2/27/22 0:00,Organic,2.037105439,15058.02
Northern_New_England,3/6/22 0:00,Organic,1.956706292,14869.53
Northern_New_England,3/13/22 0:00,Organic,1.929478291,18019.3
Northern_New_England,3/20/22 0:00,Organic,2.003793866,15621.53
Northern_New_England,3/27/22 0:00,Organic,2.000754821,15799.88
Northern_New_England,4/3/22 0:00,Organic,1.918351785,16497.38
Northern_New_England,4/10/22 0:00,Organic,2.231581597,13446.54
Northern_New_England,4/17/22 0:00,Organic,2.157266978,14925.62
Northern_New_England,4/24/22 0:00,Organic,2.144130483,12513.48
Northern_New_England,5/1/22 0:00,Organic,2.334887784,14501.73
Northern_New_England,5/8/22 0:00,Organic,2.303570029,16278.73
Northern_New_England,5/15/22 0:00,Organic,2.36597319,12914.38
