price_optimization/HABdata_2019_2022.csv
region,date,type,price,units_sold
Plains,1/7/19 0:00,Conventional,1.082642399,2078634.2
Plains,1/13/19 0:00,Conventional,1.024001668,2254970.04
Plains,1/20/19 0:00,Conventional,1.018587388,2270144.07
Plains,1/27/19 0:00,Conventional,1.071944853,2101377.47
Plains,2/3/19 0:00,Conventional,0.877923291,2854456.7
Plains,2/10/19 0:00,Conventional,0.94194818,2194167.21
Plains,2/17/19 0:00,Conventional,1.022279322,1992844.43
Plains,2/24/19 0:00,Conventional,1.043883127,2070262.22
Plains,3/3/19 0:00,Conventional,1.099398738,1969134.41
Plains,3/10/19 0:00,Conventional,1.025855365,2160367.91
Plains,3/17/19 0:00,Conventional,0.982623257,2200627.14
Plains,3/24/19 0:00,Conventional,0.968240631,2270643.75
Plains,3/31/19 0:00,Conventional,0.987987263,2207931.99
Plains,4/7/19 0:00,Conventional,1.073424917,2096896.37
Plains,4/14/19 0:00,Conventional,1.163244155,2006875.42
Plains,4/21/19 0:00,Conventional,1.324368197,1823395.23
Plains,4/28/19 0:00,Conventional,1.46665097,1507806.53
Plains,5/5/19 0:00,Conventional,1.285057285,2233767.62
Plains,5/12/19 0:00,Conventional,1.279081724,2060873.72
Plains,5/19/19 0:00,Conventional,1.301565702,1857674.17
Plains,5/26/19 0:00,Conventional,1.275213097,1913803.43
Plains,6/2/19 0:00,Conventional,1.203243353,2031218.44
Plains,6/9/19 0:00,Conventional,1.223865523,1952291.06
Plains,6/16/19 0:00,Conventional,1.317466136,1776742.99
Plains,6/23/19 0:00,Conventional,1.235987695,1944893.31
Plains,6/30/19 0:00,Conventional,1.310713948,1901130.25
Plains,7/7/19 0:00,Conventional,1.456692726,1868938.26
Plains,7/14/19 0:00,Conventional,1.495628847,1627656.37
Plains,7/21/19 0:00,Conventional,1.502359643,1592243.42
Plains,7/28/19 0:00,Conventional,1.480627563,1589412.28
Plains,8/4/19 0:00,Conventional,1.424817352,1569927.36
Plains,8/11/19 0:00,Conventional,1.407831099,1535322.13
Plains,8/18/19 0:00,Conventional,1.428769589,1526819.23
Plains,8/25/19 0:00,Conventional,1.398295602,1503724.52
Plains,9/1/19 0:00,Conventional,1.37415381,1557931.09
Plains,9/8/19 0:00,Conventional,1.321378649,1664867.58
Plains,9/15/19 0:00,Conventional,1.313070826,1587676.44
Plains,9/22/19 0:00,Conventional,1.276188579,1633658.24
Plains,9/29/19 0:00,Conventional,1.287982643,1525619.51
Plains,10/6/19 0:00,Conventional,1.273487987,1492423.9
Plains,10/13/19 0:00,Conventional,1.150527457,1663270.85
Plains,10/20/19 0:00,Conventional,1.174007918,1491955.44
Plains,10/27/19 0:00,Conventional,1.09798752,1640810.49
Plains,11/3/19 0:00,Conventional,1.068692259,1613060.51
Plains,11/10/19 0:00,Conventional,1.14033444,1503983.62
Plains,11/17/19 0:00,Conventional,1.121442568,1453118.23
Plains,11/24/19 0:00,Conventional,1.125351801,1436431.92
Plains,12/1/19 0:00,Conventional,1.052967551,1451737.85
Plains,12/8/19 0:00,Conventional,1.030636267,1573952.57
Plains,12/15/19 0:00,Conventional,1.072026474,1508932.85
Plains,12/22/19 0:00,Conventional,1.10528611,1431252.47
Plains,12/29/19 0:00,Conventional,1.003157774,1634838.18
Plains,1/6/20 0:00,Conventional,1.048165899,1973838.16
Plains,1/12/20 0:00,Conventional,1.050338609,1981888.3
Plains,1/19/20 0:00,Conventional,0.998153725,2080849.29
Plains,1/26/20 0:00,Conventional,1.141497456,1762947.01
Plains,2/2/20 0:00,Conventional,0.891651357,2736589.06
Plains,2/9/20 0:00,Conventional,0.96601463,2107761.62
Plains,2/16/20 0:00,Conventional,1.097292762,1801339.45
Plains,2/23/20 0:00,Conventional,1.058916728,2007363.17
Plains,3/1/20 0:00,Conventional,1.154647805,1881737.58
Plains,3/8/20 0:00,Conventional,1.083036666,2085103.46
Plains,3/15/20 0:00,Conventional,1.257015921,2082955.19
Plains,3/22/20 0:00,Conventional,1.262779201,2276455.47
Plains,3/29/20 0:00,Conventional,1.226178602,2070510.66
Plains,4/5/20 0:00,Conventional,1.24493626,2145634.83
Plains,4/12/20 0:00,Conventional,1.26902902,2054230.34
Plains,4/19/20 0:00,Conventional,1.143958508,2157736.68
Plains,4/26/20 0:00,Conventional,1.157607842,2261356.9
Plains,5/3/20 0:00,Conventional,1.060538701,2631216.97
Plains,5/10/20 0:00,Conventional,1.085903577,2629133.33
Plains,5/17/20 0:00,Conventional,1.137276246,2315596.18
Plains,5/24/20 0:00,Conventional,1.123499438,2460729.38
Plains,5/31/20 0:00,Conventional,1.042654939,2525661.09
Plains,6/7/20 0:00,Conventional,1.072555845,2520447.1
Plains,6/14/20 0:00,Conventional,1.113044455,2369694.87
Plains,6/21/20 0:00,Conventional,1.007635638,2580983.38
Plains,6/28/20 0:00,Conventional,1.002495403,2410779.26
Plains,7/5/20 0:00,Conventional,1.023948944,2621960.04
Plains,7/12/20 0:00,Conventional,1.018650459,2260289.09
Plains,7/19/20 0:00,Conventional,1.035100342,2181151.51
Plains,7/26/20 0:00,Conventional,0.974055362,2320896.16
Plains,8/2/20 0:00,Conventional,0.982773311,2163203.68
Plains,8/9/20 0:00,Conventional,0.976201255,2150044.3
Plains,8/16/20 0:00,Conventional,0.915772105,2387263.31
Plains,8/23/20 0:00,Conventional,0.95722351,2132877.5
Plains,8/30/20 0:00,Conventional,0.969976255,2099959.46
Plains,9/6/20 0:00,Conventional,0.965841297,2115132.67
Plains,9/13/20 0:00,Conventional,0.966681394,2085141.89
Plains,9/20/20 0:00,Conventional,0.962032778,1905026.87
Plains,9/27/20 0:00,Conventional,0.941416978,2018889.86
Plains,10/4/20 0:00,Conventional,1.006856486,1831661.53
Plains,10/11/20 0:00,Conventional,0.956743956,1947685.24
Plains,10/18/20 0:00,Conventional,0.957222004,1856649.33
Plains,10/25/20 0:00,Conventional,0.945824236,1829470.04
Plains,11/1/20 0:00,Conventional,0.868567109,1966826.76
Plains,11/8/20 0:00,Conventional,0.938553286,1839848.67
Plains,11/15/20 0:00,Conventional,0.931439987,1871906.33
Plains,11/22/20 0:00,Conventional,0.909704196,1810083.76
Plains,11/29/20 0:00,Conventional,0.883246391,1614428.3
Plains,12/6/20 0:00,Conventional,0.807810511,2078153.47
Plains,12/13/20 0:00,Conventional,0.856078763,1970717.48
Plains,12/20/20 0:00,Conventional,0.838164304,1870165.09
Plains,12/27/20 0:00,Conventional,0.845850506,1776741.23
Plains,1/4/21 0:00,Conventional,0.785545678,2371391.81
Plains,1/10/21 0:00,Conventional,0.919398298,2216093.34
Plains,1/17/21 0:00,Conventional,0.859684495,2277500.29
Plains,1/24/21 0:00,Conventional,0.928236379,2205793.85
Plains,1/31/21 0:00,Conventional,0.947362538,2110768.72
Plains,2/7/21 0:00,Conventional,0.834592352,2819024.83
Plains,2/14/21 0:00,Conventional,0.89147778,2151095.44
Plains,2/21/21 0:00,Conventional,0.894770416,2038537.26
Plains,2/28/21 0:00,Conventional,0.899749186,2062042.32
Plains,3/7/21 0:00,Conventional,0.955722287,2130430.51
Plains,3/14/21 0:00,Conventional,0.974796149,2074424.03
Plains,3/21/21 0:00,Conventional,0.927741457,2147499.45
Plains,3/28/21 0:00,Conventional,1.089059283,2047905.65
Plains,4/4/21 0:00,Conventional,1.154849577,2030794.04
Plains,4/11/21 0:00,Conventional,1.097260146,2084420.57
Plains,4/18/21 0:00,Conventional,1.172588182,2056873.61
Plains,4/25/21 0:00,Conventional,1.205224159,1961028.27
Plains,5/2/21 0:00,Conventional,1.115925702,2254852.39
Plains,5/9/21 0:00,Conventional,1.081011289,2309211.88
Plains,5/16/21 0:00,Conventional,1.145254434,1929268.9
Plains,5/23/21 0:00,Conventional,1.150509251,1989535.62
Plains,5/30/21 0:00,Conventional,1.110484798,2055573.04
Plains,6/6/21 0:00,Conventional,1.171497007,2055335.71
Plains,6/13/21 0:00,Conventional,1.157876484,2088546.67
Plains,6/20/21 0:00,Conventional,1.117167722,2102503.9
Plains,6/27/21 0:00,Conventional,1.064643641,2166584.54
Plains,7/4/21 0:00,Conventional,1.049632314,2384515.4
Plains,7/11/21 0:00,Conventional,0.982775183,2252549.63
Plains,7/18/21 0:00,Conventional,0.993770077,2146361.14
Plains,7/25/21 0:00,Conventional,0.98073914,2144165.72
Plains,8/1/21 0:00,Conventional,1.058105826,1923428.02
Plains,8/8/21 0:00,Conventional,1.080662235,1876894.58
Plains,8/15/21 0:00,Conventional,1.027109478,1962020.37
Plains,8/22/21 0:00,Conventional,1.106987922,1787362.68
Plains,8/29/21 0:00,Conventional,1.128275171,1748106.06
Plains,9/5/21 0:00,Conventional,1.112603753,1790266.34
Plains,9/12/21 0:00,Conventional,1.13549387,1744228.56
Plains,9/19/21 0:00,Conventional,1.122681638,1743283.99
Plains,9/26/21 0:00,Conventional,1.159390986,1693947.07
Plains,10/3/21 0:00,Conventional,1.187237327,1682244.08
Plains,10/10/21 0:00,Conventional,1.213080323,1681596.79
Plains,10/17/21 0:00,Conventional,1.156338891,1664493.81
Plains,10/24/21 0:00,Conventional,1.131330267,1697948.57
Plains,10/31/21 0:00,Conventional,1.067710479,1783393.03
Plains,11/7/21 0:00,Conventional,1.127112205,1642656.85
Plains,11/14/21 0:00,Conventional,1.147917033,1672248.08
Plains,11/21/21 0:00,Conventional,1.084551843,1666179.76
Plains,11/28/21 0:00,Conventional,1.193388953,1384182.57
Plains,1/3/22 0:00,Conventional,1.018229638,1950985.34
Plains,1/9/22 0:00,Conventional,1.213142197,1726734.37
Plains,1/16/22 0:00,Conventional,1.264119091,1886878.31
Plains,1/23/22 0:00,Conventional,1.284293231,1810913.41
Plains,1/30/22 0:00,Conventional,1.256459763,1842460.11
Plains,2/6/22 0:00,Conventional,1.234608765,1835463.52
Plains,2/13/22 0:00,Conventional,1.165925058,2314973.9
Plains,2/20/22 0:00,Conventional,1.206987876,2021018.1
Plains,2/27/22 0:00,Conventional,1.24417765,1918399.01
Plains,3/6/22 0:00,Conventional,1.356631223,1797072.66
Plains,3/13/22 0:00,Conventional,1.404127983,1724575.69
Plains,3/20/22 0:00,Conventional,1.376801712,1795683.89
Plains,3/27/22 0:00,Conventional,1.418774313,1802220.7
Plains,4/3/22 0:00,Conventional,1.409476258,1871105.29
Plains,4/10/22 0:00,Conventional,1.409838402,1902032.98
Plains,4/17/22 0:00,Conventional,1.477461197,1826120.68
Plains,4/24/22 0:00,Conventional,1.48606744,1609575
Plains,5/1/22 0:00,Conventional,1.505870693,1808049
Plains,5/8/22 0:00,Conventional,1.472751849,1893211
Plains,5/15/22 0:00,Conventional,1.541429251,1560202
