price_optimization/HABdata_2019_2022.csv
region,date,type,price,units_sold
Plains,1/7/19 0:00,Organic,1.517463096,58472.57
Plains,1/13/19 0:00,Organic,1.55788171,55060.03
Plains,1/20/19 0:00,Organic,1.532197977,47688.29
Plains,1/27/19 0:00,Organic,1.564423241,42629.51
Plains,2/3/19 0:00,Organic,1.527060069,41443.59
Plains,2/10/19 0:00,Organic,1.626959761,38201.11
Plains,2/17/19 0:00,Organic,1.500759523,46962.39
Plains,2/24/19 0:00,Organic,1.463535329,66334.7
Plains,3/3/19 0:00,Organic,1.655973465,43348.61
Plains,3/10/19 0:00,Organic,1.407640004,54851.53
Plains,3/17/19 0:00,Organic,1.539883053,42599.45
Plains,3/24/19 0:00,Organic,1.349508172,80136.02
Plains,3/31/19 0:00,Organic,1.601589685,40316
Plains,4/7/19 0:00,Organic,1.489426373,64903.91
Plains,4/14/19 0:00,Organic,1.581423393,70040.92
Plains,4/21/19 0:00,Organic,1.96082934,55804.2
Plains,4/28/19 0:00,Organic,1.985792049,69413.93
Plains,5/5/19 0:00,Organic,1.777191401,68623.85
Plains,5/12/19 0:00,Organic,1.647530892,77600.64
Plains,5/19/19 0:00,Organic,1.575134619,84097.9
Plains,5/26/19 0:00,Organic,1.532206486,90639.7
Plains,6/2/19 0:00,Organic,1.539778832,95073.91
Plains,6/9/19 0:00,Organic,1.58162145,82761.38
Plains,6/16/19 0:00,Organic,1.571529517,74902.69
Plains,6/23/19 0:00,Organic,1.555339566,67715.85
Plains,6/30/19 0:00,Organic,1.877429287,42069.6
Plains,7/7/19 0:00,Organic,2.214195644,37179.62
Plains,7/14/19 0:00,Organic,2.221108692,41077.69
Plains,7/21/19 0:00,Organic,2.268386579,39175.58
Plains,7/28/19 0:00,Organic,2.261978375,38423.03
Plains,8/4/19 0:00,Organic,2.280657247,38286.67
Plains,8/11/19 0:00,Organic,2.224105293,36402.82
Plains,8/18/19 0:00,Organic,2.208937904,35471.23
Plains,8/25/19 0:00,Organic,2.182406957,39566.35
Plains,9/1/19 0:00,Organic,2.166773012,34858.33
Plains,9/8/19 0:00,Organic,2.18729108,34050.52
Plains,9/15/19 0:00,Organic,1.978218907,38872.65
Plains,9/22/19 0:00,Organic,1.932206643,37170.43
Plains,9/29/19 0:00,Organic,1.9192779,38306.55
Plains,10/6/19 0:00,Organic,1.845860693,39314.72
Plains,10/13/19 0:00,Organic,1.876425641,31766.14
Plains,10/20/19 0:00,Organic,1.926648656,35285.43
Plains,10/27/19 0:00,Organic,1.795359935,36632.95
Plains,11/3/19 0:00,Organic,1.730567404,38775.67
Plains,11/10/19 0:00,Organic,1.844883736,28939.79
Plains,11/17/19 0:00,Organic,1.883680512,28223.45
Plains,11/24/19 0:00,Organic,1.497830677,38431.62
Plains,12/1/19 0:00,Organic,1.724152078,26011.47
Plains,12/8/19 0:00,Organic,0.77211354,95758.07
Plains,12/15/19 0:00,Organic,1.109332194,61117.82
Plains,12/22/19 0:00,Organic,1.201672118,51644.69
Plains,12/29/19 0:00,Organic,1.3850976,42109.54
Plains,1/6/20 0:00,Organic,1.474596406,43310.59
Plains,1/12/20 0:00,Organic,1.476458801,44222.36
Plains,1/19/20 0:00,Organic,1.408788666,60818.3
Plains,1/26/20 0:00,Organic,1.708476358,38277.71
Plains,2/2/20 0:00,Organic,1.663321739,38941.85
Plains,2/9/20 0:00,Organic,1.599790239,38133.61
Plains,2/16/20 0:00,Organic,1.603728749,40879.32
Plains,2/23/20 0:00,Organic,1.463878965,60468.93
Plains,3/1/20 0:00,Organic,1.689643137,49907.85
Plains,3/8/20 0:00,Organic,1.797951741,48121.18
Plains,3/15/20 0:00,Organic,1.853562847,52701.72
Plains,3/22/20 0:00,Organic,1.541366155,82218.83
Plains,3/29/20 0:00,Organic,1.731722013,45694.81
Plains,4/5/20 0:00,Organic,1.690166648,52102.04
Plains,4/12/20 0:00,Organic,1.728545377,78924.96
Plains,4/19/20 0:00,Organic,1.734714426,74252.54
Plains,4/26/20 0:00,Organic,1.722880834,68839.1
Plains,5/3/20 0:00,Organic,1.756329171,53137.8
Plains,5/10/20 0:00,Organic,1.711301698,62740
Plains,5/17/20 0:00,Organic,1.68937262,64439.27
Plains,5/24/20 0:00,Organic,1.576936182,80583.63
Plains,5/31/20 0:00,Organic,1.569693509,70462.14
Plains,6/7/20 0:00,Organic,1.67331267,62516.73
Plains,6/14/20 0:00,Organic,1.686118958,55864.13
Plains,6/21/20 0:00,Organic,1.675634595,61892.31
Plains,6/28/20 0:00,Organic,1.600343212,65251.72
Plains,7/5/20 0:00,Organic,1.615749972,72501.73
Plains,7/12/20 0:00,Organic,1.57624926,64892.39
Plains,7/19/20 0:00,Organic,1.380628566,74261.35
Plains,7/26/20 0:00,Organic,1.394011256,70678.46
Plains,8/2/20 0:00,Organic,1.407935927,59931.43
Plains,8/9/20 0:00,Organic,1.450895639,51305.43
Plains,8/16/20 0:00,Organic,1.545028726,49870.73
Plains,8/23/20 0:00,Organic,1.520218984,48756.87
Plains,8/30/20 0:00,Organic,1.539210388,53257.25
Plains,9/6/20 0:00,Organic,1.619512097,62193.04
Plains,9/13/20 0:00,Organic,1.489098918,62803.34
Plains,9/20/20 0:00,Organic,1.536504065,54737.83
Plains,9/27/20 0:00,Organic,1.574099331,44935.47
Plains,10/4/20 0:00,Organic,1.557261793,44172.26
Plains,10/11/20 0:00,Organic,1.556644569,45503.14
Plains,10/18/20 0:00,Organic,1.471093518,44569.14
Plains,10/25/20 0:00,Organic,1.411667566,43352.89
Plains,11/1/20 0:00,Organic,1.389654812,45218.72
Plains,11/8/20 0:00,Organic,1.319482352,66129.28
Plains,11/15/20 0:00,Organic,1.480734878,48267.55
Plains,11/22/20 0:00,Organic,1.401902172,41809.57
Plains,11/29/20 0:00,Organic,1.47133077,34762.83
Plains,12/6/20 0:00,Organic,1.36853147,42610.61
Plains,12/13/20 0:00,Organic,1.350337113,42177.8
Plains,12/20/20 0:00,Organic,1.388248192,40344.73
Plains,12/27/20 0:00,Organic,1.429913174,36166.83
Plains,1/4/21 0:00,Organic,1.405435215,44473.78
Plains,1/10/21 0:00,Organic,1.37468799,52136.03
Plains,1/17/21 0:00,Organic,1.328390594,52457.77
Plains,1/24/21 0:00,Organic,1.402707548,45474.84
Plains,1/31/21 0:00,Organic,1.394291227,46539.82
Plains,2/7/21 0:00,Organic,1.37517328,47808.32
Plains,2/14/21 0:00,Organic,1.362677616,45383.13
Plains,2/21/21 0:00,Organic,1.298891498,56856.53
Plains,2/28/21 0:00,Organic,1.438538215,51517.01
Plains,3/7/21 0:00,Organic,1.309703744,73986.36
Plains,3/14/21 0:00,Organic,1.510564386,60818.14
Plains,3/21/21 0:00,Organic,1.34420504,59211.83
Plains,3/28/21 0:00,Organic,1.456011771,51269.39
Plains,4/4/21 0:00,Organic,1.556201838,50862.29
Plains,4/11/21 0:00,Organic,1.592963791,49846.94
Plains,4/18/21 0:00,Organic,1.594385445,51255.8
Plains,4/25/21 0:00,Organic,1.680399836,53670.1
Plains,5/2/21 0:00,Organic,1.690768122,50765.18
Plains,5/9/21 0:00,Organic,1.698571009,47959.95
Plains,5/16/21 0:00,Organic,1.830041801,47085.5
Plains,5/23/21 0:00,Organic,1.77852481,46804.34
Plains,5/30/21 0:00,Organic,1.759227167,48259.31
Plains,6/6/21 0:00,Organic,1.81454759,47287.09
Plains,6/13/21 0:00,Organic,1.79947884,47770.98
Plains,6/20/21 0:00,Organic,1.593252856,38296.13
Plains,6/27/21 0:00,Organic,1.607738192,37740.69
Plains,7/4/21 0:00,Organic,1.597167273,38788.14
Plains,7/11/21 0:00,Organic,1.578189257,27298.93
Plains,7/18/21 0:00,Organic,1.744548642,44762.32
Plains,7/25/21 0:00,Organic,1.700074736,46227.7
Plains,8/1/21 0:00,Organic,1.666985847,47123.73
Plains,8/8/21 0:00,Organic,1.556457098,54409.22
Plains,8/15/21 0:00,Organic,1.638043631,44953.03
Plains,8/22/21 0:00,Organic,1.662727222,45728.66
Plains,8/29/21 0:00,Organic,1.606199283,59995.29
Plains,9/5/21 0:00,Organic,1.512379111,61529.91
Plains,9/12/21 0:00,Organic,1.663805174,63298.16
Plains,9/19/21 0:00,Organic,1.721994063,48532.09
Plains,9/26/21 0:00,Organic,1.65461032,49436.74
Plains,10/3/21 0:00,Organic,1.759722489,43560.65
Plains,10/10/21 0:00,Organic,1.814787637,39858.05
Plains,10/17/21 0:00,Organic,1.753866291,43697.15
Plains,10/24/21 0:00,Organic,1.752799749,40360.61
Plains,10/31/21 0:00,Organic,1.752521974,38987.15
Plains,11/7/21 0:00,Organic,1.793380446,40487.77
Plains,11/14/21 0:00,Organic,1.793719572,43391.58
Plains,11/21/21 0:00,Organic,1.823035055,39583.81
Plains,11/28/21 0:00,Organic,1.845492306,36219.06
Plains,1/3/22 0:00,Organic,1.62493365,49345.02
Plains,1/9/22 0:00,Organic,1.628020098,54779.24
Plains,1/16/22 0:00,Organic,1.740967804,51743.33
Plains,1/23/22 0:00,Organic,1.658772812,48018.66
Plains,1/30/22 0:00,Organic,1.585713245,54380.07
Plains,2/6/22 0:00,Organic,1.641781573,50426.78
Plains,2/13/22 0:00,Organic,1.665734294,50959.57
Plains,2/20/22 0:00,Organic,1.674241231,50805.65
Plains,2/27/22 0:00,Organic,1.69983324,52062.17
Plains,3/6/22 0:00,Organic,1.72937315,48742.71
Plains,3/13/22 0:00,Organic,1.7694186,57175.53
Plains,3/20/22 0:00,Organic,1.782684121,51740.53
Plains,3/27/22 0:00,Organic,1.732416428,48798.68
Plains,4/3/22 0:00,Organic,1.736575849,52412.28
Plains,4/10/22 0:00,Organic,1.732845402,53471.42
Plains,4/17/22 0:00,Organic,1.773280962,55662.48
Plains,4/24/22 0:00,Organic,1.924262256,50701.43
Plains,5/1/22 0:00,Organic,2.093920755,46294.69
Plains,5/8/22 0:00,Organic,2.037631131,53819.6
Plains,5/15/22 0:00,Organic,1.991358495,61445.09
