price_optimization/HABdata_2019_2022.csv
region,date,type,price,units_sold
SouthCentral,1/7/19 0:00,Conventional,0.840955676,6286791.07
SouthCentral,1/13/19 0:00,Conventional,0.842279464,6697545.95
SouthCentral,1/20/19 0:00,Conventional,0.866962191,6611870.34
SouthCentral,1/27/19 0:00,Conventional,0.834145589,6607935.31
SouthCentral,2/3/19 0:00,Conventional,0.762335853,8011024.11
SouthCentral,2/10/19 0:00,Conventional,0.767411976,6581704
SouthCentral,2/17/19 0:00,Conventional,0.80651099,6102300.61
SouthCentral,2/24/19 0:00,Conventional,0.805729784,6333741.93
SouthCentral,3/3/19 0:00,Conventional,0.826502017,6227619.21
SouthCentral,3/10/19 0:00,Conventional,0.782261154,6765613
SouthCentral,3/17/19 0:00,Conventional,0.748648136,6650806.78
SouthCentral,3/24/19 0:00,Conventional,0.823102731,6533170.19
SouthCentral,3/31/19 0:00,Conventional,0.797210757,6847326.15
SouthCentral,4/7/19 0:00,Conventional,0.894158914,6367391.6
SouthCentral,4/14/19 0:00,Conventional,1.004055989,6125091.52
SouthCentral,4/21/19 0:00,Conventional,1.119621676,5870332.09
SouthCentral,4/28/19 0:00,Conventional,1.151307204,5287218.09
SouthCentral,5/5/19 0:00,Conventional,1.075698083,6371212.53
SouthCentral,5/12/19 0:00,Conventional,0.996664279,6311546.98
SouthCentral,5/19/19 0:00,Conventional,1.033962935,5501510.05
SouthCentral,5/26/19 0:00,Conventional,1.069134555,5635088.04
SouthCentral,6/2/19 0:00,Conventional,1.101955324,5555912.06
SouthCentral,6/9/19 0:00,Conventional,1.136482352,5531981.25
SouthCentral,6/16/19 0:00,Conventional,1.191856245,5172421.22
SouthCentral,6/23/19 0:00,Conventional,1.163796404,5481338.34
SouthCentral,6/30/19 0:00,Conventional,1.241967331,5115310.31
SouthCentral,7/7/19 0:00,Conventional,1.366445728,5055901.84
SouthCentral,7/14/19 0:00,Conventional,1.363599522,4604491.24
SouthCentral,7/21/19 0:00,Conventional,1.310974701,4364058.7
SouthCentral,7/28/19 0:00,Conventional,1.276725121,4585111.02
SouthCentral,8/4/19 0:00,Conventional,1.241709006,4707607.98
SouthCentral,8/11/19 0:00,Conventional,1.181011998,4885958.94
SouthCentral,8/18/19 0:00,Conventional,1.207559908,4845324.23
SouthCentral,8/25/19 0:00,Conventional,0.984241864,6150788.49
SouthCentral,9/1/19 0:00,Conventional,1.047636892,5215139.03
SouthCentral,9/8/19 0:00,Conventional,1.051728298,5339438.63
SouthCentral,9/15/19 0:00,Conventional,1.074410942,5374932.73
SouthCentral,9/22/19 0:00,Conventional,1.039163032,5149822.76
SouthCentral,9/29/19 0:00,Conventional,1.041296158,4945132.6
SouthCentral,10/6/19 0:00,Conventional,1.012614911,5445206.97
SouthCentral,10/13/19 0:00,Conventional,0.98579125,5475453.52
SouthCentral,10/20/19 0:00,Conventional,0.909833094,5183092.63
SouthCentral,10/27/19 0:00,Conventional,0.897324074,5289803.6
SouthCentral,11/3/19 0:00,Conventional,0.85111135,5327908.64
SouthCentral,11/10/19 0:00,Conventional,0.879408171,5012157.22
SouthCentral,11/17/19 0:00,Conventional,0.719419078,5902134.59
SouthCentral,11/24/19 0:00,Conventional,0.830456502,4642536.91
SouthCentral,12/1/19 0:00,Conventional,0.782148946,4816967.57
SouthCentral,12/8/19 0:00,Conventional,0.748596665,5314901.83
SouthCentral,12/15/19 0:00,Conventional,0.806279222,4871343.46
SouthCentral,12/22/19 0:00,Conventional,0.759267077,5162670.35
SouthCentral,12/29/19 0:00,Conventional,0.711035336,5337891.98
SouthCentral,1/6/20 0:00,Conventional,0.816119675,5349861.91
SouthCentral,1/12/20 0:00,Conventional,0.704596186,6553540.14
SouthCentral,1/19/20 0:00,Conventional,0.632036148,7005946.34
SouthCentral,1/26/20 0:00,Conventional,0.774351933,5834968.78
SouthCentral,2/2/20 0:00,Conventional,0.627061631,8148600.19
SouthCentral,2/9/20 0:00,Conventional,0.694904311,6778985.8
SouthCentral,2/16/20 0:00,Conventional,0.733053868,6006633.63
SouthCentral,2/23/20 0:00,Conventional,0.79150304,5883742.01
SouthCentral,3/1/20 0:00,Conventional,0.806695391,6173544.22
SouthCentral,3/8/20 0:00,Conventional,0.872246535,6010667.21
SouthCentral,3/15/20 0:00,Conventional,0.915913476,7185793.45
SouthCentral,3/22/20 0:00,Conventional,0.922870291,7247820.44
SouthCentral,3/29/20 0:00,Conventional,0.989943189,6022694.96
SouthCentral,4/5/20 0:00,Conventional,0.926880763,6993572.35
SouthCentral,4/12/20 0:00,Conventional,0.904182377,6950361.81
SouthCentral,4/19/20 0:00,Conventional,0.890989127,7177668.96
SouthCentral,4/26/20 0:00,Conventional,0.974423583,6612121.72
SouthCentral,5/3/20 0:00,Conventional,0.918103547,7081346.74
SouthCentral,5/10/20 0:00,Conventional,0.858257972,7624949.77
SouthCentral,5/17/20 0:00,Conventional,0.925446596,7010073.82
SouthCentral,5/24/20 0:00,Conventional,0.876868389,7609471.93
SouthCentral,5/31/20 0:00,Conventional,0.832158468,7346134.37
SouthCentral,6/7/20 0:00,Conventional,0.766036615,7550440.8
SouthCentral,6/14/20 0:00,Conventional,0.815849585,6918642.6
SouthCentral,6/21/20 0:00,Conventional,0.846618283,6773164.81
SouthCentral,6/28/20 0:00,Conventional,0.844593722,6180721.69
SouthCentral,7/5/20 0:00,Conventional,0.821155724,7185225.89
SouthCentral,7/12/20 0:00,Conventional,0.802057146,6566526.73
SouthCentral,7/19/20 0:00,Conventional,0.808707405,6551263.9
SouthCentral,7/26/20 0:00,Conventional,0.816277622,6268529.37
SouthCentral,8/2/20 0:00,Conventional,0.803015181,6103007.14
SouthCentral,8/9/20 0:00,Conventional,0.82447035,6333975.28
SouthCentral,8/16/20 0:00,Conventional,0.786633989,6592524.48
SouthCentral,8/23/20 0:00,Conventional,0.749245553,6936698.79
SouthCentral,8/30/20 0:00,Conventional,0.745326874,6562450.55
SouthCentral,9/6/20 0:00,Conventional,0.765886324,6659126.68
SouthCentral,9/13/20 0:00,Conventional,0.755699199,6408260.78
SouthCentral,9/20/20 0:00,Conventional,0.759274764,6269231.91
SouthCentral,9/27/20 0:00,Conventional,0.747182692,6076495.64
SouthCentral,10/4/20 0:00,Conventional,0.75396021,6016796.52
SouthCentral,10/11/20 0:00,Conventional,0.744539271,6067225.57
SouthCentral,10/18/20 0:00,Conventional,0.760275187,5683118.06
SouthCentral,10/25/20 0:00,Conventional,0.750962648,5842990.24
SouthCentral,11/1/20 0:00,Conventional,0.70596866,6023390.13
SouthCentral,11/8/20 0:00,Conventional,0.712832877,5942347.44
SouthCentral,11/15/20 0:00,Conventional,0.673769149,6488118.94
SouthCentral,11/22/20 0:00,Conventional,0.66041341,5839556.94
SouthCentral,11/29/20 0:00,Conventional,0.635158032,5296527.54
SouthCentral,12/6/20 0:00,Conventional,0.661376243,5747297.21
SouthCentral,12/13/20 0:00,Conventional,0.664199052,5993901.56
SouthCentral,12/20/20 0:00,Conventional,0.674896501,5629350.89
SouthCentral,12/27/20 0:00,Conventional,0.671505385,5450518.72
SouthCentral,1/4/21 0:00,Conventional,0.6193928,6636434.6
SouthCentral,1/10/21 0:00,Conventional,0.640815095,6931739.6
SouthCentral,1/17/21 0:00,Conventional,0.694374905,6459681.34
SouthCentral,1/24/21 0:00,Conventional,0.683369927,6581957.61
SouthCentral,1/31/21 0:00,Conventional,0.701977139,6749012.07
SouthCentral,2/7/21 0:00,Conventional,0.649054034,7989053.02
SouthCentral,2/14/21 0:00,Conventional,0.692704241,7275889.21
SouthCentral,2/21/21 0:00,Conventional,0.697496005,4874564.28
SouthCentral,2/28/21 0:00,Conventional,0.69478296,6652833.17
SouthCentral,3/7/21 0:00,Conventional,0.699884046,6722150.24
SouthCentral,3/14/21 0:00,Conventional,0.737287195,6546235.81
SouthCentral,3/21/21 0:00,Conventional,0.734092818,6603749.49
SouthCentral,3/28/21 0:00,Conventional,0.873180379,5945950.99
SouthCentral,4/4/21 0:00,Conventional,0.882717316,6269843.59
SouthCentral,4/11/21 0:00,Conventional,0.908249901,5804564.23
SouthCentral,4/18/21 0:00,Conventional,0.916829204,5934476.45
SouthCentral,4/25/21 0:00,Conventional,0.877688839,6055123.34
SouthCentral,5/2/21 0:00,Conventional,0.90834936,6055182.55
SouthCentral,5/9/21 0:00,Conventional,0.913748246,6134840.85
SouthCentral,5/16/21 0:00,Conventional,0.899116839,5837563.98
SouthCentral,5/23/21 0:00,Conventional,0.877656072,5846648.25
SouthCentral,5/30/21 0:00,Conventional,0.88782807,6239812.43
SouthCentral,6/6/21 0:00,Conventional,0.879095696,6211700.33
SouthCentral,6/13/21 0:00,Conventional,0.833092007,6527756.67
SouthCentral,6/20/21 0:00,Conventional,0.907405512,6140038.16
SouthCentral,6/27/21 0:00,Conventional,0.857225199,6235987.64
SouthCentral,7/4/21 0:00,Conventional,0.863582102,6424619.49
SouthCentral,7/11/21 0:00,Conventional,0.80718718,6347765.11
SouthCentral,7/18/21 0:00,Conventional,0.794260641,6364008.15
SouthCentral,7/25/21 0:00,Conventional,0.792361091,6355038.08
SouthCentral,8/1/21 0:00,Conventional,0.871654625,5524743.55
SouthCentral,8/8/21 0:00,Conventional,0.831288243,5942275.09
SouthCentral,8/15/21 0:00,Conventional,0.827015565,5794435.41
SouthCentral,8/22/21 0:00,Conventional,0.817748485,5862786.62
SouthCentral,8/29/21 0:00,Conventional,0.851094585,6010887.49
SouthCentral,9/5/21 0:00,Conventional,0.87640207,5932952.36
SouthCentral,9/12/21 0:00,Conventional,0.912895515,5598834.44
SouthCentral,9/19/21 0:00,Conventional,0.947433068,5532932.97
SouthCentral,9/26/21 0:00,Conventional,0.92828506,5617715.65
SouthCentral,10/3/21 0:00,Conventional,0.994753771,4486453.66
SouthCentral,10/10/21 0:00,Conventional,0.992609962,4685807.53
SouthCentral,10/17/21 0:00,Conventional,0.995640944,4524473.59
SouthCentral,10/24/21 0:00,Conventional,0.970115917,4624042.34
SouthCentral,10/31/21 0:00,Conventional,0.874641192,5087420.31
SouthCentral,11/7/21 0:00,Conventional,0.96354646,4397320.01
SouthCentral,11/14/21 0:00,Conventional,0.951335426,4539683.85
SouthCentral,11/21/21 0:00,Conventional,0.976214678,4138436.22
SouthCentral,11/28/21 0:00,Conventional,0.962109563,3767222.16
SouthCentral,1/3/22 0:00,Conventional,0.859506893,5306150.57
SouthCentral,1/9/22 0:00,Conventional,0.996252109,4795388.56
SouthCentral,1/16/22 0:00,Conventional,1.06718596,5092528.08
SouthCentral,1/23/22 0:00,Conventional,1.07483289,4886704.65
SouthCentral,1/30/22 0:00,Conventional,1.111615286,4950732.42
SouthCentral,2/6/22 0:00,Conventional,1.11758425,4924113.88
SouthCentral,2/13/22 0:00,Conventional,0.952527779,6198826.48
SouthCentral,2/20/22 0:00,Conventional,1.022521655,5446539.64
SouthCentral,2/27/22 0:00,Conventional,1.083684467,4813430.22
SouthCentral,3/6/22 0:00,Conventional,1.130951444,4742829.47
SouthCentral,3/13/22 0:00,Conventional,1.174975777,4719031.66
SouthCentral,3/20/22 0:00,Conventional,1.15540804,4818642.04
SouthCentral,3/27/22 0:00,Conventional,1.152080589,4915401.17
SouthCentral,4/3/22 0:00,Conventional,1.169446582,4984449.71
SouthCentral,4/10/22 0:00,Conventional,1.11875461,5326489.93
SouthCentral,4/17/22 0:00,Conventional,1.203002669,4845766.46
SouthCentral,4/24/22 0:00,Conventional,1.258087211,4366431
SouthCentral,5/1/22 0:00,Conventional,1.219013671,4856190
SouthCentral,5/8/22 0:00,Conventional,1.191777211,4900989
SouthCentral,5/15/22 0:00,Conventional,1.269882685,4150433
