price_optimization/HABdata_2019_2022.csv
region,date,type,price,units_sold
SouthCentral,1/7/19 0:00,Organic,1.644445234,139712.11
SouthCentral,1/13/19 0:00,Organic,1.666739824,130785.63
SouthCentral,1/20/19 0:00,Organic,1.636191604,133322.22
SouthCentral,1/27/19 0:00,Organic,1.552231076,136544.09
SouthCentral,2/3/19 0:00,Organic,1.500650971,132413.58
SouthCentral,2/10/19 0:00,Organic,1.422452242,167627.69
SouthCentral,2/17/19 0:00,Organic,1.461052556,124403.25
SouthCentral,2/24/19 0:00,Organic,1.400919365,127570.15
SouthCentral,3/3/19 0:00,Organic,1.500363391,150547.89
SouthCentral,3/10/19 0:00,Organic,1.458641594,145940.43
SouthCentral,3/17/19 0:00,Organic,1.490765406,138895.77
SouthCentral,3/24/19 0:00,Organic,1.467174818,155101.19
SouthCentral,3/31/19 0:00,Organic,1.287069875,146743.86
SouthCentral,4/7/19 0:00,Organic,1.394713037,160497.9
SouthCentral,4/14/19 0:00,Organic,1.317483998,173823.78
SouthCentral,4/21/19 0:00,Organic,1.73212317,158243.75
SouthCentral,4/28/19 0:00,Organic,1.794155353,146264.45
SouthCentral,5/5/19 0:00,Organic,1.745715294,123425.61
SouthCentral,5/12/19 0:00,Organic,1.670386659,104460.59
SouthCentral,5/19/19 0:00,Organic,1.787123023,121630.36
SouthCentral,5/26/19 0:00,Organic,1.860099333,118894.79
SouthCentral,6/2/19 0:00,Organic,1.757960941,125085.36
SouthCentral,6/9/19 0:00,Organic,1.649798143,104882.22
SouthCentral,6/16/19 0:00,Organic,1.809341298,98525.97
SouthCentral,6/23/19 0:00,Organic,1.828196262,89583.12
SouthCentral,6/30/19 0:00,Organic,1.911191328,87957.72
SouthCentral,7/7/19 0:00,Organic,1.821334128,82370.66
SouthCentral,7/14/19 0:00,Organic,1.831382326,90680.22
SouthCentral,7/21/19 0:00,Organic,1.872154874,80453.73
SouthCentral,7/28/19 0:00,Organic,1.954029611,95296.68
SouthCentral,8/4/19 0:00,Organic,2.006519206,97568.73
SouthCentral,8/11/19 0:00,Organic,1.996347612,112431.08
SouthCentral,8/18/19 0:00,Organic,1.953806443,116512.11
SouthCentral,8/25/19 0:00,Organic,1.910466864,111121.27
SouthCentral,9/1/19 0:00,Organic,1.857579016,113268.69
SouthCentral,9/8/19 0:00,Organic,1.824663181,126123.01
SouthCentral,9/15/19 0:00,Organic,1.586709001,117306.52
SouthCentral,9/22/19 0:00,Organic,1.709909519,119000.47
SouthCentral,9/29/19 0:00,Organic,1.696422122,108878.91
SouthCentral,10/6/19 0:00,Organic,1.601335862,123757.45
SouthCentral,10/13/19 0:00,Organic,1.54447946,110421.81
SouthCentral,10/20/19 0:00,Organic,1.468023473,103323.91
SouthCentral,10/27/19 0:00,Organic,1.462852783,92119.94
SouthCentral,11/3/19 0:00,Organic,1.432831639,91279.11
SouthCentral,11/10/19 0:00,Organic,1.648599703,84914.49
SouthCentral,11/17/19 0:00,Organic,1.688318963,81476.34
SouthCentral,11/24/19 0:00,Organic,1.605464701,76907.97
SouthCentral,12/1/19 0:00,Organic,1.646353485,87444.99
SouthCentral,12/8/19 0:00,Organic,1.505552859,80908.81
SouthCentral,12/15/19 0:00,Organic,1.14787078,110319.29
SouthCentral,12/22/19 0:00,Organic,1.238650671,104619.64
SouthCentral,12/29/19 0:00,Organic,1.3842342,81484.05
SouthCentral,1/6/20 0:00,Organic,1.39591179,92341.69
SouthCentral,1/12/20 0:00,Organic,1.36150479,111985.28
SouthCentral,1/19/20 0:00,Organic,1.365583886,106827.77
SouthCentral,1/26/20 0:00,Organic,1.504148534,121220.59
SouthCentral,2/2/20 0:00,Organic,1.508208807,119058.3
SouthCentral,2/9/20 0:00,Organic,1.484205267,125035.38
SouthCentral,2/16/20 0:00,Organic,1.428462231,112888.76
SouthCentral,2/23/20 0:00,Organic,1.436975988,106447.7
SouthCentral,3/1/20 0:00,Organic,1.560153043,113923.4
SouthCentral,3/8/20 0:00,Organic,1.513344309,109877.3
SouthCentral,3/15/20 0:00,Organic,1.549466602,139285.03
SouthCentral,3/22/20 0:00,Organic,1.559197026,143083.57
SouthCentral,3/29/20 0:00,Organic,1.570993537,122068.03
SouthCentral,4/5/20 0:00,Organic,1.584675995,129274.77
SouthCentral,4/12/20 0:00,Organic,1.609623316,131155.48
SouthCentral,4/19/20 0:00,Organic,1.61829282,155257.38
SouthCentral,4/26/20 0:00,Organic,1.612526721,138738.6
SouthCentral,5/3/20 0:00,Organic,1.610363414,137588.71
SouthCentral,5/10/20 0:00,Organic,1.609072085,156460.28
SouthCentral,5/17/20 0:00,Organic,1.618879222,141116.01
SouthCentral,5/24/20 0:00,Organic,1.555000724,142711.64
SouthCentral,5/31/20 0:00,Organic,1.55173576,144841.51
SouthCentral,6/7/20 0:00,Organic,1.582689966,150827.18
SouthCentral,6/14/20 0:00,Organic,1.533130664,137784.04
SouthCentral,6/21/20 0:00,Organic,1.47582233,141144.03
SouthCentral,6/28/20 0:00,Organic,1.448982268,145913.3
SouthCentral,7/5/20 0:00,Organic,1.47301806,152161.54
SouthCentral,7/12/20 0:00,Organic,1.524670949,122234.55
SouthCentral,7/19/20 0:00,Organic,1.532393485,123540.14
SouthCentral,7/26/20 0:00,Organic,1.47229744,118479.58
SouthCentral,8/2/20 0:00,Organic,1.488302453,115649.03
SouthCentral,8/9/20 0:00,Organic,1.531509126,130429.84
SouthCentral,8/16/20 0:00,Organic,1.561793911,137078.1
SouthCentral,8/23/20 0:00,Organic,1.501074383,129882.96
SouthCentral,8/30/20 0:00,Organic,1.527848058,115808.43
SouthCentral,9/6/20 0:00,Organic,1.577528536,87710.26
SouthCentral,9/13/20 0:00,Organic,1.548494988,110353.4
SouthCentral,9/20/20 0:00,Organic,1.514796212,110143.59
SouthCentral,9/27/20 0:00,Organic,1.432030285,113146.61
SouthCentral,10/4/20 0:00,Organic,1.386250463,112896.61
SouthCentral,10/11/20 0:00,Organic,1.382207938,110327.7
SouthCentral,10/18/20 0:00,Organic,1.329957026,114631.36
SouthCentral,10/25/20 0:00,Organic,1.400967471,117262.51
SouthCentral,11/1/20 0:00,Organic,1.28998511,107427.41
SouthCentral,11/8/20 0:00,Organic,1.304037576,112158.19
SouthCentral,11/15/20 0:00,Organic,1.342147139,121452.68
SouthCentral,11/22/20 0:00,Organic,1.307614472,115365.52
SouthCentral,11/29/20 0:00,Organic,1.326388478,96314.87
SouthCentral,12/6/20 0:00,Organic,1.346758492,117611.64
SouthCentral,12/13/20 0:00,Organic,1.30811922,122745.23
SouthCentral,12/20/20 0:00,Organic,1.351490486,118166.49
SouthCentral,12/27/20 0:00,Organic,1.354627706,111025.28
SouthCentral,1/4/21 0:00,Organic,1.283569109,132420.25
SouthCentral,1/10/21 0:00,Organic,1.195924349,209537.73
SouthCentral,1/17/21 0:00,Organic,1.352525219,158593.98
SouthCentral,1/24/21 0:00,Organic,1.164968794,195200.82
SouthCentral,1/31/21 0:00,Organic,1.319951479,157044.33
SouthCentral,2/7/21 0:00,Organic,1.278772416,151241.85
SouthCentral,2/14/21 0:00,Organic,1.315687247,203052.01
SouthCentral,2/21/21 0:00,Organic,1.269768843,175822.04
SouthCentral,2/28/21 0:00,Organic,1.312122658,166174.93
SouthCentral,3/7/21 0:00,Organic,1.185917906,197241.71
SouthCentral,3/14/21 0:00,Organic,1.290919333,151506.77
SouthCentral,3/21/21 0:00,Organic,1.231656031,159616.02
SouthCentral,3/28/21 0:00,Organic,1.401167321,151142.17
SouthCentral,4/4/21 0:00,Organic,1.352225267,179886.55
SouthCentral,4/11/21 0:00,Organic,1.444412609,153913.52
SouthCentral,4/18/21 0:00,Organic,1.435714153,157228.66
SouthCentral,4/25/21 0:00,Organic,1.560551885,179123.8
SouthCentral,5/2/21 0:00,Organic,1.569655603,174551.2
SouthCentral,5/9/21 0:00,Organic,1.515730447,160190.11
SouthCentral,5/16/21 0:00,Organic,1.591581002,156387.94
SouthCentral,5/23/21 0:00,Organic,1.486100056,151010.96
SouthCentral,5/30/21 0:00,Organic,1.526518934,143251.54
SouthCentral,6/6/21 0:00,Organic,1.522977352,143746.09
SouthCentral,6/13/21 0:00,Organic,1.555036785,131924.89
SouthCentral,6/20/21 0:00,Organic,1.480898133,133691.65
SouthCentral,6/27/21 0:00,Organic,1.459161394,133062.07
SouthCentral,7/4/21 0:00,Organic,1.460887733,135205.11
SouthCentral,7/11/21 0:00,Organic,1.492475836,99825.35
SouthCentral,7/18/21 0:00,Organic,1.485728608,118151.33
SouthCentral,7/25/21 0:00,Organic,1.503479917,121773.44
SouthCentral,8/1/21 0:00,Organic,1.545122936,130474.29
SouthCentral,8/8/21 0:00,Organic,1.580925811,144294.05
SouthCentral,8/15/21 0:00,Organic,1.572182274,98641.13
SouthCentral,8/22/21 0:00,Organic,1.526982506,98761.14
SouthCentral,8/29/21 0:00,Organic,1.488280797,151341.16
SouthCentral,9/5/21 0:00,Organic,1.545818198,155750.81
SouthCentral,9/12/21 0:00,Organic,1.542644134,139846.79
SouthCentral,9/19/21 0:00,Organic,1.506956811,137980.98
SouthCentral,9/26/21 0:00,Organic,1.515982585,137158.8
SouthCentral,10/3/21 0:00,Organic,1.523744079,126859.1
SouthCentral,10/10/21 0:00,Organic,1.628873785,134572.15
SouthCentral,10/17/21 0:00,Organic,1.528042188,122500.52
SouthCentral,10/24/21 0:00,Organic,1.546307223,127046.32
SouthCentral,10/31/21 0:00,Organic,1.568730883,139543.09
SouthCentral,11/7/21 0:00,Organic,1.555234292,141295.25
SouthCentral,11/14/21 0:00,Organic,1.516214731,137569.04
SouthCentral,11/21/21 0:00,Organic,1.537077335,121534.71
SouthCentral,11/28/21 0:00,Organic,1.561009663,106767.1
SouthCentral,1/3/22 0:00,Organic,1.441908141,141130.22
SouthCentral,1/9/22 0:00,Organic,1.432041651,156538.04
SouthCentral,1/16/22 0:00,Organic,1.456067818,155621.56
SouthCentral,1/23/22 0:00,Organic,1.456346957,179162.41
SouthCentral,1/30/22 0:00,Organic,1.455492796,158956.32
SouthCentral,2/6/22 0:00,Organic,1.477549441,160388.3
SouthCentral,2/13/22 0:00,Organic,1.52569901,147444.65
SouthCentral,2/20/22 0:00,Organic,1.595117806,146635.49
SouthCentral,2/27/22 0:00,Organic,1.506386014,151947.58
SouthCentral,3/6/22 0:00,Organic,1.534551617,141104.41
SouthCentral,3/13/22 0:00,Organic,1.549942184,141313.25
SouthCentral,3/20/22 0:00,Organic,1.549200948,148891.74
SouthCentral,3/27/22 0:00,Organic,1.558759048,161079.01
SouthCentral,4/3/22 0:00,Organic,1.555426483,168881.41
SouthCentral,4/10/22 0:00,Organic,1.607607307,170264.11
SouthCentral,4/17/22 0:00,Organic,1.61722983,185903.74
SouthCentral,4/24/22 0:00,Organic,1.66902508,139874.76
SouthCentral,5/1/22 0:00,Organic,1.932480726,112773.14
SouthCentral,5/8/22 0:00,Organic,1.842084183,121745.62
SouthCentral,5/15/22 0:00,Organic,1.921052583,153761.6
