price_optimization/HABdata_2019_2022.csv
region,date,type,price,units_sold
Southeast,1/7/19 0:00,Conventional,1.082463926,4507165.26
Southeast,1/13/19 0:00,Conventional,0.984844346,5282139.53
Southeast,1/20/19 0:00,Conventional,1.035889564,4661030.98
Southeast,1/27/19 0:00,Conventional,0.979619736,5454155.19
Southeast,2/3/19 0:00,Conventional,0.905889726,6505478.2
Southeast,2/10/19 0:00,Conventional,0.906973911,5307061.12
Southeast,2/17/19 0:00,Conventional,0.961481027,5044613.37
Southeast,2/24/19 0:00,Conventional,1.056055672,4444200.46
Southeast,3/3/19 0:00,Conventional,0.987777097,5269759.71
Southeast,3/10/19 0:00,Conventional,1.057211396,4593190.89
Southeast,3/17/19 0:00,Conventional,0.962638168,5423383.28
Southeast,3/24/19 0:00,Conventional,1.073573442,4515985.39
Southeast,3/31/19 0:00,Conventional,0.98124305,5264988.03
Southeast,4/7/19 0:00,Conventional,1.037781977,4850337.87
Southeast,4/14/19 0:00,Conventional,1.244170153,4462559.34
Southeast,4/21/19 0:00,Conventional,1.3709884,4026424.37
Southeast,4/28/19 0:00,Conventional,1.403996521,4000204.97
Southeast,5/5/19 0:00,Conventional,1.348573642,5193891.45
Southeast,5/12/19 0:00,Conventional,1.282998601,4292895.44
Southeast,5/19/19 0:00,Conventional,1.327157624,4080005.9
Southeast,5/26/19 0:00,Conventional,1.299051334,4299154.03
Southeast,6/2/19 0:00,Conventional,1.262993016,4337890.05
Southeast,6/9/19 0:00,Conventional,1.275045539,4326464.55
Southeast,6/16/19 0:00,Conventional,1.336220091,4003857.2
Southeast,6/23/19 0:00,Conventional,1.44868114,3832324.9
Southeast,6/30/19 0:00,Conventional,1.440055011,3878627.63
Southeast,7/7/19 0:00,Conventional,1.476988587,3858044.7
Southeast,7/14/19 0:00,Conventional,1.483376889,3600337.3
Southeast,7/21/19 0:00,Conventional,1.523081008,3424882.17
Southeast,7/28/19 0:00,Conventional,1.405033098,3542245.76
Southeast,8/4/19 0:00,Conventional,1.356636799,3713547.86
Southeast,8/11/19 0:00,Conventional,1.238985464,3622870.92
Southeast,8/18/19 0:00,Conventional,1.214219302,3671462.74
Southeast,8/25/19 0:00,Conventional,1.189395546,4214888.71
Southeast,9/1/19 0:00,Conventional,1.127206956,4068274.02
Southeast,9/8/19 0:00,Conventional,1.139916208,3583962.58
Southeast,9/15/19 0:00,Conventional,1.179325233,4215096.07
Southeast,9/22/19 0:00,Conventional,1.15878556,4098630.91
Southeast,9/29/19 0:00,Conventional,1.149085288,4191096.71
Southeast,10/6/19 0:00,Conventional,1.027071027,4613827.19
Southeast,10/13/19 0:00,Conventional,1.1133688,4123115.47
Southeast,10/20/19 0:00,Conventional,1.009843598,4334698.53
Southeast,10/27/19 0:00,Conventional,0.970560734,4381197.44
Southeast,11/3/19 0:00,Conventional,0.971938399,4239645.2
Southeast,11/10/19 0:00,Conventional,0.983656201,4268916.26
Southeast,11/17/19 0:00,Conventional,0.972583817,4056186.57
Southeast,11/24/19 0:00,Conventional,0.970585373,3754779.14
Southeast,12/1/19 0:00,Conventional,0.957179552,3548671.96
Southeast,12/8/19 0:00,Conventional,0.930500015,4082117.36
Southeast,12/15/19 0:00,Conventional,0.937866496,3896331.72
Southeast,12/22/19 0:00,Conventional,0.93738577,3810822.29
Southeast,12/29/19 0:00,Conventional,0.9009155,4476333.62
Southeast,1/6/20 0:00,Conventional,0.917904854,5303741.29
Southeast,1/12/20 0:00,Conventional,0.922719233,5332186.04
Southeast,1/19/20 0:00,Conventional,0.917250427,5480456.23
Southeast,1/26/20 0:00,Conventional,0.932704926,5554505.62
Southeast,2/2/20 0:00,Conventional,0.900638119,6469837.5
Southeast,2/9/20 0:00,Conventional,0.988425923,5102212.7
Southeast,2/16/20 0:00,Conventional,0.976632018,4773160.73
Southeast,2/23/20 0:00,Conventional,0.998672526,4753622.18
Southeast,3/1/20 0:00,Conventional,1.119161604,4681213.42
Southeast,3/8/20 0:00,Conventional,1.140159315,4698914.11
Southeast,3/15/20 0:00,Conventional,1.075718642,5660063.73
Southeast,3/22/20 0:00,Conventional,1.082776727,5768062.54
Southeast,3/29/20 0:00,Conventional,1.19833996,5236217
Southeast,4/5/20 0:00,Conventional,1.180790307,5710924.68
Southeast,4/12/20 0:00,Conventional,1.200337086,5004400.56
Southeast,4/19/20 0:00,Conventional,1.177667788,5481894.24
Southeast,4/26/20 0:00,Conventional,1.166121653,5612427.85
Southeast,5/3/20 0:00,Conventional,1.069066792,7070064.15
Southeast,5/10/20 0:00,Conventional,1.160793156,5822608.54
Southeast,5/17/20 0:00,Conventional,1.166219413,5773069.73
Southeast,5/24/20 0:00,Conventional,1.065700147,6477495.81
Southeast,5/31/20 0:00,Conventional,1.158998926,5688627.68
Southeast,6/7/20 0:00,Conventional,1.131873049,5660101.6
Southeast,6/14/20 0:00,Conventional,1.125003406,5658347.7
Southeast,6/21/20 0:00,Conventional,1.109295886,5635791.49
Southeast,6/28/20 0:00,Conventional,1.047979404,5853719.04
Southeast,7/5/20 0:00,Conventional,1.028779259,6216489.43
Southeast,7/12/20 0:00,Conventional,1.05555867,5368063.08
Southeast,7/19/20 0:00,Conventional,1.018972334,5586591.55
Southeast,7/26/20 0:00,Conventional,0.934247248,5625578.5
Southeast,8/2/20 0:00,Conventional,0.926495103,5516413
Southeast,8/9/20 0:00,Conventional,0.94646795,5397352.32
Southeast,8/16/20 0:00,Conventional,0.939338159,5159630.17
Southeast,8/23/20 0:00,Conventional,0.928954005,5323739.45
Southeast,8/30/20 0:00,Conventional,0.900512011,5373770.55
Southeast,9/6/20 0:00,Conventional,0.896889023,5871060.39
Southeast,9/13/20 0:00,Conventional,0.8947187,5601774.37
Southeast,9/20/20 0:00,Conventional,0.903635407,5076567.99
Southeast,9/27/20 0:00,Conventional,0.915081657,5120920.71
Southeast,10/4/20 0:00,Conventional,0.939655199,5122986
Southeast,10/11/20 0:00,Conventional,0.936879528,5018854.86
Southeast,10/18/20 0:00,Conventional,0.909396732,5148480.08
Southeast,10/25/20 0:00,Conventional,0.788181956,5582147.96
Southeast,11/1/20 0:00,Conventional,0.854756028,4955983.58
Southeast,11/8/20 0:00,Conventional,0.815629923,5322482.89
Southeast,11/15/20 0:00,Conventional,0.832221689,4927636.7
Southeast,11/22/20 0:00,Conventional,0.826494494,4691004.57
Southeast,11/29/20 0:00,Conventional,0.725966357,4596485.3
Southeast,12/6/20 0:00,Conventional,0.817869717,4708081.52
Southeast,12/13/20 0:00,Conventional,0.783716535,4737544.43
Southeast,12/20/20 0:00,Conventional,0.821692305,4633406.71
Southeast,12/27/20 0:00,Conventional,0.737388191,4658008.76
Southeast,1/4/21 0:00,Conventional,0.769493386,5670398.93
Southeast,1/10/21 0:00,Conventional,0.827905425,5770962.85
Southeast,1/17/21 0:00,Conventional,0.832986371,5866774.67
Southeast,1/24/21 0:00,Conventional,0.840057375,5996042.67
Southeast,1/31/21 0:00,Conventional,0.86456942,6420809.12
Southeast,2/7/21 0:00,Conventional,0.815569313,7322008.82
Southeast,2/14/21 0:00,Conventional,0.843990717,5978498.36
Southeast,2/21/21 0:00,Conventional,0.864715793,6130682.71
Southeast,2/28/21 0:00,Conventional,0.927266844,5774695.78
Southeast,3/7/21 0:00,Conventional,0.947283081,5854750.86
Southeast,3/14/21 0:00,Conventional,0.942451354,5801266.79
Southeast,3/21/21 0:00,Conventional,0.967681217,5892329.11
Southeast,3/28/21 0:00,Conventional,1.025856936,5808392.8
Southeast,4/4/21 0:00,Conventional,1.045198489,5571702.86
Southeast,4/11/21 0:00,Conventional,1.052504878,5651888.43
Southeast,4/18/21 0:00,Conventional,1.137559931,5672978.63
Southeast,4/25/21 0:00,Conventional,1.152153406,5625542.88
Southeast,5/2/21 0:00,Conventional,1.066594798,6516332.69
Southeast,5/9/21 0:00,Conventional,1.173278751,5349496.42
Southeast,5/16/21 0:00,Conventional,1.178267564,5254603.28
Southeast,5/23/21 0:00,Conventional,1.14607466,5460546.35
Southeast,5/30/21 0:00,Conventional,1.152070975,5540687.46
Southeast,6/6/21 0:00,Conventional,1.122507992,5521898.53
Southeast,6/13/21 0:00,Conventional,1.140557829,5337635.6
Southeast,6/20/21 0:00,Conventional,1.155216246,5182760.58
Southeast,6/27/21 0:00,Conventional,1.120012064,5144378.89
Southeast,7/4/21 0:00,Conventional,1.01534696,5529040.29
Southeast,7/11/21 0:00,Conventional,0.995660261,5270366.76
Southeast,7/18/21 0:00,Conventional,0.960862726,5492926.88
Southeast,7/25/21 0:00,Conventional,0.969110577,5304278.01
Southeast,8/1/21 0:00,Conventional,1.114126094,4729295.45
Southeast,8/8/21 0:00,Conventional,1.133136964,4761533.89
Southeast,8/15/21 0:00,Conventional,1.095134736,4969978.96
Southeast,8/22/21 0:00,Conventional,1.072708595,4934047.73
Southeast,8/29/21 0:00,Conventional,1.092183872,4885148.46
Southeast,9/5/21 0:00,Conventional,1.117562085,4887548.08
Southeast,9/12/21 0:00,Conventional,1.155280087,4579888.13
Southeast,9/19/21 0:00,Conventional,1.163012431,4611691.25
Southeast,9/26/21 0:00,Conventional,1.213829054,4304708.73
Southeast,10/3/21 0:00,Conventional,1.142047101,4777821.93
Southeast,10/10/21 0:00,Conventional,1.153282702,4887951.22
Southeast,10/17/21 0:00,Conventional,1.112609228,4432968.74
Southeast,10/24/21 0:00,Conventional,1.112569426,4411186.31
Southeast,10/31/21 0:00,Conventional,1.101016891,4365795.13
Southeast,11/7/21 0:00,Conventional,1.116140412,4182052.34
Southeast,11/14/21 0:00,Conventional,1.086163093,4243967.4
Southeast,11/21/21 0:00,Conventional,1.115644611,4039093.79
Southeast,11/28/21 0:00,Conventional,1.055189836,4041095.25
Southeast,1/3/22 0:00,Conventional,1.064581655,5028583.23
Southeast,1/9/22 0:00,Conventional,1.206295262,4872135.04
Southeast,1/16/22 0:00,Conventional,1.254142283,5039884.41
Southeast,1/23/22 0:00,Conventional,1.266365524,4652113.04
Southeast,1/30/22 0:00,Conventional,1.286320655,4735824.94
Southeast,2/6/22 0:00,Conventional,1.286641023,4943836.13
Southeast,2/13/22 0:00,Conventional,1.167466538,6117369.59
Southeast,2/20/22 0:00,Conventional,1.26515053,4818641.03
Southeast,2/27/22 0:00,Conventional,1.423975586,4334045.74
Southeast,3/6/22 0:00,Conventional,1.407883522,4418421.5
Southeast,3/13/22 0:00,Conventional,1.424417807,4535247.31
Southeast,3/20/22 0:00,Conventional,1.395327379,4550269.84
Southeast,3/27/22 0:00,Conventional,1.39131496,4509569.33
Southeast,4/3/22 0:00,Conventional,1.385820856,4633094.69
Southeast,4/10/22 0:00,Conventional,1.419013662,4606777.79
Southeast,4/17/22 0:00,Conventional,1.459607791,4507279.23
Southeast,4/24/22 0:00,Conventional,1.479925484,4281523
Southeast,5/1/22 0:00,Conventional,1.297409515,5841918
Southeast,5/8/22 0:00,Conventional,1.471889163,4477437
Southeast,5/15/22 0:00,Conventional,1.485182114,4102002
