price_optimization/HABdata_2019_2022.csv
region,date,type,price,units_sold
Southeast,1/7/19 0:00,Organic,1.531842996,171521.13
Southeast,1/13/19 0:00,Organic,1.436429418,195475.72
Southeast,1/20/19 0:00,Organic,1.590075587,160168.56
Southeast,1/27/19 0:00,Organic,1.539023295,167576.07
Southeast,2/3/19 0:00,Organic,1.32880818,173409.98
Southeast,2/10/19 0:00,Organic,1.295717735,174195.61
Southeast,2/17/19 0:00,Organic,1.436046728,144248.44
Southeast,2/24/19 0:00,Organic,1.43068346,154690.29
Southeast,3/3/19 0:00,Organic,1.50919455,164088.69
Southeast,3/10/19 0:00,Organic,1.49818077,174269.16
Southeast,3/17/19 0:00,Organic,1.50360329,151656.76
Southeast,3/24/19 0:00,Organic,1.345149061,194801.1
Southeast,3/31/19 0:00,Organic,1.58231128,144687.79
Southeast,4/7/19 0:00,Organic,1.588796055,146761.78
Southeast,4/14/19 0:00,Organic,1.536701002,151291.16
Southeast,4/21/19 0:00,Organic,1.603318592,143994.12
Southeast,4/28/19 0:00,Organic,1.751151165,144595.75
Southeast,5/5/19 0:00,Organic,1.767595254,114474.37
Southeast,5/12/19 0:00,Organic,1.665241586,141413.22
Southeast,5/19/19 0:00,Organic,1.684020125,140951.28
Southeast,5/26/19 0:00,Organic,1.671911917,144558.47
Southeast,6/2/19 0:00,Organic,1.461064579,114663.04
Southeast,6/9/19 0:00,Organic,1.377147736,113430.07
Southeast,6/16/19 0:00,Organic,1.512348896,96074.94
Southeast,6/23/19 0:00,Organic,1.712662651,85245.26
Southeast,6/30/19 0:00,Organic,2.111063497,71120.52
Southeast,7/7/19 0:00,Organic,1.971035814,93561.51
Southeast,7/14/19 0:00,Organic,1.993481189,84222.63
Southeast,7/21/19 0:00,Organic,1.950064021,113532.92
Southeast,7/28/19 0:00,Organic,1.890270481,134554.34
Southeast,8/4/19 0:00,Organic,1.947139609,137898.35
Southeast,8/11/19 0:00,Organic,1.919182764,142395.67
Southeast,8/18/19 0:00,Organic,1.82693906,151478.18
Southeast,8/25/19 0:00,Organic,1.806924098,130330.51
Southeast,9/1/19 0:00,Organic,1.723882424,136019.58
Southeast,9/8/19 0:00,Organic,1.703716401,134932.89
Southeast,9/15/19 0:00,Organic,1.636457937,156075.4
Southeast,9/22/19 0:00,Organic,1.587858063,157162.3
Southeast,9/29/19 0:00,Organic,1.615052079,143969.2
Southeast,10/6/19 0:00,Organic,1.545860785,144087.89
Southeast,10/13/19 0:00,Organic,1.513792801,147986.01
Southeast,10/20/19 0:00,Organic,1.461759609,173335.35
Southeast,10/27/19 0:00,Organic,1.422300449,146369.84
Southeast,11/3/19 0:00,Organic,1.4091064,150721.36
Southeast,11/10/19 0:00,Organic,1.538520654,130071.41
Southeast,11/17/19 0:00,Organic,1.603749614,109559.56
Southeast,11/24/19 0:00,Organic,1.533540225,117938.95
Southeast,12/1/19 0:00,Organic,1.508186736,111068.15
Southeast,12/8/19 0:00,Organic,1.503295997,122569.96
Southeast,12/15/19 0:00,Organic,1.489210418,116823.59
Southeast,12/22/19 0:00,Organic,1.50289276,113528.74
Southeast,12/29/19 0:00,Organic,1.442212229,123222.44
Southeast,1/6/20 0:00,Organic,1.38768294,149964.85
Southeast,1/12/20 0:00,Organic,1.267211459,183062.08
Southeast,1/19/20 0:00,Organic,1.301096056,157320.44
Southeast,1/26/20 0:00,Organic,1.352192628,159565.37
Southeast,2/2/20 0:00,Organic,1.34516422,165541.95
Southeast,2/9/20 0:00,Organic,1.370771891,156817.55
Southeast,2/16/20 0:00,Organic,1.362326252,165371.54
Southeast,2/23/20 0:00,Organic,1.392712217,175606.5
Southeast,3/1/20 0:00,Organic,1.414866322,189491.43
Southeast,3/8/20 0:00,Organic,1.413427373,194757.28
Southeast,3/15/20 0:00,Organic,1.471948996,224501.87
Southeast,3/22/20 0:00,Organic,1.502063017,209895.24
Southeast,3/29/20 0:00,Organic,1.629751405,187361.17
Southeast,4/5/20 0:00,Organic,1.664354872,201441.41
Southeast,4/12/20 0:00,Organic,1.774915067,172343.08
Southeast,4/19/20 0:00,Organic,1.647710271,185520.46
Southeast,4/26/20 0:00,Organic,1.640703883,201966.91
Southeast,5/3/20 0:00,Organic,1.565452169,208113.72
Southeast,5/10/20 0:00,Organic,1.548351959,224231.41
Southeast,5/17/20 0:00,Organic,1.575350616,232419.74
Southeast,5/24/20 0:00,Organic,1.551606374,220762.78
Southeast,5/31/20 0:00,Organic,1.632388852,213069.23
Southeast,6/7/20 0:00,Organic,1.625466213,216615.89
Southeast,6/14/20 0:00,Organic,1.783595948,187498.84
Southeast,6/21/20 0:00,Organic,1.78832006,177351.18
Southeast,6/28/20 0:00,Organic,1.782605999,169304.93
Southeast,7/5/20 0:00,Organic,1.733497488,172692.85
Southeast,7/12/20 0:00,Organic,1.708020033,178177.41
Southeast,7/19/20 0:00,Organic,1.493874302,213614.42
Southeast,7/26/20 0:00,Organic,1.672427798,187323.61
Southeast,8/2/20 0:00,Organic,1.665018528,179256.85
Southeast,8/9/20 0:00,Organic,1.632924413,188462.35
Southeast,8/16/20 0:00,Organic,1.656440041,198199.37
Southeast,8/23/20 0:00,Organic,1.52200244,195087.81
Southeast,8/30/20 0:00,Organic,1.50686127,176174.07
Southeast,9/6/20 0:00,Organic,1.563155247,161862.9
Southeast,9/13/20 0:00,Organic,1.548846354,153635.28
Southeast,9/20/20 0:00,Organic,1.507345852,163183.62
Southeast,9/27/20 0:00,Organic,1.446116651,175626.89
Southeast,10/4/20 0:00,Organic,1.453569339,176121.57
Southeast,10/11/20 0:00,Organic,1.42671983,184579.83
Southeast,10/18/20 0:00,Organic,1.326402913,191847.02
Southeast,10/25/20 0:00,Organic,1.283963903,181867.92
Southeast,11/1/20 0:00,Organic,1.269698037,188487.91
Southeast,11/8/20 0:00,Organic,1.225765403,200172.74
Southeast,11/15/20 0:00,Organic,1.262083702,192749.07
Southeast,11/22/20 0:00,Organic,1.298800456,191148.43
Southeast,11/29/20 0:00,Organic,1.288145642,160046.92
Southeast,12/6/20 0:00,Organic,1.263099452,194013.73
Southeast,12/13/20 0:00,Organic,1.160588192,187710.27
Southeast,12/20/20 0:00,Organic,1.142956344,197145.18
Southeast,12/27/20 0:00,Organic,1.163393566,178368.09
Southeast,1/4/21 0:00,Organic,1.118705466,224379.03
Southeast,1/10/21 0:00,Organic,1.149331936,247939.42
Southeast,1/17/21 0:00,Organic,1.174458514,249494.73
Southeast,1/24/21 0:00,Organic,1.175289943,237460.03
Southeast,1/31/21 0:00,Organic,1.196895914,228260.65
Southeast,2/7/21 0:00,Organic,1.125222378,255799.46
Southeast,2/14/21 0:00,Organic,1.213010679,226683.18
Southeast,2/21/21 0:00,Organic,1.220212489,230137.38
Southeast,2/28/21 0:00,Organic,1.252714067,227754.47
Southeast,3/7/21 0:00,Organic,1.257212331,236728.51
Southeast,3/14/21 0:00,Organic,1.243184491,280987.22
Southeast,3/21/21 0:00,Organic,1.301053272,244233.54
Southeast,3/28/21 0:00,Organic,1.369570828,242321.66
Southeast,4/4/21 0:00,Organic,1.434010742,227752.87
Southeast,4/11/21 0:00,Organic,1.42634317,254103.97
Southeast,4/18/21 0:00,Organic,1.417312134,250209.45
Southeast,4/25/21 0:00,Organic,1.409360225,277889.06
Southeast,5/2/21 0:00,Organic,1.356047861,280319.1
Southeast,5/9/21 0:00,Organic,1.396800682,267489.26
Southeast,5/16/21 0:00,Organic,1.44127982,246894.43
Southeast,5/23/21 0:00,Organic,1.284824375,329741.3
Southeast,5/30/21 0:00,Organic,1.396065827,285455.78
Southeast,6/6/21 0:00,Organic,1.416338599,255489.43
Southeast,6/13/21 0:00,Organic,1.426668534,260227.17
Southeast,6/20/21 0:00,Organic,1.329667418,279488.18
Southeast,6/27/21 0:00,Organic,1.438439136,228793.27
Southeast,7/4/21 0:00,Organic,1.494618325,248075.99
Southeast,7/11/21 0:00,Organic,1.470307697,174732.4
Southeast,7/18/21 0:00,Organic,1.461778846,206725.11
Southeast,7/25/21 0:00,Organic,1.514932587,202020.89
Southeast,8/1/21 0:00,Organic,1.539399004,190627.52
Southeast,8/8/21 0:00,Organic,1.491102913,202383.66
Southeast,8/15/21 0:00,Organic,1.518651699,243600.14
Southeast,8/22/21 0:00,Organic,1.595985578,240761.24
Southeast,8/29/21 0:00,Organic,1.436236353,269239.95
Southeast,9/5/21 0:00,Organic,1.436723066,287826.46
Southeast,9/12/21 0:00,Organic,1.347935596,277918.25
Southeast,9/19/21 0:00,Organic,1.740860663,209344.08
Southeast,9/26/21 0:00,Organic,1.380754803,243658.94
Southeast,10/3/21 0:00,Organic,1.144861376,406445.96
Southeast,10/10/21 0:00,Organic,1.026892289,395178.61
Southeast,10/17/21 0:00,Organic,1.12347027,384950.86
Southeast,10/24/21 0:00,Organic,1.103752743,455278.94
Southeast,10/31/21 0:00,Organic,1.043189972,536756.86
Southeast,11/7/21 0:00,Organic,1.038007833,417005.29
Southeast,11/14/21 0:00,Organic,1.01686509,415043.99
Southeast,11/21/21 0:00,Organic,1.0734595,434526.48
Southeast,11/28/21 0:00,Organic,1.048917177,369735.72
Southeast,1/3/22 0:00,Organic,1.099630888,507215.2
Southeast,1/9/22 0:00,Organic,1.065466257,571535.42
Southeast,1/16/22 0:00,Organic,1.109043051,540681.15
Southeast,1/23/22 0:00,Organic,1.099615818,530498.29
Southeast,1/30/22 0:00,Organic,1.113268308,522776.25
Southeast,2/6/22 0:00,Organic,1.145619454,503374.75
Southeast,2/13/22 0:00,Organic,1.111778748,554854.22
Southeast,2/20/22 0:00,Organic,1.202686783,535166
Southeast,2/27/22 0:00,Organic,1.213337131,612211.65
Southeast,3/6/22 0:00,Organic,1.284673698,504765.05
Southeast,3/13/22 0:00,Organic,1.269827242,577950.57
Southeast,3/20/22 0:00,Organic,1.253751076,580122.89
Southeast,3/27/22 0:00,Organic,1.270234754,619785.04
Southeast,4/3/22 0:00,Organic,1.257528693,650312.85
Southeast,4/10/22 0:00,Organic,1.283786643,622702.01
Southeast,4/17/22 0:00,Organic,1.30490056,587940.69
Southeast,4/24/22 0:00,Organic,1.321638516,587310.94
Southeast,5/1/22 0:00,Organic,1.273306522,434614.45
Southeast,5/8/22 0:00,Organic,1.295729203,561123.37
Southeast,5/15/22 0:00,Organic,1.334809001,562170.27
