price_optimization/HABdata_2019_2022.csv
region,date,type,price,units_sold
Total_US,1/7/19 0:00,Conventional,1.079318319,37463237.54
Total_US,1/13/19 0:00,Conventional,1.013800442,40708189.7
Total_US,1/20/19 0:00,Conventional,1.04723742,40084928.08
Total_US,1/27/19 0:00,Conventional,1.08094423,37290316.42
Total_US,2/3/19 0:00,Conventional,0.887685253,53214443.11
Total_US,2/10/19 0:00,Conventional,0.956180583,39762370.64
Total_US,2/17/19 0:00,Conventional,1.006465245,36034272.3
Total_US,2/24/19 0:00,Conventional,1.036590227,37044893.49
Total_US,3/3/19 0:00,Conventional,1.056757047,37424050.67
Total_US,3/10/19 0:00,Conventional,1.040174065,38939856.68
Total_US,3/17/19 0:00,Conventional,1.003171942,40548654.43
Total_US,3/24/19 0:00,Conventional,1.039969126,39938663.33
Total_US,3/31/19 0:00,Conventional,1.03847375,38511367.23
Total_US,4/7/19 0:00,Conventional,1.025758808,41525228.61
Total_US,4/14/19 0:00,Conventional,1.114826099,39209920.96
Total_US,4/21/19 0:00,Conventional,1.350580067,33256304.49
Total_US,4/28/19 0:00,Conventional,1.447876156,29918805.38
Total_US,5/5/19 0:00,Conventional,1.287606868,41869981.31
Total_US,5/12/19 0:00,Conventional,1.307193875,36693275.59
Total_US,5/19/19 0:00,Conventional,1.355314139,32695663.05
Total_US,5/26/19 0:00,Conventional,1.378447214,34320791.4
Total_US,6/2/19 0:00,Conventional,1.298670927,36548861.81
Total_US,6/9/19 0:00,Conventional,1.298420403,36132361.72
Total_US,6/16/19 0:00,Conventional,1.410779482,32907971.44
Total_US,6/23/19 0:00,Conventional,1.442777817,32067493.77
Total_US,6/30/19 0:00,Conventional,1.472664114,31787682.07
Total_US,7/7/19 0:00,Conventional,1.558058711,33175537.94
Total_US,7/14/19 0:00,Conventional,1.569094094,29715045.3
Total_US,7/21/19 0:00,Conventional,1.602680756,28270525.87
Total_US,7/28/19 0:00,Conventional,1.554745037,28736509.69
Total_US,8/4/19 0:00,Conventional,1.493193959,29691918.18
Total_US,8/11/19 0:00,Conventional,1.427134315,30548519.6
Total_US,8/18/19 0:00,Conventional,1.393334795,31232032.71
Total_US,8/25/19 0:00,Conventional,1.320652421,32360291.37
Total_US,9/1/19 0:00,Conventional,1.31602397,32938852.71
Total_US,9/8/19 0:00,Conventional,1.302080104,32586568.23
Total_US,9/15/19 0:00,Conventional,1.290216166,31945085.59
Total_US,9/22/19 0:00,Conventional,1.270073141,31188664.01
Total_US,9/29/19 0:00,Conventional,1.217009158,32763506.97
Total_US,10/6/19 0:00,Conventional,1.197700091,32602080.42
Total_US,10/13/19 0:00,Conventional,1.197297172,31833051.01
Total_US,10/20/19 0:00,Conventional,1.135366628,31897936.98
Total_US,10/27/19 0:00,Conventional,1.105623628,32366475.63
Total_US,11/3/19 0:00,Conventional,1.101084804,31247363.76
Total_US,11/10/19 0:00,Conventional,1.082291721,32391059.11
Total_US,11/17/19 0:00,Conventional,1.066771289,32011022.05
Total_US,11/24/19 0:00,Conventional,1.096755135,29234990.43
Total_US,12/1/19 0:00,Conventional,1.092272298,26870751.47
Total_US,12/8/19 0:00,Conventional,0.997884519,32892627.04
Total_US,12/15/19 0:00,Conventional,1.068096683,29544992.48
Total_US,12/22/19 0:00,Conventional,1.080225964,29208724.41
Total_US,12/29/19 0:00,Conventional,0.976692127,32345290.69
Total_US,1/6/20 0:00,Conventional,1.014990305,38160622.03
Total_US,1/12/20 0:00,Conventional,1.016008442,38957760.83
Total_US,1/19/20 0:00,Conventional,0.955847779,41683196.55
Total_US,1/26/20 0:00,Conventional,1.068396444,36466588.38
Total_US,2/2/20 0:00,Conventional,0.898932086,52226522.21
Total_US,2/9/20 0:00,Conventional,1.001276752,40158082.47
Total_US,2/16/20 0:00,Conventional,1.055429054,35814220.49
Total_US,2/23/20 0:00,Conventional,1.066674145,37834659.29
Total_US,3/1/20 0:00,Conventional,1.140513796,36056656.96
Total_US,3/8/20 0:00,Conventional,1.175555853,36931225.59
Total_US,3/15/20 0:00,Conventional,1.21653665,43166013.53
Total_US,3/22/20 0:00,Conventional,1.221967281,42058913.01
Total_US,3/29/20 0:00,Conventional,1.252223545,38686850
Total_US,4/5/20 0:00,Conventional,1.21250521,42711322.87
Total_US,4/12/20 0:00,Conventional,1.25432604,40598384.04
Total_US,4/19/20 0:00,Conventional,1.208312062,41866995.3
Total_US,4/26/20 0:00,Conventional,1.217875742,43673392.9
Total_US,5/3/20 0:00,Conventional,1.104128125,51390078.51
Total_US,5/10/20 0:00,Conventional,1.154539001,49396996.47
Total_US,5/17/20 0:00,Conventional,1.211092528,44091312.02
Total_US,5/24/20 0:00,Conventional,1.162038234,48108457.3
Total_US,5/31/20 0:00,Conventional,1.125685931,48444018.68
Total_US,6/7/20 0:00,Conventional,1.135257408,46335246.09
Total_US,6/14/20 0:00,Conventional,1.112875462,46913679.46
Total_US,6/21/20 0:00,Conventional,1.139543521,44517267.14
Total_US,6/28/20 0:00,Conventional,1.103993152,44111933.42
Total_US,7/5/20 0:00,Conventional,1.111708689,47373644.96
Total_US,7/12/20 0:00,Conventional,1.082890518,43568299.07
Total_US,7/19/20 0:00,Conventional,1.053010457,44793416.15
Total_US,7/26/20 0:00,Conventional,1.042027223,44271091.79
Total_US,8/2/20 0:00,Conventional,1.044853449,42728397.34
Total_US,8/9/20 0:00,Conventional,1.049804263,42831584.16
Total_US,8/16/20 0:00,Conventional,1.020738797,43397085.11
Total_US,8/23/20 0:00,Conventional,1.009062356,43229199.34
Total_US,8/30/20 0:00,Conventional,0.995386719,42850751.78
Total_US,9/6/20 0:00,Conventional,1.016268276,43317232.6
Total_US,9/13/20 0:00,Conventional,0.990455967,41894344.62
Total_US,9/20/20 0:00,Conventional,0.990715814,40628066.48
Total_US,9/27/20 0:00,Conventional,1.011071641,39711332.12
Total_US,10/4/20 0:00,Conventional,1.022227178,39106620.91
Total_US,10/11/20 0:00,Conventional,1.008866272,39342513.38
Total_US,10/18/20 0:00,Conventional,0.98975128,38665665.38
Total_US,10/25/20 0:00,Conventional,0.959128671,38917363.39
Total_US,11/1/20 0:00,Conventional,0.96845605,38631422.95
Total_US,11/8/20 0:00,Conventional,0.953170446,38718163.44
Total_US,11/15/20 0:00,Conventional,0.972768561,38491168.17
Total_US,11/22/20 0:00,Conventional,0.937627967,36905050.49
Total_US,11/29/20 0:00,Conventional,0.936191465,31648854.31
Total_US,12/6/20 0:00,Conventional,0.917332616,37724041.49
Total_US,12/13/20 0:00,Conventional,0.907455245,38130684.48
Total_US,12/20/20 0:00,Conventional,0.951744288,36002297.69
Total_US,12/27/20 0:00,Conventional,0.92062662,34569180.24
Total_US,1/4/21 0:00,Conventional,0.848532623,45388800.75
Total_US,1/10/21 0:00,Conventional,0.931911803,44305917.75
Total_US,1/17/21 0:00,Conventional,0.948219379,44864648.1
Total_US,1/24/21 0:00,Conventional,0.929980505,45306162.24
Total_US,1/31/21 0:00,Conventional,0.950419087,44882170.05
Total_US,2/7/21 0:00,Conventional,0.852306828,54548117.44
Total_US,2/14/21 0:00,Conventional,0.924019483,44314825
Total_US,2/21/21 0:00,Conventional,0.974404779,40428829.49
Total_US,2/28/21 0:00,Conventional,0.933439476,43965741.2
Total_US,3/7/21 0:00,Conventional,0.981898449,43810860.77
Total_US,3/14/21 0:00,Conventional,0.995422041,43371632.33
Total_US,3/21/21 0:00,Conventional,1.013239868,42464398.14
Total_US,3/28/21 0:00,Conventional,1.090888409,41891982.02
Total_US,4/4/21 0:00,Conventional,1.1681574,40668007.5
Total_US,4/11/21 0:00,Conventional,1.163461448,39321744.05
Total_US,4/18/21 0:00,Conventional,1.185743265,40603117.35
Total_US,4/25/21 0:00,Conventional,1.174884404,40414944.37
Total_US,5/2/21 0:00,Conventional,1.080920189,45273336.75
Total_US,5/9/21 0:00,Conventional,1.13496175,42889029.8
Total_US,5/16/21 0:00,Conventional,1.145527615,39775474.05
Total_US,5/23/21 0:00,Conventional,1.134825532,40628677.15
Total_US,5/30/21 0:00,Conventional,1.18630532,40441973.33
Total_US,6/6/21 0:00,Conventional,1.145413921,40977184.82
Total_US,6/13/21 0:00,Conventional,1.139443602,40769234.14
Total_US,6/20/21 0:00,Conventional,1.157507908,41288226.57
Total_US,6/27/21 0:00,Conventional,1.140000911,39689032.76
Total_US,7/4/21 0:00,Conventional,1.134552845,42426920.04
Total_US,7/11/21 0:00,Conventional,1.069345091,41010402.1
Total_US,7/18/21 0:00,Conventional,1.043216264,41829027.26
Total_US,7/25/21 0:00,Conventional,1.070782307,39734404.42
Total_US,8/1/21 0:00,Conventional,1.114488529,37503352.81
Total_US,8/8/21 0:00,Conventional,1.099921593,38217406.74
Total_US,8/15/21 0:00,Conventional,1.097656921,38588952.63
Total_US,8/22/21 0:00,Conventional,1.095702216,37586173.84
Total_US,8/29/21 0:00,Conventional,1.0868604,38246240.9
Total_US,9/5/21 0:00,Conventional,1.083413302,38829762.19
Total_US,9/12/21 0:00,Conventional,1.154406188,35701549.43
Total_US,9/19/21 0:00,Conventional,1.165622608,35082018.52
Total_US,9/26/21 0:00,Conventional,1.172117173,35054742.52
Total_US,10/3/21 0:00,Conventional,1.182569342,34607548.2
Total_US,10/10/21 0:00,Conventional,1.205846624,34796407.49
Total_US,10/17/21 0:00,Conventional,1.181452083,34280127.3
Total_US,10/24/21 0:00,Conventional,1.159784692,34137969.68
Total_US,10/31/21 0:00,Conventional,1.13843159,34337672.01
Total_US,11/7/21 0:00,Conventional,1.131408808,34392628.7
Total_US,11/14/21 0:00,Conventional,1.15799975,33958713.39
Total_US,11/21/21 0:00,Conventional,1.194843618,31435987.47
Total_US,11/28/21 0:00,Conventional,1.195423763,28327220.13
Total_US,1/3/22 0:00,Conventional,1.064395452,39973058.96
Total_US,1/9/22 0:00,Conventional,1.176644652,38256766.59
Total_US,1/16/22 0:00,Conventional,1.257778635,38894988.83
Total_US,1/23/22 0:00,Conventional,1.277267829,36908851.02
Total_US,1/30/22 0:00,Conventional,1.255706454,39697673.04
Total_US,2/6/22 0:00,Conventional,1.291612779,37847388.64
Total_US,2/13/22 0:00,Conventional,1.204103185,49231043.1
Total_US,2/20/22 0:00,Conventional,1.267861161,39203751.21
Total_US,2/27/22 0:00,Conventional,1.346962455,36864811.15
Total_US,3/6/22 0:00,Conventional,1.385604875,34802944.39
Total_US,3/13/22 0:00,Conventional,1.389018878,35957806.78
Total_US,3/20/22 0:00,Conventional,1.38087506,35166341.83
Total_US,3/27/22 0:00,Conventional,1.417582811,36833712.88
Total_US,4/3/22 0:00,Conventional,1.389597908,36631605.62
Total_US,4/10/22 0:00,Conventional,1.368138625,37594886.53
Total_US,4/17/22 0:00,Conventional,1.45606756,35333544.64
Total_US,4/24/22 0:00,Conventional,1.471539008,33297205
Total_US,5/1/22 0:00,Conventional,1.380104818,41009154
Total_US,5/8/22 0:00,Conventional,1.438612311,38280200
Total_US,5/15/22 0:00,Conventional,1.527356718,32745321
