price_optimization/HABdata_2019_2022.csv
region,date,type,price,units_sold
Total_US,1/7/19 0:00,Organic,1.588942453,1705747.26
Total_US,1/13/19 0:00,Organic,1.606368685,1645587.7
Total_US,1/20/19 0:00,Organic,1.61417855,1637104.2
Total_US,1/27/19 0:00,Organic,1.583289529,1702761.82
Total_US,2/3/19 0:00,Organic,1.479690756,1629668.28
Total_US,2/10/19 0:00,Organic,1.462037912,1703857.05
Total_US,2/17/19 0:00,Organic,1.543698324,1426052.47
Total_US,2/24/19 0:00,Organic,1.538218449,1556097.75
Total_US,3/3/19 0:00,Organic,1.545361445,1689263.97
Total_US,3/10/19 0:00,Organic,1.520856894,1632226.78
Total_US,3/17/19 0:00,Organic,1.514123482,1665919.45
Total_US,3/24/19 0:00,Organic,1.476269216,1660830.79
Total_US,3/31/19 0:00,Organic,1.563473967,1454341.93
Total_US,4/7/19 0:00,Organic,1.586033028,1533418.88
Total_US,4/14/19 0:00,Organic,1.504200527,1893964.5
Total_US,4/21/19 0:00,Organic,1.785519037,1525572.58
Total_US,4/28/19 0:00,Organic,1.987207133,1329797.13
Total_US,5/5/19 0:00,Organic,1.975916753,1326603.12
Total_US,5/12/19 0:00,Organic,1.883526083,1366103.63
Total_US,5/19/19 0:00,Organic,1.9334725,1256255.04
Total_US,5/26/19 0:00,Organic,1.927265032,1362999.47
Total_US,6/2/19 0:00,Organic,1.847639599,1320233.32
Total_US,6/9/19 0:00,Organic,1.831563293,1263034.08
Total_US,6/16/19 0:00,Organic,1.938506432,1261469.34
Total_US,6/23/19 0:00,Organic,2.031519478,1119532.92
Total_US,6/30/19 0:00,Organic,2.146467883,1071527.21
Total_US,7/7/19 0:00,Organic,2.18029058,1105506.47
Total_US,7/14/19 0:00,Organic,2.204077643,1021388.09
Total_US,7/21/19 0:00,Organic,2.184034525,1088186.83
Total_US,7/28/19 0:00,Organic,2.201829968,1110880.7
Total_US,8/4/19 0:00,Organic,2.188757403,1172921.8
Total_US,8/11/19 0:00,Organic,2.164268639,1199666.94
Total_US,8/18/19 0:00,Organic,2.063472177,1227088.58
Total_US,8/25/19 0:00,Organic,2.046655951,1194377.26
Total_US,9/1/19 0:00,Organic,2.006265949,1220800.76
Total_US,9/8/19 0:00,Organic,1.952560986,1287973.89
Total_US,9/15/19 0:00,Organic,1.861241259,1319599.09
Total_US,9/22/19 0:00,Organic,1.828009924,1315426.4
Total_US,9/29/19 0:00,Organic,1.796033394,1324506.88
Total_US,10/6/19 0:00,Organic,1.727523127,1333360.88
Total_US,10/13/19 0:00,Organic,1.682247722,1320993.01
Total_US,10/20/19 0:00,Organic,1.655325427,1271191.13
Total_US,10/27/19 0:00,Organic,1.575916703,1352277.2
Total_US,11/3/19 0:00,Organic,1.590708954,1328622.56
Total_US,11/10/19 0:00,Organic,1.714472949,1195164.78
Total_US,11/17/19 0:00,Organic,1.707296374,1189475.96
Total_US,11/24/19 0:00,Organic,1.736333966,1089552.53
Total_US,12/1/19 0:00,Organic,1.712228601,1070229.63
Total_US,12/8/19 0:00,Organic,1.583436792,1206173.19
Total_US,12/15/19 0:00,Organic,1.587129971,1194675.71
Total_US,12/22/19 0:00,Organic,1.634365768,1244018.95
Total_US,12/29/19 0:00,Organic,1.577547763,1189311.69
Total_US,1/6/20 0:00,Organic,1.526267827,1490002.04
Total_US,1/12/20 0:00,Organic,1.519207515,1643305.11
Total_US,1/19/20 0:00,Organic,1.474012054,1671443.11
Total_US,1/26/20 0:00,Organic,1.593952282,1473202.53
Total_US,2/2/20 0:00,Organic,1.514429679,1592549.53
Total_US,2/9/20 0:00,Organic,1.540190439,1527045.89
Total_US,2/16/20 0:00,Organic,1.593457584,1469703.01
Total_US,2/23/20 0:00,Organic,1.597277805,1516555.66
Total_US,3/1/20 0:00,Organic,1.70064493,1605457.18
Total_US,3/8/20 0:00,Organic,1.752238104,1471128.65
Total_US,3/15/20 0:00,Organic,1.809204153,1787811.39
Total_US,3/22/20 0:00,Organic,1.767986562,1609709.67
Total_US,3/29/20 0:00,Organic,1.845895368,1347733.2
Total_US,4/5/20 0:00,Organic,1.852502367,1601745.24
Total_US,4/12/20 0:00,Organic,1.862033968,1623963.33
Total_US,4/19/20 0:00,Organic,1.837424874,1638116.84
Total_US,4/26/20 0:00,Organic,1.815769177,1603403.18
Total_US,5/3/20 0:00,Organic,1.767086056,1738376.69
Total_US,5/10/20 0:00,Organic,1.80344889,1828063.26
Total_US,5/17/20 0:00,Organic,1.849102747,1725054.51
Total_US,5/24/20 0:00,Organic,1.865378359,1722445.3
Total_US,5/31/20 0:00,Organic,1.850402043,1644057.46
Total_US,6/7/20 0:00,Organic,1.853130772,1682178.88
Total_US,6/14/20 0:00,Organic,1.848803772,1631798.39
Total_US,6/21/20 0:00,Organic,1.815613534,1650688.57
Total_US,6/28/20 0:00,Organic,1.8031829,1577300.41
Total_US,7/5/20 0:00,Organic,1.833002715,1687085.46
Total_US,7/12/20 0:00,Organic,1.839757112,1569045.23
Total_US,7/19/20 0:00,Organic,1.774741473,1656779.11
Total_US,7/26/20 0:00,Organic,1.65911896,1781783.39
Total_US,8/2/20 0:00,Organic,1.739353355,1610729.25
Total_US,8/9/20 0:00,Organic,1.764148048,1526986.36
Total_US,8/16/20 0:00,Organic,1.802318247,1555025.24
Total_US,8/23/20 0:00,Organic,1.751558599,1505561.81
Total_US,8/30/20 0:00,Organic,1.759687538,1445892.71
Total_US,9/6/20 0:00,Organic,1.743133666,1491577.81
Total_US,9/13/20 0:00,Organic,1.69878086,1535447.8
Total_US,9/20/20 0:00,Organic,1.694403523,1488968.19
Total_US,9/27/20 0:00,Organic,1.706585843,1412872.47
Total_US,10/4/20 0:00,Organic,1.694787414,1437380.88
Total_US,10/11/20 0:00,Organic,1.653450588,1429817.58
Total_US,10/18/20 0:00,Organic,1.608258356,1433085.61
Total_US,10/25/20 0:00,Organic,1.594883983,1479733.36
Total_US,11/1/20 0:00,Organic,1.500957971,1759392.93
Total_US,11/8/20 0:00,Organic,1.496074975,1593972.83
Total_US,11/15/20 0:00,Organic,1.59247776,1427362.73
Total_US,11/22/20 0:00,Organic,1.58077752,1428605.82
Total_US,11/29/20 0:00,Organic,1.606888117,1247900.31
Total_US,12/6/20 0:00,Organic,1.554792828,1644822.77
Total_US,12/13/20 0:00,Organic,1.529047218,1557067.45
Total_US,12/20/20 0:00,Organic,1.555740157,1471870.08
Total_US,12/27/20 0:00,Organic,1.507964172,1418951.82
Total_US,1/4/21 0:00,Organic,1.424763796,1768766.39
Total_US,1/10/21 0:00,Organic,1.446895649,2046958.06
Total_US,1/17/21 0:00,Organic,1.510066697,1950864.73
Total_US,1/24/21 0:00,Organic,1.457386355,1989330.1
Total_US,1/31/21 0:00,Organic,1.460299133,1971622.88
Total_US,2/7/21 0:00,Organic,1.392839501,2137123.16
Total_US,2/14/21 0:00,Organic,1.439307798,1984320.81
Total_US,2/21/21 0:00,Organic,1.43531202,1961753.36
Total_US,2/28/21 0:00,Organic,1.425999969,2133794.27
Total_US,3/7/21 0:00,Organic,1.425103846,2127472.41
Total_US,3/14/21 0:00,Organic,1.495969962,1944637
Total_US,3/21/21 0:00,Organic,1.514798015,1928440.82
Total_US,3/28/21 0:00,Organic,1.538269352,1869748.38
Total_US,4/4/21 0:00,Organic,1.619363142,1932333.49
Total_US,4/11/21 0:00,Organic,1.644323761,1906031.37
Total_US,4/18/21 0:00,Organic,1.642447519,1995484.55
Total_US,4/25/21 0:00,Organic,1.679376075,2010721.26
Total_US,5/2/21 0:00,Organic,1.57204522,2287155.17
Total_US,5/9/21 0:00,Organic,1.600883287,2226780.87
Total_US,5/16/21 0:00,Organic,1.656050674,1908656.65
Total_US,5/23/21 0:00,Organic,1.592191826,1997183.22
Total_US,5/30/21 0:00,Organic,1.661979601,1879040.61
Total_US,6/6/21 0:00,Organic,1.692039575,1859184.75
Total_US,6/13/21 0:00,Organic,1.670301158,1888911.07
Total_US,6/20/21 0:00,Organic,1.606033671,1651339.05
Total_US,6/27/21 0:00,Organic,1.667801825,1480525.39
Total_US,7/4/21 0:00,Organic,1.685224046,1526479.73
Total_US,7/11/21 0:00,Organic,1.703521047,1315839.23
Total_US,7/18/21 0:00,Organic,1.738857319,1623763.3
Total_US,7/25/21 0:00,Organic,1.710694321,1678298.83
Total_US,8/1/21 0:00,Organic,1.777768912,1566616.86
Total_US,8/8/21 0:00,Organic,1.776774927,1602296.92
Total_US,8/15/21 0:00,Organic,1.750234076,1620030.91
Total_US,8/22/21 0:00,Organic,1.737436463,1670037.7
Total_US,8/29/21 0:00,Organic,1.725045252,1731461.02
Total_US,9/5/21 0:00,Organic,1.712430298,1793420.97
Total_US,9/12/21 0:00,Organic,1.718751713,1759415.5
Total_US,9/19/21 0:00,Organic,1.773615866,1672017.05
Total_US,9/26/21 0:00,Organic,1.698747443,1632397.45
Total_US,10/3/21 0:00,Organic,1.655151425,1701955.25
Total_US,10/10/21 0:00,Organic,1.630560031,1729643.97
Total_US,10/17/21 0:00,Organic,1.662926325,1704981.46
Total_US,10/24/21 0:00,Organic,1.627742106,1770265.59
Total_US,10/31/21 0:00,Organic,1.570800003,1928661.59
Total_US,11/7/21 0:00,Organic,1.625219448,1804641.37
Total_US,11/14/21 0:00,Organic,1.589173323,1801489.18
Total_US,11/21/21 0:00,Organic,1.605972827,1731782.52
Total_US,11/28/21 0:00,Organic,1.624899649,1540492.33
Total_US,1/3/22 0:00,Organic,1.571302246,1987395.13
Total_US,1/9/22 0:00,Organic,1.528190877,2233080.32
Total_US,1/16/22 0:00,Organic,1.566260346,2205369.47
Total_US,1/23/22 0:00,Organic,1.554277835,2176556.99
Total_US,1/30/22 0:00,Organic,1.569661128,2193923.83
Total_US,2/6/22 0:00,Organic,1.625537195,2046824.98
Total_US,2/13/22 0:00,Organic,1.609026768,1994898.3
Total_US,2/20/22 0:00,Organic,1.651833399,1904817.63
Total_US,2/27/22 0:00,Organic,1.623449209,2022966.5
Total_US,3/6/22 0:00,Organic,1.680935566,1867890.87
Total_US,3/13/22 0:00,Organic,1.713889435,2031615.67
Total_US,3/20/22 0:00,Organic,1.706365205,1999143.1
Total_US,3/27/22 0:00,Organic,1.712727224,2062180.86
Total_US,4/3/22 0:00,Organic,1.70100414,2180929.28
Total_US,4/10/22 0:00,Organic,1.734692454,2135495.11
Total_US,4/17/22 0:00,Organic,1.774313713,2073388.73
Total_US,4/24/22 0:00,Organic,1.779385322,1882711.66
Total_US,5/1/22 0:00,Organic,1.831782641,1756052.19
Total_US,5/8/22 0:00,Organic,1.789810948,2005932.78
Total_US,5/15/22 0:00,Organic,1.828767775,1964298.31
